Component: Arm Compiler for Embedded 6.21 Tool: armlink [5ec1fa00]

==============================================================================

Section Cross References

    main.o(.text.main) refers to main.o(.text.SystemInit) for SystemInit
    main.o(.text.main) refers to main.o(.text.DelayMs) for DelayMs
    main.o(.text.main) refers to main.o(.bss.CurrentState) for CurrentState
    main.o(.text.main) refers to uart0.o(.text.UART0_OutCRLF) for UART0_OutCRLF
    main.o(.text.main) refers to main.o(.rodata.str1.1) for .L.str
    main.o(.text.main) refers to uart0.o(.text.UART0_OutString) for UART0_OutString
    main.o(.text.main) refers to uart0.o(.text.UART0_InChar) for UART0_InChar
    main.o(.text.main) refers to main.o(.bss.USERINPUT) for USERINPUT
    main.o(.text.main) refers to uart0.o(.text.UART0_OutChar) for UART0_OutChar
    main.o(.text.main) refers to main.o(.text.LedColor) for LedColor
    main.o(.text.main) refers to uart0.o(.text.UART0_InUDec) for UART0_InUDec
    main.o(.text.main) refers to main.o(.text.LedBrightness) for LedBrightness
    main.o(.text.main) refers to main.o(.bss.WheelColor) for WheelColor
    main.o(.text.main) refers to main.o(.bss.SENDCOLOR) for SENDCOLOR
    main.o(.text.main) refers to uart4.o(.text.UART4_OutChar) for UART4_OutChar
    main.o(.text.main) refers to portf.o(.text.PortF_SetRGB) for PortF_SetRGB
    main.o(.text.main) refers to uart4.o(.text.UART4_InChar) for UART4_InChar
    main.o(.text.main) refers to main.o(.bss.mcu2Reply) for mcu2Reply
    main.o(.text.main) refers to main.o(.text.Mode2Listen) for Mode2Listen
    main.o(.ARM.exidx.text.main) refers to main.o(.text.main) for [Anonymous Symbol]
    main.o(.text.SystemInit) refers to pll.o(.text.PLL_Init) for PLL_Init
    main.o(.text.SystemInit) refers to portf.o(.text.PortF_Init) for PortF_Init
    main.o(.text.SystemInit) refers to uart0.o(.text.UART0_Init) for UART0_Init
    main.o(.text.SystemInit) refers to uart4.o(.text.UART4_Init) for UART4_Init
    main.o(.ARM.exidx.text.SystemInit) refers to main.o(.text.SystemInit) for [Anonymous Symbol]
    main.o(.ARM.exidx.text.DelayMs) refers to main.o(.text.DelayMs) for [Anonymous Symbol]
    main.o(.text.LedColor) refers to main.o(.bss.currentColor) for currentColor
    main.o(.text.LedColor) refers to portf.o(.text.PortF_SetRGB) for PortF_SetRGB
    main.o(.text.LedColor) refers to main.o(.rodata.str1.1) for .L.str.31
    main.o(.text.LedColor) refers to uart0.o(.text.UART0_OutString) for UART0_OutString
    main.o(.ARM.exidx.text.LedColor) refers to main.o(.text.LedColor) for [Anonymous Symbol]
    main.o(.text.LedBrightness) refers to main.o(.bss.currentColor) for currentColor
    main.o(.text.LedBrightness) refers to portf.o(.text.PortF_SetRGB) for PortF_SetRGB
    main.o(.text.LedBrightness) refers to main.o(.rodata.str1.1) for .L.str.40
    main.o(.text.LedBrightness) refers to uart0.o(.text.UART0_OutString) for UART0_OutString
    main.o(.text.LedBrightness) refers to uart0.o(.text.UART0_OutUDec) for UART0_OutUDec
    main.o(.ARM.exidx.text.LedBrightness) refers to main.o(.text.LedBrightness) for [Anonymous Symbol]
    main.o(.text.Mode2Listen) refers to portf.o(.text.PortF_SetRGB) for PortF_SetRGB
    main.o(.ARM.exidx.text.Mode2Listen) refers to main.o(.text.Mode2Listen) for [Anonymous Symbol]
    main.o(.text.GPIOPortF_Handler) refers to main.o(.text.DelayMs) for DelayMs
    main.o(.text.GPIOPortF_Handler) refers to main.o(.bss.SENDCOLOR) for SENDCOLOR
    main.o(.text.GPIOPortF_Handler) refers to main.o(.bss.WheelColor) for WheelColor
    main.o(.ARM.exidx.text.GPIOPortF_Handler) refers to main.o(.text.GPIOPortF_Handler) for [Anonymous Symbol]
    startup.o(STACK) refers (Special) to heapauxi.o(.text) for __use_two_region_memory
    startup.o(HEAP) refers (Special) to heapauxi.o(.text) for __use_two_region_memory
    startup.o(RESET) refers (Special) to heapauxi.o(.text) for __use_two_region_memory
    startup.o(RESET) refers to startup.o(STACK) for StackMem
    startup.o(RESET) refers to uart0.o(.text.UART0_Handler) for UART0_Handler
    startup.o(RESET) refers to main.o(.text.GPIOPortF_Handler) for GPIOPortF_Handler
    startup.o(RESET) refers to uart4.o(.text.UART4_Handler) for UART4_Handler
    startup.o(RESET) refers to __main.o(!!!main) for __main
    startup.o(.text) refers (Special) to heapauxi.o(.text) for __use_two_region_memory
    startup.o(.text) refers to startup.o(HEAP) for HeapMem
    startup.o(.text) refers to startup.o(STACK) for StackMem
    pll.o(.ARM.exidx.text.PLL_Init) refers to pll.o(.text.PLL_Init) for [Anonymous Symbol]
    portf.o(.ARM.exidx.text.PortF_Init) refers to portf.o(.text.PortF_Init) for [Anonymous Symbol]
    portf.o(.ARM.exidx.text.PortF_SetRGB) refers to portf.o(.text.PortF_SetRGB) for [Anonymous Symbol]
    uart0.o(.ARM.exidx.text.rb0_Init) refers to uart0.o(.text.rb0_Init) for [Anonymous Symbol]
    uart0.o(.ARM.exidx.text.rb0_Empty) refers to uart0.o(.text.rb0_Empty) for [Anonymous Symbol]
    uart0.o(.ARM.exidx.text.rb0_Full) refers to uart0.o(.text.rb0_Full) for [Anonymous Symbol]
    uart0.o(.ARM.exidx.text.rb0_Put) refers to uart0.o(.text.rb0_Put) for [Anonymous Symbol]
    uart0.o(.text.rb0_Get) refers to uart0.o(.text.rb0_Empty) for rb0_Empty
    uart0.o(.ARM.exidx.text.rb0_Get) refers to uart0.o(.text.rb0_Get) for [Anonymous Symbol]
    uart0.o(.text.UART0_Init) refers to uart0.o(.bss.UART0_RxRB) for UART0_RxRB
    uart0.o(.text.UART0_Init) refers to uart0.o(.text.rb0_Init) for rb0_Init
    uart0.o(.ARM.exidx.text.UART0_Init) refers to uart0.o(.text.UART0_Init) for [Anonymous Symbol]
    uart0.o(.text.UART0_Available) refers to uart0.o(.bss.UART0_RxRB) for UART0_RxRB
    uart0.o(.text.UART0_Available) refers to uart0.o(.text.rb0_Empty) for rb0_Empty
    uart0.o(.ARM.exidx.text.UART0_Available) refers to uart0.o(.text.UART0_Available) for [Anonymous Symbol]
    uart0.o(.text.UART0_InChar) refers to uart0.o(.bss.UART0_RxRB) for UART0_RxRB
    uart0.o(.text.UART0_InChar) refers to uart0.o(.text.rb0_Get) for rb0_Get
    uart0.o(.ARM.exidx.text.UART0_InChar) refers to uart0.o(.text.UART0_InChar) for [Anonymous Symbol]
    uart0.o(.ARM.exidx.text.UART0_OutChar) refers to uart0.o(.text.UART0_OutChar) for [Anonymous Symbol]
    uart0.o(.text.UART0_OutString) refers to uart0.o(.text.UART0_OutChar) for UART0_OutChar
    uart0.o(.ARM.exidx.text.UART0_OutString) refers to uart0.o(.text.UART0_OutString) for [Anonymous Symbol]
    uart0.o(.text.UART0_InString) refers to uart0.o(.text.UART0_InChar) for UART0_InChar
    uart0.o(.text.UART0_InString) refers to uart0.o(.text.UART0_OutChar) for UART0_OutChar
    uart0.o(.ARM.exidx.text.UART0_InString) refers to uart0.o(.text.UART0_InString) for [Anonymous Symbol]
    uart0.o(.text.UART0_InUDec) refers to uart0.o(.text.UART0_InChar) for UART0_InChar
    uart0.o(.text.UART0_InUDec) refers to uart0.o(.text.UART0_OutChar) for UART0_OutChar
    uart0.o(.ARM.exidx.text.UART0_InUDec) refers to uart0.o(.text.UART0_InUDec) for [Anonymous Symbol]
    uart0.o(.text.UART0_OutUDec) refers to uart0.o(.text.UART0_OutChar) for UART0_OutChar
    uart0.o(.ARM.exidx.text.UART0_OutUDec) refers to uart0.o(.text.UART0_OutUDec) for [Anonymous Symbol]
    uart0.o(.text.UART0_OutCRLF) refers to uart0.o(.text.UART0_OutChar) for UART0_OutChar
    uart0.o(.ARM.exidx.text.UART0_OutCRLF) refers to uart0.o(.text.UART0_OutCRLF) for [Anonymous Symbol]
    uart0.o(.text.UART0_Handler) refers to main.o(.bss.CurrentState) for CurrentState
    uart0.o(.text.UART0_Handler) refers to uart0.o(.bss.UART0_RxRB) for UART0_RxRB
    uart0.o(.text.UART0_Handler) refers to uart0.o(.text.rb0_Put) for rb0_Put
    uart0.o(.ARM.exidx.text.UART0_Handler) refers to uart0.o(.text.UART0_Handler) for [Anonymous Symbol]
    uart4.o(.ARM.exidx.text.rb4_Init) refers to uart4.o(.text.rb4_Init) for [Anonymous Symbol]
    uart4.o(.ARM.exidx.text.rb4_Empty) refers to uart4.o(.text.rb4_Empty) for [Anonymous Symbol]
    uart4.o(.ARM.exidx.text.rb4_Full) refers to uart4.o(.text.rb4_Full) for [Anonymous Symbol]
    uart4.o(.ARM.exidx.text.rb4_Put) refers to uart4.o(.text.rb4_Put) for [Anonymous Symbol]
    uart4.o(.text.rb4_Get) refers to uart4.o(.text.rb4_Empty) for rb4_Empty
    uart4.o(.ARM.exidx.text.rb4_Get) refers to uart4.o(.text.rb4_Get) for [Anonymous Symbol]
    uart4.o(.text.UART4_Init) refers to uart4.o(.bss.UART4_RxRB) for UART4_RxRB
    uart4.o(.text.UART4_Init) refers to uart4.o(.text.rb4_Init) for rb4_Init
    uart4.o(.ARM.exidx.text.UART4_Init) refers to uart4.o(.text.UART4_Init) for [Anonymous Symbol]
    uart4.o(.text.UART4_Available) refers to uart4.o(.bss.UART4_RxRB) for UART4_RxRB
    uart4.o(.text.UART4_Available) refers to uart4.o(.text.rb4_Empty) for rb4_Empty
    uart4.o(.ARM.exidx.text.UART4_Available) refers to uart4.o(.text.UART4_Available) for [Anonymous Symbol]
    uart4.o(.text.UART4_InChar) refers to uart4.o(.bss.UART4_RxRB) for UART4_RxRB
    uart4.o(.text.UART4_InChar) refers to uart4.o(.text.rb4_Get) for rb4_Get
    uart4.o(.ARM.exidx.text.UART4_InChar) refers to uart4.o(.text.UART4_InChar) for [Anonymous Symbol]
    uart4.o(.ARM.exidx.text.UART4_OutChar) refers to uart4.o(.text.UART4_OutChar) for [Anonymous Symbol]
    uart4.o(.text.UART4_OutString) refers to uart4.o(.text.UART4_OutChar) for UART4_OutChar
    uart4.o(.ARM.exidx.text.UART4_OutString) refers to uart4.o(.text.UART4_OutString) for [Anonymous Symbol]
    uart4.o(.text.UART4_InString) refers to uart4.o(.text.UART4_InChar) for UART4_InChar
    uart4.o(.text.UART4_InString) refers to uart4.o(.text.UART4_OutChar) for UART4_OutChar
    uart4.o(.ARM.exidx.text.UART4_InString) refers to uart4.o(.text.UART4_InString) for [Anonymous Symbol]
    uart4.o(.text.UART4_InUDec) refers to uart4.o(.text.UART4_InChar) for UART4_InChar
    uart4.o(.text.UART4_InUDec) refers to uart4.o(.text.UART4_OutChar) for UART4_OutChar
    uart4.o(.ARM.exidx.text.UART4_InUDec) refers to uart4.o(.text.UART4_InUDec) for [Anonymous Symbol]
    uart4.o(.text.UART4_OutUDec) refers to uart4.o(.text.UART4_OutChar) for UART4_OutChar
    uart4.o(.ARM.exidx.text.UART4_OutUDec) refers to uart4.o(.text.UART4_OutUDec) for [Anonymous Symbol]
    uart4.o(.text.UART4_OutCRLF) refers to uart4.o(.text.UART4_OutChar) for UART4_OutChar
    uart4.o(.ARM.exidx.text.UART4_OutCRLF) refers to uart4.o(.text.UART4_OutCRLF) for [Anonymous Symbol]
    uart4.o(.text.UART4_Handler) refers to uart4.o(.bss.UART4_RxRB) for UART4_RxRB
    uart4.o(.text.UART4_Handler) refers to uart4.o(.text.rb4_Put) for rb4_Put
    uart4.o(.ARM.exidx.text.UART4_Handler) refers to uart4.o(.text.UART4_Handler) for [Anonymous Symbol]
    __main.o(!!!main) refers to __rtentry.o(.ARM.Collect$$rtentry$$00000000) for __rt_entry
    __rtentry.o(.ARM.Collect$$rtentry$$00000000) refers (Special) to __rtentry2.o(.ARM.Collect$$rtentry$$0000000A) for __rt_entry_li
    __rtentry.o(.ARM.Collect$$rtentry$$00000000) refers (Special) to __rtentry2.o(.ARM.Collect$$rtentry$$0000000D) for __rt_entry_main
    __rtentry.o(.ARM.Collect$$rtentry$$00000000) refers (Special) to __rtentry2.o(.ARM.Collect$$rtentry$$0000000C) for __rt_entry_postli_1
    __rtentry.o(.ARM.Collect$$rtentry$$00000000) refers (Special) to __rtentry2.o(.ARM.Collect$$rtentry$$00000009) for __rt_entry_postsh_1
    __rtentry.o(.ARM.Collect$$rtentry$$00000000) refers (Special) to __rtentry2.o(.ARM.Collect$$rtentry$$00000002) for __rt_entry_presh_1
    __rtentry.o(.ARM.Collect$$rtentry$$00000000) refers (Special) to __rtentry4.o(.ARM.Collect$$rtentry$$00000004) for __rt_entry_sh
    __rtentry2.o(.ARM.Collect$$rtentry$$00000008) refers to boardinit2.o(.text) for _platform_post_stackheap_init
    __rtentry2.o(.ARM.Collect$$rtentry$$0000000A) refers to libinit.o(.ARM.Collect$$libinit$$00000000) for __rt_lib_init
    __rtentry2.o(.ARM.Collect$$rtentry$$0000000B) refers to boardinit3.o(.text) for _platform_post_lib_init
    __rtentry2.o(.ARM.Collect$$rtentry$$0000000D) refers to main.o(.text.main) for main
    __rtentry2.o(.ARM.Collect$$rtentry$$0000000D) refers to exit.o(.text) for exit
    __rtentry2.o(.ARM.exidx) refers to __rtentry2.o(.ARM.Collect$$rtentry$$00000001) for .ARM.Collect$$rtentry$$00000001
    __rtentry2.o(.ARM.exidx) refers to __rtentry2.o(.ARM.Collect$$rtentry$$00000008) for .ARM.Collect$$rtentry$$00000008
    __rtentry2.o(.ARM.exidx) refers to __rtentry2.o(.ARM.Collect$$rtentry$$0000000A) for .ARM.Collect$$rtentry$$0000000A
    __rtentry2.o(.ARM.exidx) refers to __rtentry2.o(.ARM.Collect$$rtentry$$0000000B) for .ARM.Collect$$rtentry$$0000000B
    __rtentry2.o(.ARM.exidx) refers to __rtentry2.o(.ARM.Collect$$rtentry$$0000000D) for .ARM.Collect$$rtentry$$0000000D
    __rtentry4.o(.ARM.Collect$$rtentry$$00000004) refers to sys_stackheap_outer.o(.text) for __user_setup_stackheap
    __rtentry4.o(.ARM.exidx) refers to __rtentry4.o(.ARM.Collect$$rtentry$$00000004) for .ARM.Collect$$rtentry$$00000004
    sys_stackheap_outer.o(.text) refers to libspace.o(.text) for __user_perproc_libspace
    sys_stackheap_outer.o(.text) refers to startup.o(.text) for __user_initial_stackheap
    exit.o(.text) refers to rtexit.o(.ARM.Collect$$rtexit$$00000000) for __rt_exit
    libinit.o(.ARM.Collect$$libinit$$00000000) refers (Special) to libinit2.o(.ARM.Collect$$libinit$$00000030) for __rt_lib_init_alloca_1
    libinit.o(.ARM.Collect$$libinit$$00000000) refers (Special) to libinit2.o(.ARM.Collect$$libinit$$0000002E) for __rt_lib_init_argv_1
    libinit.o(.ARM.Collect$$libinit$$00000000) refers (Special) to libinit2.o(.ARM.Collect$$libinit$$0000001D) for __rt_lib_init_atexit_1
    libinit.o(.ARM.Collect$$libinit$$00000000) refers (Special) to libinit2.o(.ARM.Collect$$libinit$$00000023) for __rt_lib_init_clock_1
    libinit.o(.ARM.Collect$$libinit$$00000000) refers (Special) to libinit2.o(.ARM.Collect$$libinit$$00000034) for __rt_lib_init_cpp_1
    libinit.o(.ARM.Collect$$libinit$$00000000) refers (Special) to libinit2.o(.ARM.Collect$$libinit$$00000032) for __rt_lib_init_exceptions_1
    libinit.o(.ARM.Collect$$libinit$$00000000) refers (Special) to libinit2.o(.ARM.Collect$$libinit$$00000002) for __rt_lib_init_fp_1
    libinit.o(.ARM.Collect$$libinit$$00000000) refers (Special) to libinit2.o(.ARM.Collect$$libinit$$00000021) for __rt_lib_init_fp_trap_1
    libinit.o(.ARM.Collect$$libinit$$00000000) refers (Special) to libinit2.o(.ARM.Collect$$libinit$$00000025) for __rt_lib_init_getenv_1
    libinit.o(.ARM.Collect$$libinit$$00000000) refers (Special) to libinit2.o(.ARM.Collect$$libinit$$0000000C) for __rt_lib_init_heap_1
    libinit.o(.ARM.Collect$$libinit$$00000000) refers (Special) to libinit2.o(.ARM.Collect$$libinit$$00000013) for __rt_lib_init_lc_collate_1
    libinit.o(.ARM.Collect$$libinit$$00000000) refers (Special) to libinit2.o(.ARM.Collect$$libinit$$00000015) for __rt_lib_init_lc_ctype_1
    libinit.o(.ARM.Collect$$libinit$$00000000) refers (Special) to libinit2.o(.ARM.Collect$$libinit$$00000017) for __rt_lib_init_lc_monetary_1
    libinit.o(.ARM.Collect$$libinit$$00000000) refers (Special) to libinit2.o(.ARM.Collect$$libinit$$00000019) for __rt_lib_init_lc_numeric_1
    libinit.o(.ARM.Collect$$libinit$$00000000) refers (Special) to libinit2.o(.ARM.Collect$$libinit$$0000001B) for __rt_lib_init_lc_time_1
    libinit.o(.ARM.Collect$$libinit$$00000000) refers (Special) to libinit2.o(.ARM.Collect$$libinit$$00000006) for __rt_lib_init_preinit_1
    libinit.o(.ARM.Collect$$libinit$$00000000) refers (Special) to libinit2.o(.ARM.Collect$$libinit$$00000010) for __rt_lib_init_rand_1
    libinit.o(.ARM.Collect$$libinit$$00000000) refers (Special) to libinit2.o(.ARM.Collect$$libinit$$00000004) for __rt_lib_init_relocate_pie_1
    libinit.o(.ARM.Collect$$libinit$$00000000) refers (Special) to libinit2.o(.ARM.Collect$$libinit$$00000035) for __rt_lib_init_return
    libinit.o(.ARM.Collect$$libinit$$00000000) refers (Special) to libinit2.o(.ARM.Collect$$libinit$$0000001F) for __rt_lib_init_signal_1
    libinit.o(.ARM.Collect$$libinit$$00000000) refers (Special) to libinit2.o(.ARM.Collect$$libinit$$00000027) for __rt_lib_init_stdio_1
    libinit.o(.ARM.Collect$$libinit$$00000000) refers (Special) to libinit2.o(.ARM.Collect$$libinit$$0000000E) for __rt_lib_init_user_alloc_1
    libspace.o(.text) refers to libspace.o(.bss) for __libspace_start
    rtexit.o(.ARM.Collect$$rtexit$$00000000) refers (Special) to rtexit2.o(.ARM.Collect$$rtexit$$00000004) for __rt_exit_exit
    rtexit.o(.ARM.Collect$$rtexit$$00000000) refers (Special) to rtexit2.o(.ARM.Collect$$rtexit$$00000003) for __rt_exit_ls
    rtexit.o(.ARM.Collect$$rtexit$$00000000) refers (Special) to rtexit2.o(.ARM.Collect$$rtexit$$00000002) for __rt_exit_prels_1
    rtexit.o(.ARM.exidx) refers (Special) to rtexit2.o(.ARM.Collect$$rtexit$$00000004) for __rt_exit_exit
    rtexit.o(.ARM.exidx) refers (Special) to rtexit2.o(.ARM.Collect$$rtexit$$00000003) for __rt_exit_ls
    rtexit.o(.ARM.exidx) refers (Special) to rtexit2.o(.ARM.Collect$$rtexit$$00000002) for __rt_exit_prels_1
    rtexit.o(.ARM.exidx) refers to rtexit.o(.ARM.Collect$$rtexit$$00000000) for .ARM.Collect$$rtexit$$00000000
    libinit2.o(.ARM.Collect$$libinit$$00000012) refers to libinit2.o(.ARM.Collect$$libinit$$00000011) for .ARM.Collect$$libinit$$00000011
    libinit2.o(.ARM.Collect$$libinit$$00000014) refers to libinit2.o(.ARM.Collect$$libinit$$00000011) for .ARM.Collect$$libinit$$00000011
    libinit2.o(.ARM.Collect$$libinit$$00000016) refers to libinit2.o(.ARM.Collect$$libinit$$00000011) for .ARM.Collect$$libinit$$00000011
    libinit2.o(.ARM.Collect$$libinit$$00000018) refers to libinit2.o(.ARM.Collect$$libinit$$00000011) for .ARM.Collect$$libinit$$00000011
    libinit2.o(.ARM.Collect$$libinit$$0000001A) refers to libinit2.o(.ARM.Collect$$libinit$$00000011) for .ARM.Collect$$libinit$$00000011
    libinit2.o(.ARM.Collect$$libinit$$00000028) refers to argv_veneer.o(.emb_text) for __ARM_argv_veneer
    libinit2.o(.ARM.Collect$$libinit$$00000029) refers to argv_veneer.o(.emb_text) for __ARM_argv_veneer
    rtexit2.o(.ARM.Collect$$rtexit$$00000003) refers to libshutdown.o(.ARM.Collect$$libshutdown$$00000000) for __rt_lib_shutdown
    rtexit2.o(.ARM.Collect$$rtexit$$00000004) refers to sys_exit.o(.text) for _sys_exit
    rtexit2.o(.ARM.exidx) refers to rtexit2.o(.ARM.Collect$$rtexit$$00000001) for .ARM.Collect$$rtexit$$00000001
    rtexit2.o(.ARM.exidx) refers to rtexit2.o(.ARM.Collect$$rtexit$$00000003) for .ARM.Collect$$rtexit$$00000003
    rtexit2.o(.ARM.exidx) refers to rtexit2.o(.ARM.Collect$$rtexit$$00000004) for .ARM.Collect$$rtexit$$00000004
    argv_veneer.o(.emb_text) refers to no_argv.o(.text) for __ARM_get_argv
    sys_exit.o(.text) refers (Special) to use_no_semi.o(.text) for __I$use$semihosting
    sys_exit.o(.text) refers (Special) to indicate_semi.o(.text) for __semihosting_library_function
    sys_exit_hlt.o(.text) refers (Special) to use_no_semi.o(.text) for __I$use$semihosting
    sys_exit_hlt.o(.text) refers (Special) to indicate_semi.o(.text) for __semihosting_library_function
    _get_argv_nomalloc.o(.text) refers (Special) to hrguard.o(.text) for __heap_region$guard
    _get_argv_nomalloc.o(.text) refers to defsig_rtmem_outer.o(.text) for __rt_SIGRTMEM
    _get_argv_nomalloc.o(.text) refers to sys_command.o(.text) for _sys_command_string
    libshutdown.o(.ARM.Collect$$libshutdown$$00000000) refers (Special) to libshutdown2.o(.ARM.Collect$$libshutdown$$00000002) for __rt_lib_shutdown_cpp_1
    libshutdown.o(.ARM.Collect$$libshutdown$$00000000) refers (Special) to libshutdown2.o(.ARM.Collect$$libshutdown$$00000007) for __rt_lib_shutdown_fp_trap_1
    libshutdown.o(.ARM.Collect$$libshutdown$$00000000) refers (Special) to libshutdown2.o(.ARM.Collect$$libshutdown$$0000000F) for __rt_lib_shutdown_heap_1
    libshutdown.o(.ARM.Collect$$libshutdown$$00000000) refers (Special) to libshutdown2.o(.ARM.Collect$$libshutdown$$00000010) for __rt_lib_shutdown_return
    libshutdown.o(.ARM.Collect$$libshutdown$$00000000) refers (Special) to libshutdown2.o(.ARM.Collect$$libshutdown$$0000000A) for __rt_lib_shutdown_signal_1
    libshutdown.o(.ARM.Collect$$libshutdown$$00000000) refers (Special) to libshutdown2.o(.ARM.Collect$$libshutdown$$00000004) for __rt_lib_shutdown_stdio_1
    libshutdown.o(.ARM.Collect$$libshutdown$$00000000) refers (Special) to libshutdown2.o(.ARM.Collect$$libshutdown$$0000000C) for __rt_lib_shutdown_user_alloc_1
    sys_command.o(.text) refers (Special) to use_no_semi.o(.text) for __I$use$semihosting
    sys_command.o(.text) refers (Special) to indicate_semi.o(.text) for __semihosting_library_function
    sys_command_hlt.o(.text) refers (Special) to use_no_semi.o(.text) for __I$use$semihosting
    sys_command_hlt.o(.text) refers (Special) to indicate_semi.o(.text) for __semihosting_library_function
    defsig_rtmem_outer.o(.text) refers to defsig_rtmem_inner.o(.text) for __rt_SIGRTMEM_inner
    defsig_rtmem_outer.o(.text) refers to defsig_exit.o(.text) for __sig_exit
    defsig_rtmem_formal.o(.text) refers to rt_raise.o(.text) for __rt_raise
    rt_raise.o(.text) refers to __raise.o(.text) for __raise
    rt_raise.o(.text) refers to sys_exit.o(.text) for _sys_exit
    defsig_exit.o(.text) refers to sys_exit.o(.text) for _sys_exit
    defsig_rtmem_inner.o(.text) refers to defsig_general.o(.text) for __default_signal_display
    __raise.o(.text) refers to defsig.o(CL$$defsig) for __default_signal_handler
    defsig_general.o(.text) refers to sys_wrch.o(.text) for _ttywrch
    sys_wrch.o(.text) refers (Special) to use_no_semi.o(.text) for __I$use$semihosting
    sys_wrch.o(.text) refers (Special) to indicate_semi.o(.text) for __semihosting_library_function
    sys_wrch_hlt.o(.text) refers (Special) to use_no_semi.o(.text) for __I$use$semihosting
    sys_wrch_hlt.o(.text) refers (Special) to indicate_semi.o(.text) for __semihosting_library_function
    defsig.o(CL$$defsig) refers to defsig_rtmem_inner.o(.text) for __rt_SIGRTMEM_inner
    defsig_abrt_inner.o(.text) refers to defsig_general.o(.text) for __default_signal_display
    defsig_fpe_inner.o(.text) refers to defsig_general.o(.text) for __default_signal_display
    defsig_rtred_inner.o(.text) refers to defsig_general.o(.text) for __default_signal_display
    defsig_stak_inner.o(.text) refers to defsig_general.o(.text) for __default_signal_display
    defsig_pvfn_inner.o(.text) refers to defsig_general.o(.text) for __default_signal_display
    defsig_cppl_inner.o(.text) refers to defsig_general.o(.text) for __default_signal_display
    defsig_segv_inner.o(.text) refers to defsig_general.o(.text) for __default_signal_display
    defsig_other.o(.text) refers to defsig_general.o(.text) for __default_signal_display


==============================================================================

Removing Unused input sections from the image.

    Removing main.o(.text), (0 bytes).
    Removing main.o(.ARM.exidx.text.main), (8 bytes).
    Removing main.o(.ARM.exidx.text.SystemInit), (8 bytes).
    Removing main.o(.ARM.exidx.text.DelayMs), (8 bytes).
    Removing main.o(.ARM.exidx.text.LedColor), (8 bytes).
    Removing main.o(.ARM.exidx.text.LedBrightness), (8 bytes).
    Removing main.o(.ARM.exidx.text.Mode2Listen), (8 bytes).
    Removing main.o(.ARM.exidx.text.GPIOPortF_Handler), (8 bytes).
    Removing main.o(.bss.ColorWheelSelected), (1 bytes).
    Removing main.o(.bss.mode), (1 bytes).
    Removing main.o(.ARM.use_no_argv), (4 bytes).
    Removing pll.o(.text), (0 bytes).
    Removing pll.o(.ARM.exidx.text.PLL_Init), (8 bytes).
    Removing portf.o(.text), (0 bytes).
    Removing portf.o(.ARM.exidx.text.PortF_Init), (8 bytes).
    Removing portf.o(.ARM.exidx.text.PortF_SetRGB), (8 bytes).
    Removing moduletest.o(.text), (0 bytes).
    Removing uart0.o(.text), (0 bytes).
    Removing uart0.o(.ARM.exidx.text.rb0_Init), (8 bytes).
    Removing uart0.o(.ARM.exidx.text.rb0_Empty), (8 bytes).
    Removing uart0.o(.text.rb0_Full), (30 bytes).
    Removing uart0.o(.ARM.exidx.text.rb0_Full), (8 bytes).
    Removing uart0.o(.ARM.exidx.text.rb0_Put), (8 bytes).
    Removing uart0.o(.ARM.exidx.text.rb0_Get), (8 bytes).
    Removing uart0.o(.ARM.exidx.text.UART0_Init), (8 bytes).
    Removing uart0.o(.text.UART0_Available), (20 bytes).
    Removing uart0.o(.ARM.exidx.text.UART0_Available), (8 bytes).
    Removing uart0.o(.ARM.exidx.text.UART0_InChar), (8 bytes).
    Removing uart0.o(.ARM.exidx.text.UART0_OutChar), (8 bytes).
    Removing uart0.o(.ARM.exidx.text.UART0_OutString), (8 bytes).
    Removing uart0.o(.text.UART0_InString), (138 bytes).
    Removing uart0.o(.ARM.exidx.text.UART0_InString), (8 bytes).
    Removing uart0.o(.ARM.exidx.text.UART0_InUDec), (8 bytes).
    Removing uart0.o(.ARM.exidx.text.UART0_OutUDec), (8 bytes).
    Removing uart0.o(.ARM.exidx.text.UART0_OutCRLF), (8 bytes).
    Removing uart0.o(.ARM.exidx.text.UART0_Handler), (8 bytes).
    Removing uart4.o(.text), (0 bytes).
    Removing uart4.o(.ARM.exidx.text.rb4_Init), (8 bytes).
    Removing uart4.o(.ARM.exidx.text.rb4_Empty), (8 bytes).
    Removing uart4.o(.text.rb4_Full), (30 bytes).
    Removing uart4.o(.ARM.exidx.text.rb4_Full), (8 bytes).
    Removing uart4.o(.ARM.exidx.text.rb4_Put), (8 bytes).
    Removing uart4.o(.ARM.exidx.text.rb4_Get), (8 bytes).
    Removing uart4.o(.ARM.exidx.text.UART4_Init), (8 bytes).
    Removing uart4.o(.text.UART4_Available), (20 bytes).
    Removing uart4.o(.ARM.exidx.text.UART4_Available), (8 bytes).
    Removing uart4.o(.ARM.exidx.text.UART4_InChar), (8 bytes).
    Removing uart4.o(.ARM.exidx.text.UART4_OutChar), (8 bytes).
    Removing uart4.o(.text.UART4_OutString), (36 bytes).
    Removing uart4.o(.ARM.exidx.text.UART4_OutString), (8 bytes).
    Removing uart4.o(.text.UART4_InString), (138 bytes).
    Removing uart4.o(.ARM.exidx.text.UART4_InString), (8 bytes).
    Removing uart4.o(.text.UART4_InUDec), (152 bytes).
    Removing uart4.o(.ARM.exidx.text.UART4_InUDec), (8 bytes).
    Removing uart4.o(.text.UART4_OutUDec), (72 bytes).
    Removing uart4.o(.ARM.exidx.text.UART4_OutUDec), (8 bytes).
    Removing uart4.o(.text.UART4_OutCRLF), (16 bytes).
    Removing uart4.o(.ARM.exidx.text.UART4_OutCRLF), (8 bytes).
    Removing uart4.o(.ARM.exidx.text.UART4_Handler), (8 bytes).

59 unused section(s) (total 978 bytes) removed from the image.

==============================================================================

Image Symbol Table

    Local Symbols

    Symbol Name                              Value     Ov Type        Size  Object(Section)

    ../Src/startup.s                         0x00000000   Number         0  startup.o ABSOLUTE
    ../clib/angel/boardlib.s                 0x00000000   Number         0  boardinit1.o ABSOLUTE
    ../clib/angel/boardlib.s                 0x00000000   Number         0  boardinit2.o ABSOLUTE
    ../clib/angel/boardlib.s                 0x00000000   Number         0  boardinit3.o ABSOLUTE
    ../clib/angel/boardlib.s                 0x00000000   Number         0  boardshut.o ABSOLUTE
    ../clib/angel/handlers.s                 0x00000000   Number         0  __scatter_zi.o ABSOLUTE
    ../clib/angel/kernel.s                   0x00000000   Number         0  __rtentry.o ABSOLUTE
    ../clib/angel/kernel.s                   0x00000000   Number         0  __rtentry2.o ABSOLUTE
    ../clib/angel/kernel.s                   0x00000000   Number         0  __rtentry4.o ABSOLUTE
    ../clib/angel/kernel.s                   0x00000000   Number         0  rtexit.o ABSOLUTE
    ../clib/angel/kernel.s                   0x00000000   Number         0  rtexit2.o ABSOLUTE
    ../clib/angel/rt.s                       0x00000000   Number         0  rt_raise.o ABSOLUTE
    ../clib/angel/scatter.s                  0x00000000   Number         0  __scatter.o ABSOLUTE
    ../clib/angel/startup.s                  0x00000000   Number         0  __main.o ABSOLUTE
    ../clib/angel/sys.s                      0x00000000   Number         0  sys_stackheap_outer.o ABSOLUTE
    ../clib/angel/sys.s                      0x00000000   Number         0  libspace.o ABSOLUTE
    ../clib/angel/sys.s                      0x00000000   Number         0  use_no_semi.o ABSOLUTE
    ../clib/angel/sys.s                      0x00000000   Number         0  indicate_semi.o ABSOLUTE
    ../clib/angel/sysapp.c                   0x00000000   Number         0  sys_exit.o ABSOLUTE
    ../clib/angel/sysapp.c                   0x00000000   Number         0  sys_exit_hlt.o ABSOLUTE
    ../clib/angel/sysapp.c                   0x00000000   Number         0  sys_command.o ABSOLUTE
    ../clib/angel/sysapp.c                   0x00000000   Number         0  sys_command_hlt.o ABSOLUTE
    ../clib/angel/sysapp.c                   0x00000000   Number         0  sys_wrch.o ABSOLUTE
    ../clib/angel/sysapp.c                   0x00000000   Number         0  sys_wrch_hlt.o ABSOLUTE
    ../clib/armsys.c                         0x00000000   Number         0  argv_veneer.o ABSOLUTE
    ../clib/armsys.c                         0x00000000   Number         0  argv_veneer.o ABSOLUTE
    ../clib/armsys.c                         0x00000000   Number         0  _get_argv_nomalloc.o ABSOLUTE
    ../clib/armsys.c                         0x00000000   Number         0  no_argv.o ABSOLUTE
    ../clib/heapalloc.c                      0x00000000   Number         0  hrguard.o ABSOLUTE
    ../clib/heapaux.c                        0x00000000   Number         0  heapauxi.o ABSOLUTE
    ../clib/libinit.s                        0x00000000   Number         0  libinit.o ABSOLUTE
    ../clib/libinit.s                        0x00000000   Number         0  libinit2.o ABSOLUTE
    ../clib/libinit.s                        0x00000000   Number         0  libshutdown.o ABSOLUTE
    ../clib/libinit.s                        0x00000000   Number         0  libshutdown2.o ABSOLUTE
    ../clib/signal.c                         0x00000000   Number         0  defsig_rtmem_outer.o ABSOLUTE
    ../clib/signal.c                         0x00000000   Number         0  defsig_rtmem_formal.o ABSOLUTE
    ../clib/signal.c                         0x00000000   Number         0  defsig_exit.o ABSOLUTE
    ../clib/signal.c                         0x00000000   Number         0  defsig_rtmem_inner.o ABSOLUTE
    ../clib/signal.c                         0x00000000   Number         0  __raise.o ABSOLUTE
    ../clib/signal.c                         0x00000000   Number         0  defsig_general.o ABSOLUTE
    ../clib/signal.c                         0x00000000   Number         0  defsig_abrt_inner.o ABSOLUTE
    ../clib/signal.c                         0x00000000   Number         0  defsig_fpe_inner.o ABSOLUTE
    ../clib/signal.c                         0x00000000   Number         0  defsig_rtred_inner.o ABSOLUTE
    ../clib/signal.c                         0x00000000   Number         0  defsig_stak_inner.o ABSOLUTE
    ../clib/signal.c                         0x00000000   Number         0  defsig_pvfn_inner.o ABSOLUTE
    ../clib/signal.c                         0x00000000   Number         0  defsig_cppl_inner.o ABSOLUTE
    ../clib/signal.c                         0x00000000   Number         0  defsig_segv_inner.o ABSOLUTE
    ../clib/signal.c                         0x00000000   Number         0  defsig_other.o ABSOLUTE
    ../clib/signal.s                         0x00000000   Number         0  defsig.o ABSOLUTE
    ../clib/stdlib.c                         0x00000000   Number         0  exit.o ABSOLUTE
    ../fplib/fpinit.s                        0x00000000   Number         0  fpinit.o ABSOLUTE
    ../fplib/fpinit_empty.s                  0x00000000   Number         0  fpinit_empty.o ABSOLUTE
    Main.c                                   0x00000000   Number         0  main.o ABSOLUTE
    ModuleTest.c                             0x00000000   Number         0  moduletest.o ABSOLUTE
    PLL.c                                    0x00000000   Number         0  pll.o ABSOLUTE
    PortF.c                                  0x00000000   Number         0  portf.o ABSOLUTE
    UART0.c                                  0x00000000   Number         0  uart0.o ABSOLUTE
    UART4.c                                  0x00000000   Number         0  uart4.o ABSOLUTE
    dc.s                                     0x00000000   Number         0  dc.o ABSOLUTE
    RESET                                    0x00000000   Section      644  startup.o(RESET)
    !!!main                                  0x00000284   Section        8  __main.o(!!!main)
    !!!scatter                               0x0000028c   Section       92  __scatter.o(!!!scatter)
    !!handler_null                           0x000002e8   Section        2  __scatter.o(!!handler_null)
    !!handler_zi                             0x000002ec   Section       28  __scatter_zi.o(!!handler_zi)
    .ARM.Collect$$libinit$$00000000          0x00000308   Section        2  libinit.o(.ARM.Collect$$libinit$$00000000)
    .ARM.Collect$$libinit$$00000002          0x0000030a   Section        0  libinit2.o(.ARM.Collect$$libinit$$00000002)
    .ARM.Collect$$libinit$$00000004          0x0000030a   Section        0  libinit2.o(.ARM.Collect$$libinit$$00000004)
    .ARM.Collect$$libinit$$00000006          0x0000030a   Section        0  libinit2.o(.ARM.Collect$$libinit$$00000006)
    .ARM.Collect$$libinit$$0000000C          0x0000030a   Section        0  libinit2.o(.ARM.Collect$$libinit$$0000000C)
    .ARM.Collect$$libinit$$0000000E          0x0000030a   Section        0  libinit2.o(.ARM.Collect$$libinit$$0000000E)
    .ARM.Collect$$libinit$$00000010          0x0000030a   Section        0  libinit2.o(.ARM.Collect$$libinit$$00000010)
    .ARM.Collect$$libinit$$00000013          0x0000030a   Section        0  libinit2.o(.ARM.Collect$$libinit$$00000013)
    .ARM.Collect$$libinit$$00000015          0x0000030a   Section        0  libinit2.o(.ARM.Collect$$libinit$$00000015)
    .ARM.Collect$$libinit$$00000017          0x0000030a   Section        0  libinit2.o(.ARM.Collect$$libinit$$00000017)
    .ARM.Collect$$libinit$$00000019          0x0000030a   Section        0  libinit2.o(.ARM.Collect$$libinit$$00000019)
    .ARM.Collect$$libinit$$0000001B          0x0000030a   Section        0  libinit2.o(.ARM.Collect$$libinit$$0000001B)
    .ARM.Collect$$libinit$$0000001D          0x0000030a   Section        0  libinit2.o(.ARM.Collect$$libinit$$0000001D)
    .ARM.Collect$$libinit$$0000001F          0x0000030a   Section        0  libinit2.o(.ARM.Collect$$libinit$$0000001F)
    .ARM.Collect$$libinit$$00000021          0x0000030a   Section        0  libinit2.o(.ARM.Collect$$libinit$$00000021)
    .ARM.Collect$$libinit$$00000023          0x0000030a   Section        0  libinit2.o(.ARM.Collect$$libinit$$00000023)
    .ARM.Collect$$libinit$$00000025          0x0000030a   Section        0  libinit2.o(.ARM.Collect$$libinit$$00000025)
    .ARM.Collect$$libinit$$00000027          0x0000030a   Section        0  libinit2.o(.ARM.Collect$$libinit$$00000027)
    .ARM.Collect$$libinit$$0000002E          0x0000030a   Section        0  libinit2.o(.ARM.Collect$$libinit$$0000002E)
    .ARM.Collect$$libinit$$00000030          0x0000030a   Section        0  libinit2.o(.ARM.Collect$$libinit$$00000030)
    .ARM.Collect$$libinit$$00000032          0x0000030a   Section        0  libinit2.o(.ARM.Collect$$libinit$$00000032)
    .ARM.Collect$$libinit$$00000034          0x0000030a   Section        0  libinit2.o(.ARM.Collect$$libinit$$00000034)
    .ARM.Collect$$libinit$$00000035          0x0000030a   Section        2  libinit2.o(.ARM.Collect$$libinit$$00000035)
    .ARM.Collect$$libshutdown$$00000000      0x0000030c   Section        2  libshutdown.o(.ARM.Collect$$libshutdown$$00000000)
    .ARM.Collect$$libshutdown$$00000002      0x0000030e   Section        0  libshutdown2.o(.ARM.Collect$$libshutdown$$00000002)
    .ARM.Collect$$libshutdown$$00000004      0x0000030e   Section        0  libshutdown2.o(.ARM.Collect$$libshutdown$$00000004)
    .ARM.Collect$$libshutdown$$00000007      0x0000030e   Section        0  libshutdown2.o(.ARM.Collect$$libshutdown$$00000007)
    .ARM.Collect$$libshutdown$$0000000A      0x0000030e   Section        0  libshutdown2.o(.ARM.Collect$$libshutdown$$0000000A)
    .ARM.Collect$$libshutdown$$0000000C      0x0000030e   Section        0  libshutdown2.o(.ARM.Collect$$libshutdown$$0000000C)
    .ARM.Collect$$libshutdown$$0000000F      0x0000030e   Section        0  libshutdown2.o(.ARM.Collect$$libshutdown$$0000000F)
    .ARM.Collect$$libshutdown$$00000010      0x0000030e   Section        2  libshutdown2.o(.ARM.Collect$$libshutdown$$00000010)
    .ARM.Collect$$rtentry$$00000000          0x00000310   Section        0  __rtentry.o(.ARM.Collect$$rtentry$$00000000)
    .ARM.Collect$$rtentry$$00000002          0x00000310   Section        0  __rtentry2.o(.ARM.Collect$$rtentry$$00000002)
    .ARM.Collect$$rtentry$$00000004          0x00000310   Section        6  __rtentry4.o(.ARM.Collect$$rtentry$$00000004)
    .ARM.Collect$$rtentry$$00000009          0x00000316   Section        0  __rtentry2.o(.ARM.Collect$$rtentry$$00000009)
    .ARM.Collect$$rtentry$$0000000A          0x00000316   Section        4  __rtentry2.o(.ARM.Collect$$rtentry$$0000000A)
    .ARM.Collect$$rtentry$$0000000C          0x0000031a   Section        0  __rtentry2.o(.ARM.Collect$$rtentry$$0000000C)
    .ARM.Collect$$rtentry$$0000000D          0x0000031a   Section        8  __rtentry2.o(.ARM.Collect$$rtentry$$0000000D)
    .ARM.Collect$$rtexit$$00000000           0x00000322   Section        2  rtexit.o(.ARM.Collect$$rtexit$$00000000)
    .ARM.Collect$$rtexit$$00000002           0x00000324   Section        0  rtexit2.o(.ARM.Collect$$rtexit$$00000002)
    .ARM.Collect$$rtexit$$00000003           0x00000324   Section        4  rtexit2.o(.ARM.Collect$$rtexit$$00000003)
    .ARM.Collect$$rtexit$$00000004           0x00000328   Section        6  rtexit2.o(.ARM.Collect$$rtexit$$00000004)
    .text                                    0x00000330   Section       48  startup.o(.text)
    .text                                    0x00000360   Section        0  heapauxi.o(.text)
    .text                                    0x00000366   Section       74  sys_stackheap_outer.o(.text)
    .text                                    0x000003b0   Section        0  exit.o(.text)
    .text                                    0x000003c4   Section        8  libspace.o(.text)
    .text                                    0x000003cc   Section        0  sys_exit.o(.text)
    .text                                    0x000003d8   Section        2  use_no_semi.o(.text)
    .text                                    0x000003da   Section        0  indicate_semi.o(.text)
    [Anonymous Symbol]                       0x000003dc   Section        0  main.o(.text.DelayMs)
    [Anonymous Symbol]                       0x00000408   Section        0  main.o(.text.GPIOPortF_Handler)
    [Anonymous Symbol]                       0x00000480   Section        0  main.o(.text.LedBrightness)
    [Anonymous Symbol]                       0x0000061c   Section        0  main.o(.text.LedColor)
    [Anonymous Symbol]                       0x00000784   Section        0  main.o(.text.Mode2Listen)
    [Anonymous Symbol]                       0x0000081c   Section        0  pll.o(.text.PLL_Init)
    [Anonymous Symbol]                       0x000008a0   Section        0  portf.o(.text.PortF_Init)
    [Anonymous Symbol]                       0x00000a98   Section        0  portf.o(.text.PortF_SetRGB)
    [Anonymous Symbol]                       0x00000bc4   Section        0  main.o(.text.SystemInit)
    [Anonymous Symbol]                       0x00000bd8   Section        0  uart0.o(.text.UART0_Handler)
    [Anonymous Symbol]                       0x00000c80   Section        0  uart0.o(.text.UART0_InChar)
    [Anonymous Symbol]                       0x00000ca4   Section        0  uart0.o(.text.UART0_InUDec)
    [Anonymous Symbol]                       0x00000d3c   Section        0  uart0.o(.text.UART0_Init)
    [Anonymous Symbol]                       0x00000e48   Section        0  uart0.o(.text.UART0_OutCRLF)
    [Anonymous Symbol]                       0x00000e58   Section        0  uart0.o(.text.UART0_OutChar)
    [Anonymous Symbol]                       0x00000e88   Section        0  uart0.o(.text.UART0_OutString)
    [Anonymous Symbol]                       0x00000eac   Section        0  uart0.o(.text.UART0_OutUDec)
    [Anonymous Symbol]                       0x00000ef4   Section        0  uart4.o(.text.UART4_Handler)
    [Anonymous Symbol]                       0x00000f5c   Section        0  uart4.o(.text.UART4_InChar)
    [Anonymous Symbol]                       0x00000f80   Section        0  uart4.o(.text.UART4_Init)
    [Anonymous Symbol]                       0x000010b0   Section        0  uart4.o(.text.UART4_OutChar)
    [Anonymous Symbol]                       0x000010dc   Section        0  main.o(.text.main)
    [Anonymous Symbol]                       0x00001698   Section        0  uart0.o(.text.rb0_Empty)
    [Anonymous Symbol]                       0x000016b0   Section        0  uart0.o(.text.rb0_Get)
    [Anonymous Symbol]                       0x000016f4   Section        0  uart0.o(.text.rb0_Init)
    [Anonymous Symbol]                       0x00001708   Section        0  uart0.o(.text.rb0_Put)
    [Anonymous Symbol]                       0x00001758   Section        0  uart4.o(.text.rb4_Empty)
    [Anonymous Symbol]                       0x00001770   Section        0  uart4.o(.text.rb4_Get)
    [Anonymous Symbol]                       0x000017b4   Section        0  uart4.o(.text.rb4_Init)
    [Anonymous Symbol]                       0x000017c8   Section        0  uart4.o(.text.rb4_Put)
    .L.str.9                                 0x00001818   Data          70  main.o(.rodata.str1.1)
    [Anonymous Symbol]                       0x00001818   Section        0  main.o(.rodata.str1.1)
    .L.str.7                                 0x00001848   Data          22  main.o(.rodata.str1.1)
    .L.str.14                                0x0000185e   Data          78  main.o(.rodata.str1.1)
    .L.str.11                                0x000018ac   Data          46  main.o(.rodata.str1.1)
    .L.str.16                                0x000018da   Data          18  main.o(.rodata.str1.1)
    .L.str.21                                0x000018ec   Data          65  main.o(.rodata.str1.1)
    .L.str.20                                0x0000192d   Data          82  main.o(.rodata.str1.1)
    .L.str.10                                0x0000197f   Data          27  main.o(.rodata.str1.1)
    .L.str.41                                0x0000199a   Data          14  main.o(.rodata.str1.1)
    .L.str.1                                 0x000019a8   Data           8  main.o(.rodata.str1.1)
    .L.str.13                                0x000019b0   Data          49  main.o(.rodata.str1.1)
    .L.str                                   0x000019e1   Data          39  main.o(.rodata.str1.1)
    .L.str.32                                0x00001a08   Data          23  main.o(.rodata.str1.1)
    .L.str.24                                0x00001a19   Data           6  main.o(.rodata.str1.1)
    .L.str.6                                 0x00001a1f   Data          35  main.o(.rodata.str1.1)
    .L.str.17                                0x00001a42   Data          41  main.o(.rodata.str1.1)
    .L.str.37                                0x00001a6b   Data          26  main.o(.rodata.str1.1)
    .L.str.29                                0x00001a7c   Data           9  main.o(.rodata.str1.1)
    .L.str.18                                0x00001a85   Data          23  main.o(.rodata.str1.1)
    .L.str.38                                0x00001a9c   Data          25  main.o(.rodata.str1.1)
    .L.str.30                                0x00001aad   Data           8  main.o(.rodata.str1.1)
    .L.str.34                                0x00001ab5   Data          24  main.o(.rodata.str1.1)
    .L.str.26                                0x00001ac6   Data           7  main.o(.rodata.str1.1)
    .L.str.31                                0x00001acd   Data          24  main.o(.rodata.str1.1)
    .L.str.23                                0x00001ade   Data           7  main.o(.rodata.str1.1)
    .L.str.4                                 0x00001ae5   Data          32  main.o(.rodata.str1.1)
    .L.str.3                                 0x00001b05   Data          30  main.o(.rodata.str1.1)
    .L.str.5                                 0x00001b23   Data          48  main.o(.rodata.str1.1)
    .L.str.36                                0x00001b53   Data          24  main.o(.rodata.str1.1)
    .L.str.28                                0x00001b64   Data           7  main.o(.rodata.str1.1)
    .L.str.33                                0x00001b6b   Data          25  main.o(.rodata.str1.1)
    .L.str.25                                0x00001b7c   Data           8  main.o(.rodata.str1.1)
    .L.str.19                                0x00001b84   Data          47  main.o(.rodata.str1.1)
    .L.str.15                                0x00001bb3   Data          67  main.o(.rodata.str1.1)
    .L.str.39                                0x00001bf6   Data          16  main.o(.rodata.str1.1)
    .L.str.12                                0x00001c06   Data          10  main.o(.rodata.str1.1)
    .L.str.8                                 0x00001c10   Data          14  main.o(.rodata.str1.1)
    .L.str.2                                 0x00001c1e   Data          12  main.o(.rodata.str1.1)
    .L.str.35                                0x00001c2a   Data          26  main.o(.rodata.str1.1)
    .L.str.27                                0x00001c3b   Data           9  main.o(.rodata.str1.1)
    .L.str.42                                0x00001c44   Data          25  main.o(.rodata.str1.1)
    .L.str.47                                0x00001c5d   Data          28  main.o(.rodata.str1.1)
    .L.str.48                                0x00001c79   Data          27  main.o(.rodata.str1.1)
    .L.str.44                                0x00001c94   Data          26  main.o(.rodata.str1.1)
    .L.str.40                                0x00001cae   Data          26  main.o(.rodata.str1.1)
    .L.str.46                                0x00001cc8   Data          26  main.o(.rodata.str1.1)
    .L.str.43                                0x00001ce2   Data          27  main.o(.rodata.str1.1)
    .L.str.45                                0x00001cfd   Data          28  main.o(.rodata.str1.1)
    .L.str.22                                0x00001d19   Data          15  main.o(.rodata.str1.1)
    .bss                                     0x20000000   Section       96  libspace.o(.bss)
    HeapMem                                  0x200000f0   Data           0  startup.o(HEAP)
    StackMem                                 0x200000f0   Data           0  startup.o(STACK)
    HEAP                                     0x200000f0   Section        0  startup.o(HEAP)
    STACK                                    0x200000f0   Section     1024  startup.o(STACK)

    Global Symbols

    Symbol Name                              Value     Ov Type        Size  Object(Section)

    BuildAttributes$$THM_ISAv4$E$P$D$K$B$S$7EM$PE$A:L22UL41UL21$X:L11$S22US41US21$IEEE1$IW$~IW$USESV6$~STKCKD$USESV7$~SHL$OSPACE$ROPI$EBA8$UX$STANDARDLIB$REQ8$PRES8$EABIv2 0x00000000   Number         0  anon$$obj.o ABSOLUTE
    __Vectors                                0x00000000   Data           0  startup.o(RESET)
    __fp_init_empty                          0x00000000   Number         0  fpinit_empty.o ABSOLUTE
    __ARM_exceptions_init                     - Undefined Weak Reference
    __alloca_initialize                       - Undefined Weak Reference
    __arm_preinit_                            - Undefined Weak Reference
    __arm_relocate_pie_                       - Undefined Weak Reference
    __cpp_initialize__aeabi_                  - Undefined Weak Reference
    __cxa_finalize                            - Undefined Weak Reference
    __rt_locale                               - Undefined Weak Reference
    __sigvec_lookup                           - Undefined Weak Reference
    _atexit_init                              - Undefined Weak Reference
    _call_atexit_fns                          - Undefined Weak Reference
    _clock_init                               - Undefined Weak Reference
    _fp_trap_init                             - Undefined Weak Reference
    _fp_trap_shutdown                         - Undefined Weak Reference
    _get_lc_collate                           - Undefined Weak Reference
    _get_lc_ctype                             - Undefined Weak Reference
    _get_lc_monetary                          - Undefined Weak Reference
    _get_lc_numeric                           - Undefined Weak Reference
    _get_lc_time                              - Undefined Weak Reference
    _getenv_init                              - Undefined Weak Reference
    _handle_redirection                       - Undefined Weak Reference
    _init_alloc                               - Undefined Weak Reference
    _init_user_alloc                          - Undefined Weak Reference
    _initio                                   - Undefined Weak Reference
    _rand_init                                - Undefined Weak Reference
    _signal_finish                            - Undefined Weak Reference
    _signal_init                              - Undefined Weak Reference
    _terminate_alloc                          - Undefined Weak Reference
    _terminate_user_alloc                     - Undefined Weak Reference
    _terminateio                              - Undefined Weak Reference
    Reset_Handler                            0x0000026d   Thumb Code     0  startup.o(RESET)
    NMI_Handler                              0x00000271   Thumb Code     2  startup.o(RESET)
    HardFault_Handler                        0x00000273   Thumb Code     2  startup.o(RESET)
    MemManage_Handler                        0x00000275   Thumb Code     2  startup.o(RESET)
    BusFault_Handler                         0x00000277   Thumb Code     2  startup.o(RESET)
    UsageFault_Handler                       0x00000279   Thumb Code     2  startup.o(RESET)
    SVC_Handler                              0x0000027b   Thumb Code     2  startup.o(RESET)
    DebugMon_Handler                         0x0000027d   Thumb Code     2  startup.o(RESET)
    PendSV_Handler                           0x0000027f   Thumb Code     2  startup.o(RESET)
    SysTick_Handler                          0x00000281   Thumb Code     2  startup.o(RESET)
    ADC0Seq0_Handler                         0x00000283   Thumb Code     0  startup.o(RESET)
    ADC0Seq1_Handler                         0x00000283   Thumb Code     0  startup.o(RESET)
    ADC0Seq2_Handler                         0x00000283   Thumb Code     0  startup.o(RESET)
    ADC0Seq3_Handler                         0x00000283   Thumb Code     0  startup.o(RESET)
    ADC1Seq0_Handler                         0x00000283   Thumb Code     0  startup.o(RESET)
    ADC1Seq1_Handler                         0x00000283   Thumb Code     0  startup.o(RESET)
    ADC1Seq2_Handler                         0x00000283   Thumb Code     0  startup.o(RESET)
    ADC1Seq3_Handler                         0x00000283   Thumb Code     0  startup.o(RESET)
    CAN0_Handler                             0x00000283   Thumb Code     0  startup.o(RESET)
    CAN1_Handler                             0x00000283   Thumb Code     0  startup.o(RESET)
    CAN2_Handler                             0x00000283   Thumb Code     0  startup.o(RESET)
    Comp0_Handler                            0x00000283   Thumb Code     0  startup.o(RESET)
    Comp1_Handler                            0x00000283   Thumb Code     0  startup.o(RESET)
    Comp2_Handler                            0x00000283   Thumb Code     0  startup.o(RESET)
    Ethernet_Handler                         0x00000283   Thumb Code     0  startup.o(RESET)
    ExtBus_Handler                           0x00000283   Thumb Code     0  startup.o(RESET)
    FPU_Handler                              0x00000283   Thumb Code     0  startup.o(RESET)
    Fan0_Handler                             0x00000283   Thumb Code     0  startup.o(RESET)
    FlashCtl_Handler                         0x00000283   Thumb Code     0  startup.o(RESET)
    GPIOPortA_Handler                        0x00000283   Thumb Code     0  startup.o(RESET)
    GPIOPortB_Handler                        0x00000283   Thumb Code     0  startup.o(RESET)
    GPIOPortC_Handler                        0x00000283   Thumb Code     0  startup.o(RESET)
    GPIOPortD_Handler                        0x00000283   Thumb Code     0  startup.o(RESET)
    GPIOPortE_Handler                        0x00000283   Thumb Code     0  startup.o(RESET)
    GPIOPortG_Handler                        0x00000283   Thumb Code     0  startup.o(RESET)
    GPIOPortH_Handler                        0x00000283   Thumb Code     0  startup.o(RESET)
    GPIOPortJ_Handler                        0x00000283   Thumb Code     0  startup.o(RESET)
    GPIOPortK_Handler                        0x00000283   Thumb Code     0  startup.o(RESET)
    GPIOPortL_Handler                        0x00000283   Thumb Code     0  startup.o(RESET)
    GPIOPortM_Handler                        0x00000283   Thumb Code     0  startup.o(RESET)
    GPIOPortN_Handler                        0x00000283   Thumb Code     0  startup.o(RESET)
    GPIOPortP1_Handler                       0x00000283   Thumb Code     0  startup.o(RESET)
    GPIOPortP2_Handler                       0x00000283   Thumb Code     0  startup.o(RESET)
    GPIOPortP3_Handler                       0x00000283   Thumb Code     0  startup.o(RESET)
    GPIOPortP4_Handler                       0x00000283   Thumb Code     0  startup.o(RESET)
    GPIOPortP5_Handler                       0x00000283   Thumb Code     0  startup.o(RESET)
    GPIOPortP6_Handler                       0x00000283   Thumb Code     0  startup.o(RESET)
    GPIOPortP7_Handler                       0x00000283   Thumb Code     0  startup.o(RESET)
    GPIOPortP_Handler                        0x00000283   Thumb Code     0  startup.o(RESET)
    GPIOPortQ1_Handler                       0x00000283   Thumb Code     0  startup.o(RESET)
    GPIOPortQ2_Handler                       0x00000283   Thumb Code     0  startup.o(RESET)
    GPIOPortQ3_Handler                       0x00000283   Thumb Code     0  startup.o(RESET)
    GPIOPortQ4_Handler                       0x00000283   Thumb Code     0  startup.o(RESET)
    GPIOPortQ5_Handler                       0x00000283   Thumb Code     0  startup.o(RESET)
    GPIOPortQ6_Handler                       0x00000283   Thumb Code     0  startup.o(RESET)
    GPIOPortQ7_Handler                       0x00000283   Thumb Code     0  startup.o(RESET)
    GPIOPortQ_Handler                        0x00000283   Thumb Code     0  startup.o(RESET)
    GPIOPortR_Handler                        0x00000283   Thumb Code     0  startup.o(RESET)
    GPIOPortS_Handler                        0x00000283   Thumb Code     0  startup.o(RESET)
    Hibernate_Handler                        0x00000283   Thumb Code     0  startup.o(RESET)
    I2C0_Handler                             0x00000283   Thumb Code     0  startup.o(RESET)
    I2C1_Handler                             0x00000283   Thumb Code     0  startup.o(RESET)
    I2C2_Handler                             0x00000283   Thumb Code     0  startup.o(RESET)
    I2C3_Handler                             0x00000283   Thumb Code     0  startup.o(RESET)
    I2C4_Handler                             0x00000283   Thumb Code     0  startup.o(RESET)
    I2C5_Handler                             0x00000283   Thumb Code     0  startup.o(RESET)
    I2S0_Handler                             0x00000283   Thumb Code     0  startup.o(RESET)
    LPC0_Handler                             0x00000283   Thumb Code     0  startup.o(RESET)
    PECI0_Handler                            0x00000283   Thumb Code     0  startup.o(RESET)
    PWM0Fault_Handler                        0x00000283   Thumb Code     0  startup.o(RESET)
    PWM0Generator0_Handler                   0x00000283   Thumb Code     0  startup.o(RESET)
    PWM0Generator1_Handler                   0x00000283   Thumb Code     0  startup.o(RESET)
    PWM0Generator2_Handler                   0x00000283   Thumb Code     0  startup.o(RESET)
    PWM0Generator3_Handler                   0x00000283   Thumb Code     0  startup.o(RESET)
    PWM1Fault_Handler                        0x00000283   Thumb Code     0  startup.o(RESET)
    PWM1Generator0_Handler                   0x00000283   Thumb Code     0  startup.o(RESET)
    PWM1Generator1_Handler                   0x00000283   Thumb Code     0  startup.o(RESET)
    PWM1Generator2_Handler                   0x00000283   Thumb Code     0  startup.o(RESET)
    PWM1Generator3_Handler                   0x00000283   Thumb Code     0  startup.o(RESET)
    Quadrature0_Handler                      0x00000283   Thumb Code     0  startup.o(RESET)
    Quadrature1_Handler                      0x00000283   Thumb Code     0  startup.o(RESET)
    Quadrature2_Handler                      0x00000283   Thumb Code     0  startup.o(RESET)
    SSI0_Handler                             0x00000283   Thumb Code     0  startup.o(RESET)
    SSI1_Handler                             0x00000283   Thumb Code     0  startup.o(RESET)
    SSI2_Handler                             0x00000283   Thumb Code     0  startup.o(RESET)
    SSI3_Handler                             0x00000283   Thumb Code     0  startup.o(RESET)
    SysCtl_Handler                           0x00000283   Thumb Code     0  startup.o(RESET)
    Timer0A_Handler                          0x00000283   Thumb Code     0  startup.o(RESET)
    Timer0B_Handler                          0x00000283   Thumb Code     0  startup.o(RESET)
    Timer1A_Handler                          0x00000283   Thumb Code     0  startup.o(RESET)
    Timer1B_Handler                          0x00000283   Thumb Code     0  startup.o(RESET)
    Timer2A_Handler                          0x00000283   Thumb Code     0  startup.o(RESET)
    Timer2B_Handler                          0x00000283   Thumb Code     0  startup.o(RESET)
    Timer3A_Handler                          0x00000283   Thumb Code     0  startup.o(RESET)
    Timer3B_Handler                          0x00000283   Thumb Code     0  startup.o(RESET)
    Timer4A_Handler                          0x00000283   Thumb Code     0  startup.o(RESET)
    Timer4B_Handler                          0x00000283   Thumb Code     0  startup.o(RESET)
    Timer5A_Handler                          0x00000283   Thumb Code     0  startup.o(RESET)
    Timer5B_Handler                          0x00000283   Thumb Code     0  startup.o(RESET)
    UART1_Handler                            0x00000283   Thumb Code     0  startup.o(RESET)
    UART2_Handler                            0x00000283   Thumb Code     0  startup.o(RESET)
    UART3_Handler                            0x00000283   Thumb Code     0  startup.o(RESET)
    UART5_Handler                            0x00000283   Thumb Code     0  startup.o(RESET)
    UART6_Handler                            0x00000283   Thumb Code     0  startup.o(RESET)
    UART7_Handler                            0x00000283   Thumb Code     0  startup.o(RESET)
    USB0_Handler                             0x00000283   Thumb Code     0  startup.o(RESET)
    WDT_Handler                              0x00000283   Thumb Code     0  startup.o(RESET)
    WideTimer0A_Handler                      0x00000283   Thumb Code     0  startup.o(RESET)
    WideTimer0B_Handler                      0x00000283   Thumb Code     0  startup.o(RESET)
    WideTimer1A_Handler                      0x00000283   Thumb Code     0  startup.o(RESET)
    WideTimer1B_Handler                      0x00000283   Thumb Code     0  startup.o(RESET)
    WideTimer2A_Handler                      0x00000283   Thumb Code     0  startup.o(RESET)
    WideTimer2B_Handler                      0x00000283   Thumb Code     0  startup.o(RESET)
    WideTimer3A_Handler                      0x00000283   Thumb Code     0  startup.o(RESET)
    WideTimer3B_Handler                      0x00000283   Thumb Code     0  startup.o(RESET)
    WideTimer4A_Handler                      0x00000283   Thumb Code     0  startup.o(RESET)
    WideTimer4B_Handler                      0x00000283   Thumb Code     0  startup.o(RESET)
    WideTimer5A_Handler                      0x00000283   Thumb Code     0  startup.o(RESET)
    WideTimer5B_Handler                      0x00000283   Thumb Code     0  startup.o(RESET)
    uDMA_Error                               0x00000283   Thumb Code     0  startup.o(RESET)
    uDMA_Handler                             0x00000283   Thumb Code     0  startup.o(RESET)
    __main                                   0x00000285   Thumb Code     8  __main.o(!!!main)
    __scatterload                            0x0000028d   Thumb Code     0  __scatter.o(!!!scatter)
    __scatterload_rt2                        0x0000028d   Thumb Code    84  __scatter.o(!!!scatter)
    __scatterload_rt2_thumb_only             0x0000028d   Thumb Code     0  __scatter.o(!!!scatter)
    __scatterload_loop                       0x00000297   Thumb Code     0  __scatter.o(!!!scatter)
    __scatterload_null                       0x000002e9   Thumb Code     2  __scatter.o(!!handler_null)
    __scatterload_zeroinit                   0x000002ed   Thumb Code    28  __scatter_zi.o(!!handler_zi)
    __rt_lib_init                            0x00000309   Thumb Code     0  libinit.o(.ARM.Collect$$libinit$$00000000)
    __rt_lib_init_alloca_1                   0x0000030b   Thumb Code     0  libinit2.o(.ARM.Collect$$libinit$$00000030)
    __rt_lib_init_argv_1                     0x0000030b   Thumb Code     0  libinit2.o(.ARM.Collect$$libinit$$0000002E)
    __rt_lib_init_atexit_1                   0x0000030b   Thumb Code     0  libinit2.o(.ARM.Collect$$libinit$$0000001D)
    __rt_lib_init_clock_1                    0x0000030b   Thumb Code     0  libinit2.o(.ARM.Collect$$libinit$$00000023)
    __rt_lib_init_cpp_1                      0x0000030b   Thumb Code     0  libinit2.o(.ARM.Collect$$libinit$$00000034)
    __rt_lib_init_exceptions_1               0x0000030b   Thumb Code     0  libinit2.o(.ARM.Collect$$libinit$$00000032)
    __rt_lib_init_fp_1                       0x0000030b   Thumb Code     0  libinit2.o(.ARM.Collect$$libinit$$00000002)
    __rt_lib_init_fp_trap_1                  0x0000030b   Thumb Code     0  libinit2.o(.ARM.Collect$$libinit$$00000021)
    __rt_lib_init_getenv_1                   0x0000030b   Thumb Code     0  libinit2.o(.ARM.Collect$$libinit$$00000025)
    __rt_lib_init_heap_1                     0x0000030b   Thumb Code     0  libinit2.o(.ARM.Collect$$libinit$$0000000C)
    __rt_lib_init_lc_collate_1               0x0000030b   Thumb Code     0  libinit2.o(.ARM.Collect$$libinit$$00000013)
    __rt_lib_init_lc_ctype_1                 0x0000030b   Thumb Code     0  libinit2.o(.ARM.Collect$$libinit$$00000015)
    __rt_lib_init_lc_monetary_1              0x0000030b   Thumb Code     0  libinit2.o(.ARM.Collect$$libinit$$00000017)
    __rt_lib_init_lc_numeric_1               0x0000030b   Thumb Code     0  libinit2.o(.ARM.Collect$$libinit$$00000019)
    __rt_lib_init_lc_time_1                  0x0000030b   Thumb Code     0  libinit2.o(.ARM.Collect$$libinit$$0000001B)
    __rt_lib_init_preinit_1                  0x0000030b   Thumb Code     0  libinit2.o(.ARM.Collect$$libinit$$00000006)
    __rt_lib_init_rand_1                     0x0000030b   Thumb Code     0  libinit2.o(.ARM.Collect$$libinit$$00000010)
    __rt_lib_init_relocate_pie_1             0x0000030b   Thumb Code     0  libinit2.o(.ARM.Collect$$libinit$$00000004)
    __rt_lib_init_return                     0x0000030b   Thumb Code     0  libinit2.o(.ARM.Collect$$libinit$$00000035)
    __rt_lib_init_signal_1                   0x0000030b   Thumb Code     0  libinit2.o(.ARM.Collect$$libinit$$0000001F)
    __rt_lib_init_stdio_1                    0x0000030b   Thumb Code     0  libinit2.o(.ARM.Collect$$libinit$$00000027)
    __rt_lib_init_user_alloc_1               0x0000030b   Thumb Code     0  libinit2.o(.ARM.Collect$$libinit$$0000000E)
    __rt_lib_shutdown                        0x0000030d   Thumb Code     0  libshutdown.o(.ARM.Collect$$libshutdown$$00000000)
    __rt_lib_shutdown_cpp_1                  0x0000030f   Thumb Code     0  libshutdown2.o(.ARM.Collect$$libshutdown$$00000002)
    __rt_lib_shutdown_fp_trap_1              0x0000030f   Thumb Code     0  libshutdown2.o(.ARM.Collect$$libshutdown$$00000007)
    __rt_lib_shutdown_heap_1                 0x0000030f   Thumb Code     0  libshutdown2.o(.ARM.Collect$$libshutdown$$0000000F)
    __rt_lib_shutdown_return                 0x0000030f   Thumb Code     0  libshutdown2.o(.ARM.Collect$$libshutdown$$00000010)
    __rt_lib_shutdown_signal_1               0x0000030f   Thumb Code     0  libshutdown2.o(.ARM.Collect$$libshutdown$$0000000A)
    __rt_lib_shutdown_stdio_1                0x0000030f   Thumb Code     0  libshutdown2.o(.ARM.Collect$$libshutdown$$00000004)
    __rt_lib_shutdown_user_alloc_1           0x0000030f   Thumb Code     0  libshutdown2.o(.ARM.Collect$$libshutdown$$0000000C)
    __rt_entry                               0x00000311   Thumb Code     0  __rtentry.o(.ARM.Collect$$rtentry$$00000000)
    __rt_entry_presh_1                       0x00000311   Thumb Code     0  __rtentry2.o(.ARM.Collect$$rtentry$$00000002)
    __rt_entry_sh                            0x00000311   Thumb Code     0  __rtentry4.o(.ARM.Collect$$rtentry$$00000004)
    __rt_entry_li                            0x00000317   Thumb Code     0  __rtentry2.o(.ARM.Collect$$rtentry$$0000000A)
    __rt_entry_postsh_1                      0x00000317   Thumb Code     0  __rtentry2.o(.ARM.Collect$$rtentry$$00000009)
    __rt_entry_main                          0x0000031b   Thumb Code     0  __rtentry2.o(.ARM.Collect$$rtentry$$0000000D)
    __rt_entry_postli_1                      0x0000031b   Thumb Code     0  __rtentry2.o(.ARM.Collect$$rtentry$$0000000C)
    __rt_exit                                0x00000323   Thumb Code     0  rtexit.o(.ARM.Collect$$rtexit$$00000000)
    __rt_exit_ls                             0x00000325   Thumb Code     0  rtexit2.o(.ARM.Collect$$rtexit$$00000003)
    __rt_exit_prels_1                        0x00000325   Thumb Code     0  rtexit2.o(.ARM.Collect$$rtexit$$00000002)
    __rt_exit_exit                           0x00000329   Thumb Code     0  rtexit2.o(.ARM.Collect$$rtexit$$00000004)
    DisableInterrupts                        0x00000331   Thumb Code     0  startup.o(.text)
    EnableInterrupts                         0x00000335   Thumb Code     0  startup.o(.text)
    StartCritical                            0x00000339   Thumb Code     0  startup.o(.text)
    EndCritical                              0x00000341   Thumb Code     0  startup.o(.text)
    WaitForInterrupt                         0x00000347   Thumb Code     0  startup.o(.text)
    __user_initial_stackheap                 0x0000034b   Thumb Code     0  startup.o(.text)
    __use_two_region_memory                  0x00000361   Thumb Code     2  heapauxi.o(.text)
    __rt_heap_escrow$2region                 0x00000363   Thumb Code     2  heapauxi.o(.text)
    __rt_heap_expand$2region                 0x00000365   Thumb Code     2  heapauxi.o(.text)
    __user_setup_stackheap                   0x00000367   Thumb Code    74  sys_stackheap_outer.o(.text)
    exit                                     0x000003b1   Thumb Code    18  exit.o(.text)
    __user_libspace                          0x000003c5   Thumb Code     8  libspace.o(.text)
    __user_perproc_libspace                  0x000003c5   Thumb Code     0  libspace.o(.text)
    __user_perthread_libspace                0x000003c5   Thumb Code     0  libspace.o(.text)
    _sys_exit                                0x000003cd   Thumb Code     8  sys_exit.o(.text)
    __I$use$semihosting                      0x000003d9   Thumb Code     0  use_no_semi.o(.text)
    __use_no_semihosting_swi                 0x000003d9   Thumb Code     2  use_no_semi.o(.text)
    __semihosting_library_function           0x000003db   Thumb Code     0  indicate_semi.o(.text)
    DelayMs                                  0x000003dd   Thumb Code    42  main.o(.text.DelayMs)
    GPIOPortF_Handler                        0x00000409   Thumb Code   118  main.o(.text.GPIOPortF_Handler)
    LedBrightness                            0x00000481   Thumb Code   412  main.o(.text.LedBrightness)
    LedColor                                 0x0000061d   Thumb Code   358  main.o(.text.LedColor)
    Mode2Listen                              0x00000785   Thumb Code   152  main.o(.text.Mode2Listen)
    PLL_Init                                 0x0000081d   Thumb Code   132  pll.o(.text.PLL_Init)
    PortF_Init                               0x000008a1   Thumb Code   502  portf.o(.text.PortF_Init)
    PortF_SetRGB                             0x00000a99   Thumb Code   300  portf.o(.text.PortF_SetRGB)
    SystemInit                               0x00000bc5   Thumb Code    20  main.o(.text.SystemInit)
    UART0_Handler                            0x00000bd9   Thumb Code   166  uart0.o(.text.UART0_Handler)
    UART0_InChar                             0x00000c81   Thumb Code    36  uart0.o(.text.UART0_InChar)
    UART0_InUDec                             0x00000ca5   Thumb Code   152  uart0.o(.text.UART0_InUDec)
    UART0_Init                               0x00000d3d   Thumb Code   266  uart0.o(.text.UART0_Init)
    UART0_OutCRLF                            0x00000e49   Thumb Code    16  uart0.o(.text.UART0_OutCRLF)
    UART0_OutChar                            0x00000e59   Thumb Code    46  uart0.o(.text.UART0_OutChar)
    UART0_OutString                          0x00000e89   Thumb Code    36  uart0.o(.text.UART0_OutString)
    UART0_OutUDec                            0x00000ead   Thumb Code    72  uart0.o(.text.UART0_OutUDec)
    UART4_Handler                            0x00000ef5   Thumb Code   102  uart4.o(.text.UART4_Handler)
    UART4_InChar                             0x00000f5d   Thumb Code    36  uart4.o(.text.UART4_InChar)
    UART4_Init                               0x00000f81   Thumb Code   304  uart4.o(.text.UART4_Init)
    UART4_OutChar                            0x000010b1   Thumb Code    42  uart4.o(.text.UART4_OutChar)
    main                                     0x000010dd   Thumb Code  1466  main.o(.text.main)
    rb0_Empty                                0x00001699   Thumb Code    24  uart0.o(.text.rb0_Empty)
    rb0_Get                                  0x000016b1   Thumb Code    68  uart0.o(.text.rb0_Get)
    rb0_Init                                 0x000016f5   Thumb Code    18  uart0.o(.text.rb0_Init)
    rb0_Put                                  0x00001709   Thumb Code    80  uart0.o(.text.rb0_Put)
    rb4_Empty                                0x00001759   Thumb Code    24  uart4.o(.text.rb4_Empty)
    rb4_Get                                  0x00001771   Thumb Code    68  uart4.o(.text.rb4_Get)
    rb4_Init                                 0x000017b5   Thumb Code    18  uart4.o(.text.rb4_Init)
    rb4_Put                                  0x000017c9   Thumb Code    80  uart4.o(.text.rb4_Put)
    Region$$Table$$Base                      0x00001d28   Number         0  anon$$obj.o(Region$$Table)
    Region$$Table$$Limit                     0x00001d38   Number         0  anon$$obj.o(Region$$Table)
    __libspace_start                         0x20000000   Data          96  libspace.o(.bss)
    CurrentState                             0x20000060   Data           1  main.o(.bss.CurrentState)
    __temporary_stack_top$libspace           0x20000060   Data           0  libspace.o(.bss)
    SENDCOLOR                                0x20000061   Data           1  main.o(.bss.SENDCOLOR)
    UART0_RxRB                               0x20000062   Data          68  uart0.o(.bss.UART0_RxRB)
    UART4_RxRB                               0x200000a6   Data          68  uart4.o(.bss.UART4_RxRB)
    USERINPUT                                0x200000ea   Data           1  main.o(.bss.USERINPUT)
    WheelColor                               0x200000eb   Data           1  main.o(.bss.WheelColor)
    currentColor                             0x200000ec   Data           1  main.o(.bss.currentColor)
    mcu2Reply                                0x200000ed   Data           1  main.o(.bss.mcu2Reply)



==============================================================================

Memory Map of the image

  Image Entry point : 0x00000285

  Load Region LR_IROM1 (Base: 0x00000000, Size: 0x00001d38, Max: 0x00040000, ABSOLUTE)

    Execution Region ER_IROM1 (Exec base: 0x00000000, Load base: 0x00000000, Size: 0x00001d38, Max: 0x00040000, ABSOLUTE)

    Exec Addr    Load Addr    Size         Type   Attr      Idx    E Section Name        Object

    0x00000000   0x00000000   0x00000284   Code   RO           34    RESET               startup.o
    0x00000284   0x00000284   0x00000008   Code   RO          143  * !!!main             c_w.l(__main.o)
    0x0000028c   0x0000028c   0x0000005c   Code   RO          308    !!!scatter          c_w.l(__scatter.o)
    0x000002e8   0x000002e8   0x00000002   Code   RO          309    !!handler_null      c_w.l(__scatter.o)
    0x000002ea   0x000002ea   0x00000002   PAD
    0x000002ec   0x000002ec   0x0000001c   Code   RO          312    !!handler_zi        c_w.l(__scatter_zi.o)
    0x00000308   0x00000308   0x00000002   Code   RO          170    .ARM.Collect$$libinit$$00000000  c_w.l(libinit.o)
    0x0000030a   0x0000030a   0x00000000   Code   RO          177    .ARM.Collect$$libinit$$00000002  c_w.l(libinit2.o)
    0x0000030a   0x0000030a   0x00000000   Code   RO          179    .ARM.Collect$$libinit$$00000004  c_w.l(libinit2.o)
    0x0000030a   0x0000030a   0x00000000   Code   RO          181    .ARM.Collect$$libinit$$00000006  c_w.l(libinit2.o)
    0x0000030a   0x0000030a   0x00000000   Code   RO          184    .ARM.Collect$$libinit$$0000000C  c_w.l(libinit2.o)
    0x0000030a   0x0000030a   0x00000000   Code   RO          186    .ARM.Collect$$libinit$$0000000E  c_w.l(libinit2.o)
    0x0000030a   0x0000030a   0x00000000   Code   RO          188    .ARM.Collect$$libinit$$00000010  c_w.l(libinit2.o)
    0x0000030a   0x0000030a   0x00000000   Code   RO          191    .ARM.Collect$$libinit$$00000013  c_w.l(libinit2.o)
    0x0000030a   0x0000030a   0x00000000   Code   RO          193    .ARM.Collect$$libinit$$00000015  c_w.l(libinit2.o)
    0x0000030a   0x0000030a   0x00000000   Code   RO          195    .ARM.Collect$$libinit$$00000017  c_w.l(libinit2.o)
    0x0000030a   0x0000030a   0x00000000   Code   RO          197    .ARM.Collect$$libinit$$00000019  c_w.l(libinit2.o)
    0x0000030a   0x0000030a   0x00000000   Code   RO          199    .ARM.Collect$$libinit$$0000001B  c_w.l(libinit2.o)
    0x0000030a   0x0000030a   0x00000000   Code   RO          201    .ARM.Collect$$libinit$$0000001D  c_w.l(libinit2.o)
    0x0000030a   0x0000030a   0x00000000   Code   RO          203    .ARM.Collect$$libinit$$0000001F  c_w.l(libinit2.o)
    0x0000030a   0x0000030a   0x00000000   Code   RO          205    .ARM.Collect$$libinit$$00000021  c_w.l(libinit2.o)
    0x0000030a   0x0000030a   0x00000000   Code   RO          207    .ARM.Collect$$libinit$$00000023  c_w.l(libinit2.o)
    0x0000030a   0x0000030a   0x00000000   Code   RO          209    .ARM.Collect$$libinit$$00000025  c_w.l(libinit2.o)
    0x0000030a   0x0000030a   0x00000000   Code   RO          211    .ARM.Collect$$libinit$$00000027  c_w.l(libinit2.o)
    0x0000030a   0x0000030a   0x00000000   Code   RO          215    .ARM.Collect$$libinit$$0000002E  c_w.l(libinit2.o)
    0x0000030a   0x0000030a   0x00000000   Code   RO          217    .ARM.Collect$$libinit$$00000030  c_w.l(libinit2.o)
    0x0000030a   0x0000030a   0x00000000   Code   RO          219    .ARM.Collect$$libinit$$00000032  c_w.l(libinit2.o)
    0x0000030a   0x0000030a   0x00000000   Code   RO          221    .ARM.Collect$$libinit$$00000034  c_w.l(libinit2.o)
    0x0000030a   0x0000030a   0x00000002   Code   RO          222    .ARM.Collect$$libinit$$00000035  c_w.l(libinit2.o)
    0x0000030c   0x0000030c   0x00000002   Code   RO          244    .ARM.Collect$$libshutdown$$00000000  c_w.l(libshutdown.o)
    0x0000030e   0x0000030e   0x00000000   Code   RO          259    .ARM.Collect$$libshutdown$$00000002  c_w.l(libshutdown2.o)
    0x0000030e   0x0000030e   0x00000000   Code   RO          261    .ARM.Collect$$libshutdown$$00000004  c_w.l(libshutdown2.o)
    0x0000030e   0x0000030e   0x00000000   Code   RO          264    .ARM.Collect$$libshutdown$$00000007  c_w.l(libshutdown2.o)
    0x0000030e   0x0000030e   0x00000000   Code   RO          267    .ARM.Collect$$libshutdown$$0000000A  c_w.l(libshutdown2.o)
    0x0000030e   0x0000030e   0x00000000   Code   RO          269    .ARM.Collect$$libshutdown$$0000000C  c_w.l(libshutdown2.o)
    0x0000030e   0x0000030e   0x00000000   Code   RO          272    .ARM.Collect$$libshutdown$$0000000F  c_w.l(libshutdown2.o)
    0x0000030e   0x0000030e   0x00000002   Code   RO          273    .ARM.Collect$$libshutdown$$00000010  c_w.l(libshutdown2.o)
    0x00000310   0x00000310   0x00000000   Code   RO          145    .ARM.Collect$$rtentry$$00000000  c_w.l(__rtentry.o)
    0x00000310   0x00000310   0x00000000   Code   RO          147    .ARM.Collect$$rtentry$$00000002  c_w.l(__rtentry2.o)
    0x00000310   0x00000310   0x00000006   Code   RO          159    .ARM.Collect$$rtentry$$00000004  c_w.l(__rtentry4.o)
    0x00000316   0x00000316   0x00000000   Code   RO          149    .ARM.Collect$$rtentry$$00000009  c_w.l(__rtentry2.o)
    0x00000316   0x00000316   0x00000004   Code   RO          150    .ARM.Collect$$rtentry$$0000000A  c_w.l(__rtentry2.o)
    0x0000031a   0x0000031a   0x00000000   Code   RO          152    .ARM.Collect$$rtentry$$0000000C  c_w.l(__rtentry2.o)
    0x0000031a   0x0000031a   0x00000008   Code   RO          153    .ARM.Collect$$rtentry$$0000000D  c_w.l(__rtentry2.o)
    0x00000322   0x00000322   0x00000002   Code   RO          174    .ARM.Collect$$rtexit$$00000000  c_w.l(rtexit.o)
    0x00000324   0x00000324   0x00000000   Code   RO          224    .ARM.Collect$$rtexit$$00000002  c_w.l(rtexit2.o)
    0x00000324   0x00000324   0x00000004   Code   RO          225    .ARM.Collect$$rtexit$$00000003  c_w.l(rtexit2.o)
    0x00000328   0x00000328   0x00000006   Code   RO          226    .ARM.Collect$$rtexit$$00000004  c_w.l(rtexit2.o)
    0x0000032e   0x0000032e   0x00000002   PAD
    0x00000330   0x00000330   0x00000030   Code   RO           35    .text               startup.o
    0x00000360   0x00000360   0x00000006   Code   RO          141    .text               c_w.l(heapauxi.o)
    0x00000366   0x00000366   0x0000004a   Code   RO          161    .text               c_w.l(sys_stackheap_outer.o)
    0x000003b0   0x000003b0   0x00000012   Code   RO          163    .text               c_w.l(exit.o)
    0x000003c2   0x000003c2   0x00000002   PAD
    0x000003c4   0x000003c4   0x00000008   Code   RO          171    .text               c_w.l(libspace.o)
    0x000003cc   0x000003cc   0x0000000c   Code   RO          234    .text               c_w.l(sys_exit.o)
    0x000003d8   0x000003d8   0x00000002   Code   RO          249    .text               c_w.l(use_no_semi.o)
    0x000003da   0x000003da   0x00000000   Code   RO          251    .text               c_w.l(indicate_semi.o)
    0x000003da   0x000003da   0x00000002   PAD
    0x000003dc   0x000003dc   0x0000002a   Code   RO            6    .text.DelayMs       main.o
    0x00000406   0x00000406   0x00000002   PAD
    0x00000408   0x00000408   0x00000076   Code   RO           14    .text.GPIOPortF_Handler  main.o
    0x0000047e   0x0000047e   0x00000002   PAD
    0x00000480   0x00000480   0x0000019c   Code   RO           10    .text.LedBrightness  main.o
    0x0000061c   0x0000061c   0x00000166   Code   RO            8    .text.LedColor      main.o
    0x00000782   0x00000782   0x00000002   PAD
    0x00000784   0x00000784   0x00000098   Code   RO           12    .text.Mode2Listen   main.o
    0x0000081c   0x0000081c   0x00000084   Code   RO           44    .text.PLL_Init      pll.o
    0x000008a0   0x000008a0   0x000001f6   Code   RO           52    .text.PortF_Init    portf.o
    0x00000a96   0x00000a96   0x00000002   PAD
    0x00000a98   0x00000a98   0x0000012c   Code   RO           54    .text.PortF_SetRGB  portf.o
    0x00000bc4   0x00000bc4   0x00000014   Code   RO            4    .text.SystemInit    main.o
    0x00000bd8   0x00000bd8   0x000000a6   Code   RO           92    .text.UART0_Handler  uart0.o
    0x00000c7e   0x00000c7e   0x00000002   PAD
    0x00000c80   0x00000c80   0x00000024   Code   RO           78    .text.UART0_InChar  uart0.o
    0x00000ca4   0x00000ca4   0x00000098   Code   RO           86    .text.UART0_InUDec  uart0.o
    0x00000d3c   0x00000d3c   0x0000010a   Code   RO           74    .text.UART0_Init    uart0.o
    0x00000e46   0x00000e46   0x00000002   PAD
    0x00000e48   0x00000e48   0x00000010   Code   RO           90    .text.UART0_OutCRLF  uart0.o
    0x00000e58   0x00000e58   0x0000002e   Code   RO           80    .text.UART0_OutChar  uart0.o
    0x00000e86   0x00000e86   0x00000002   PAD
    0x00000e88   0x00000e88   0x00000024   Code   RO           82    .text.UART0_OutString  uart0.o
    0x00000eac   0x00000eac   0x00000048   Code   RO           88    .text.UART0_OutUDec  uart0.o
    0x00000ef4   0x00000ef4   0x00000066   Code   RO          130    .text.UART4_Handler  uart4.o
    0x00000f5a   0x00000f5a   0x00000002   PAD
    0x00000f5c   0x00000f5c   0x00000024   Code   RO          116    .text.UART4_InChar  uart4.o
    0x00000f80   0x00000f80   0x00000130   Code   RO          112    .text.UART4_Init    uart4.o
    0x000010b0   0x000010b0   0x0000002a   Code   RO          118    .text.UART4_OutChar  uart4.o
    0x000010da   0x000010da   0x00000002   PAD
    0x000010dc   0x000010dc   0x000005ba   Code   RO            2    .text.main          main.o
    0x00001696   0x00001696   0x00000002   PAD
    0x00001698   0x00001698   0x00000018   Code   RO           66    .text.rb0_Empty     uart0.o
    0x000016b0   0x000016b0   0x00000044   Code   RO           72    .text.rb0_Get       uart0.o
    0x000016f4   0x000016f4   0x00000012   Code   RO           64    .text.rb0_Init      uart0.o
    0x00001706   0x00001706   0x00000002   PAD
    0x00001708   0x00001708   0x00000050   Code   RO           70    .text.rb0_Put       uart0.o
    0x00001758   0x00001758   0x00000018   Code   RO          104    .text.rb4_Empty     uart4.o
    0x00001770   0x00001770   0x00000044   Code   RO          110    .text.rb4_Get       uart4.o
    0x000017b4   0x000017b4   0x00000012   Code   RO          102    .text.rb4_Init      uart4.o
    0x000017c6   0x000017c6   0x00000002   PAD
    0x000017c8   0x000017c8   0x00000050   Code   RO          108    .text.rb4_Put       uart4.o
    0x00001818   0x00001818   0x00000510   Data   RO           22    .rodata.str1.1      main.o
    0x00001d28   0x00001d28   0x00000010   Data   RO          307    Region$$Table       anon$$obj.o


    Execution Region RW_IRAM1 (Exec base: 0x20000000, Load base: 0x00001d38, Size: 0x000004f0, Max: 0x00008000, ABSOLUTE)

    Exec Addr    Load Addr    Size         Type   Attr      Idx    E Section Name        Object

    0x20000000        -       0x00000060   Zero   RW          172    .bss                c_w.l(libspace.o)
    0x20000060        -       0x00000001   Zero   RW           16    .bss.CurrentState   main.o
    0x20000061        -       0x00000001   Zero   RW           19    .bss.SENDCOLOR      main.o
    0x20000062        -       0x00000044   Zero   RW           94    .bss.UART0_RxRB     uart0.o
    0x200000a6        -       0x00000044   Zero   RW          132    .bss.UART4_RxRB     uart4.o
    0x200000ea        -       0x00000001   Zero   RW           23    .bss.USERINPUT      main.o
    0x200000eb        -       0x00000001   Zero   RW           18    .bss.WheelColor     main.o
    0x200000ec        -       0x00000001   Zero   RW           21    .bss.currentColor   main.o
    0x200000ed        -       0x00000001   Zero   RW           24    .bss.mcu2Reply      main.o
    0x200000ee   0x00001d38   0x00000002   PAD
    0x200000f0        -       0x00000000   Zero   RW           33    HEAP                startup.o
    0x200000f0        -       0x00000400   Zero   RW           32    STACK               startup.o


==============================================================================

Image component sizes


      Code (inc. data)   RO Data    RW Data    ZI Data      Debug   Object Name

      2568         66       1296          0          6       4392   main.o
       132          0          0          0          0        499   pll.o
       802          0          0          0          0       1282   portf.o
       692        632          0          0       1024       1108   startup.o
       980          0          0          0         68       3496   uart0.o
       674          0          0          0         68       3314   uart4.o

    ----------------------------------------------------------------------
      5872        698       1312          0       1168      14091   Object Totals
         0          0         16          0          0          0   (incl. Generated)
        24          0          0          0          2          0   (incl. Padding)

    ----------------------------------------------------------------------

      Code (inc. data)   RO Data    RW Data    ZI Data      Debug   Library Member Name

         8          0          0          0          0         68   __main.o
         0          0          0          0          0          0   __rtentry.o
        12          0          0          0          0          0   __rtentry2.o
         6          0          0          0          0          0   __rtentry4.o
        94          8          0          0          0          0   __scatter.o
        28          0          0          0          0          0   __scatter_zi.o
        18          0          0          0          0         80   exit.o
         6          0          0          0          0        152   heapauxi.o
         0          0          0          0          0          0   indicate_semi.o
         2          0          0          0          0          0   libinit.o
         2          0          0          0          0          0   libinit2.o
         2          0          0          0          0          0   libshutdown.o
         2          0          0          0          0          0   libshutdown2.o
         8          4          0          0         96         68   libspace.o
         2          0          0          0          0          0   rtexit.o
        10          0          0          0          0          0   rtexit2.o
        12          4          0          0          0         68   sys_exit.o
        74          0          0          0          0         80   sys_stackheap_outer.o
         2          0          0          0          0         68   use_no_semi.o

    ----------------------------------------------------------------------
       296         16          0          0         96        584   Library Totals
         8          0          0          0          0          0   (incl. Padding)

    ----------------------------------------------------------------------

      Code (inc. data)   RO Data    RW Data    ZI Data      Debug   Library Name

       288         16          0          0         96        584   c_w.l

    ----------------------------------------------------------------------
       296         16          0          0         96        584   Library Totals

    ----------------------------------------------------------------------

==============================================================================


      Code (inc. data)   RO Data    RW Data    ZI Data      Debug   

      6168        714       1312          0       1264      14487   Grand Totals
      6168        714       1312          0       1264      14487   ELF Image Totals
      6168        714       1312          0          0          0   ROM Totals

==============================================================================

    Total RO  Size (Code + RO Data)                 7480 (   7.30kB)
    Total RW  Size (RW Data + ZI Data)              1264 (   1.23kB)
    Total ROM Size (Code + RO Data + RW Data)       7480 (   7.30kB)

==============================================================================

