Component: Arm Compiler for Embedded 6.21 Tool: armlink [5ec1fa00]

==============================================================================

Section Cross References

    main.o(.text.main) refers to main.o(.text.SystemInit) for SystemInit
    main.o(.text.main) refers to main.o(.text.DelayMs) for DelayMs
    main.o(.text.main) refers to main.o(.bss.CurrentState) for CurrentState
    main.o(.text.main) refers to uart0.o(.text.UART0_OutCRLF) for UART0_OutCRLF
    main.o(.text.main) refers to main.o(.rodata.str1.1) for .L.str
    main.o(.text.main) refers to uart0.o(.text.UART0_OutString) for UART0_OutString
    main.o(.text.main) refers to uart0.o(.text.UART0_InChar) for UART0_InChar
    main.o(.text.main) refers to main.o(.bss.USERINPUT) for USERINPUT
    main.o(.text.main) refers to uart0.o(.text.UART0_OutChar) for UART0_OutChar
    main.o(.text.main) refers to main.o(.text.LedColor) for LedColor
    main.o(.text.main) refers to uart0.o(.text.UART0_InUDec) for UART0_InUDec
    main.o(.text.main) refers to main.o(.text.LedBrightness) for LedBrightness
    main.o(.text.main) refers to main.o(.bss.SENDCOLOR) for SENDCOLOR
    main.o(.text.main) refers to main.o(.bss.UpdateColorDisplay) for UpdateColorDisplay
    main.o(.text.main) refers to main.o(.bss.WheelColor) for WheelColor
    main.o(.text.main) refers to main.o(.text.Mode2SetLED) for Mode2SetLED
    main.o(.text.main) refers to uart4.o(.text.UART4_OutChar) for UART4_OutChar
    main.o(.text.main) refers to main.o(.text.getColor) for getColor
    main.o(.text.main) refers to uart4.o(.text.UART4_Available) for UART4_Available
    main.o(.text.main) refers to uart4.o(.text.UART4_InChar) for UART4_InChar
    main.o(.text.main) refers to main.o(.bss.mcu2Reply) for mcu2Reply
    main.o(.text.main) refers to main.o(.text.ColorToIndex) for ColorToIndex
    main.o(.text.main) refers to main.o(.bss.Mode3ExitRequest) for Mode3ExitRequest
    main.o(.text.main) refers to main.o(.bss.Mode3TxIndex) for Mode3TxIndex
    main.o(.text.main) refers to main.o(.bss.Mode3RxIndex) for Mode3RxIndex
    main.o(.text.main) refers to main.o(.text.Mode3_SendMessageMCU1) for Mode3_SendMessageMCU1
    main.o(.text.main) refers to main.o(.text.Mode3_ReceiveMessageMCU1) for Mode3_ReceiveMessageMCU1
    main.o(.ARM.exidx.text.main) refers to main.o(.text.main) for [Anonymous Symbol]
    main.o(.text.SystemInit) refers to pll.o(.text.PLL_Init) for PLL_Init
    main.o(.text.SystemInit) refers to portf.o(.text.PortF_Init) for PortF_Init
    main.o(.text.SystemInit) refers to uart0.o(.text.UART0_Init) for UART0_Init
    main.o(.text.SystemInit) refers to uart4.o(.text.UART4_Init) for UART4_Init
    main.o(.ARM.exidx.text.SystemInit) refers to main.o(.text.SystemInit) for [Anonymous Symbol]
    main.o(.ARM.exidx.text.DelayMs) refers to main.o(.text.DelayMs) for [Anonymous Symbol]
    main.o(.text.LedColor) refers to main.o(.bss.currentColor) for currentColor
    main.o(.text.LedColor) refers to portf.o(.text.PortF_SetRGB) for PortF_SetRGB
    main.o(.text.LedColor) refers to main.o(.rodata.str1.1) for .L.str.40
    main.o(.text.LedColor) refers to uart0.o(.text.UART0_OutString) for UART0_OutString
    main.o(.ARM.exidx.text.LedColor) refers to main.o(.text.LedColor) for [Anonymous Symbol]
    main.o(.text.LedBrightness) refers to main.o(.bss.currentColor) for currentColor
    main.o(.text.LedBrightness) refers to portf.o(.text.PortF_SetRGB) for PortF_SetRGB
    main.o(.text.LedBrightness) refers to main.o(.rodata.str1.1) for .L.str.49
    main.o(.text.LedBrightness) refers to uart0.o(.text.UART0_OutString) for UART0_OutString
    main.o(.text.LedBrightness) refers to uart0.o(.text.UART0_OutUDec) for UART0_OutUDec
    main.o(.ARM.exidx.text.LedBrightness) refers to main.o(.text.LedBrightness) for [Anonymous Symbol]
    main.o(.text.Mode2SetLED) refers to portf.o(.text.PortF_SetRGB) for PortF_SetRGB
    main.o(.ARM.exidx.text.Mode2SetLED) refers to main.o(.text.Mode2SetLED) for [Anonymous Symbol]
    main.o(.ARM.exidx.text.getColor) refers to main.o(.text.getColor) for [Anonymous Symbol]
    main.o(.ARM.exidx.text.ColorToIndex) refers to main.o(.text.ColorToIndex) for [Anonymous Symbol]
    main.o(.text.Mode3_SendMessageMCU1) refers to uart0.o(.text.UART0_Available) for UART0_Available
    main.o(.text.Mode3_SendMessageMCU1) refers to uart0.o(.text.UART0_InChar) for UART0_InChar
    main.o(.text.Mode3_SendMessageMCU1) refers to main.o(.rodata.str1.1) for .L.str.58
    main.o(.text.Mode3_SendMessageMCU1) refers to uart0.o(.text.UART0_OutString) for UART0_OutString
    main.o(.text.Mode3_SendMessageMCU1) refers to uart0.o(.text.UART0_OutChar) for UART0_OutChar
    main.o(.text.Mode3_SendMessageMCU1) refers to main.o(.bss.Mode3TxIndex) for Mode3TxIndex
    main.o(.text.Mode3_SendMessageMCU1) refers to main.o(.bss.Mode3TxBuffer) for Mode3TxBuffer
    main.o(.text.Mode3_SendMessageMCU1) refers to uart4.o(.text.UART4_OutString) for UART4_OutString
    main.o(.text.Mode3_SendMessageMCU1) refers to uart4.o(.text.UART4_OutChar) for UART4_OutChar
    main.o(.text.Mode3_SendMessageMCU1) refers to uart0.o(.text.UART0_OutCRLF) for UART0_OutCRLF
    main.o(.text.Mode3_SendMessageMCU1) refers to main.o(.bss.CurrentState) for CurrentState
    main.o(.ARM.exidx.text.Mode3_SendMessageMCU1) refers to main.o(.text.Mode3_SendMessageMCU1) for [Anonymous Symbol]
    main.o(.text.Mode3_ReceiveMessageMCU1) refers to uart4.o(.text.UART4_Available) for UART4_Available
    main.o(.text.Mode3_ReceiveMessageMCU1) refers to uart4.o(.text.UART4_InChar) for UART4_InChar
    main.o(.text.Mode3_ReceiveMessageMCU1) refers to uart0.o(.text.UART0_OutCRLF) for UART0_OutCRLF
    main.o(.text.Mode3_ReceiveMessageMCU1) refers to main.o(.bss.CurrentState) for CurrentState
    main.o(.text.Mode3_ReceiveMessageMCU1) refers to main.o(.bss.Mode3RxIndex) for Mode3RxIndex
    main.o(.text.Mode3_ReceiveMessageMCU1) refers to main.o(.bss.Mode3RxBuffer) for Mode3RxBuffer
    main.o(.text.Mode3_ReceiveMessageMCU1) refers to main.o(.rodata.str1.1) for .L.str.60
    main.o(.text.Mode3_ReceiveMessageMCU1) refers to uart0.o(.text.UART0_OutString) for UART0_OutString
    main.o(.ARM.exidx.text.Mode3_ReceiveMessageMCU1) refers to main.o(.text.Mode3_ReceiveMessageMCU1) for [Anonymous Symbol]
    main.o(.text.GPIOPortF_Handler) refers to main.o(.text.DelayMs) for DelayMs
    main.o(.text.GPIOPortF_Handler) refers to main.o(.bss.CurrentState) for CurrentState
    main.o(.text.GPIOPortF_Handler) refers to main.o(.bss.SENDCOLOR) for SENDCOLOR
    main.o(.text.GPIOPortF_Handler) refers to main.o(.bss.Mode3ExitRequest) for Mode3ExitRequest
    main.o(.text.GPIOPortF_Handler) refers to main.o(.bss.WheelColor) for WheelColor
    main.o(.text.GPIOPortF_Handler) refers to main.o(.bss.UpdateColorDisplay) for UpdateColorDisplay
    main.o(.ARM.exidx.text.GPIOPortF_Handler) refers to main.o(.text.GPIOPortF_Handler) for [Anonymous Symbol]
    startup.o(STACK) refers (Special) to heapauxi.o(.text) for __use_two_region_memory
    startup.o(HEAP) refers (Special) to heapauxi.o(.text) for __use_two_region_memory
    startup.o(RESET) refers (Special) to heapauxi.o(.text) for __use_two_region_memory
    startup.o(RESET) refers to startup.o(STACK) for StackMem
    startup.o(RESET) refers to uart0.o(.text.UART0_Handler) for UART0_Handler
    startup.o(RESET) refers to main.o(.text.GPIOPortF_Handler) for GPIOPortF_Handler
    startup.o(RESET) refers to uart4.o(.text.UART4_Handler) for UART4_Handler
    startup.o(RESET) refers to __main.o(!!!main) for __main
    startup.o(.text) refers (Special) to heapauxi.o(.text) for __use_two_region_memory
    startup.o(.text) refers to startup.o(HEAP) for HeapMem
    startup.o(.text) refers to startup.o(STACK) for StackMem
    pll.o(.ARM.exidx.text.PLL_Init) refers to pll.o(.text.PLL_Init) for [Anonymous Symbol]
    portf.o(.ARM.exidx.text.PortF_Init) refers to portf.o(.text.PortF_Init) for [Anonymous Symbol]
    portf.o(.ARM.exidx.text.PortF_SetRGB) refers to portf.o(.text.PortF_SetRGB) for [Anonymous Symbol]
    uart0.o(.ARM.exidx.text.rb0_Init) refers to uart0.o(.text.rb0_Init) for [Anonymous Symbol]
    uart0.o(.ARM.exidx.text.rb0_Empty) refers to uart0.o(.text.rb0_Empty) for [Anonymous Symbol]
    uart0.o(.ARM.exidx.text.rb0_Full) refers to uart0.o(.text.rb0_Full) for [Anonymous Symbol]
    uart0.o(.ARM.exidx.text.rb0_Put) refers to uart0.o(.text.rb0_Put) for [Anonymous Symbol]
    uart0.o(.text.rb0_Get) refers to uart0.o(.text.rb0_Empty) for rb0_Empty
    uart0.o(.ARM.exidx.text.rb0_Get) refers to uart0.o(.text.rb0_Get) for [Anonymous Symbol]
    uart0.o(.text.UART0_Init) refers to uart0.o(.bss.UART0_RxRB) for UART0_RxRB
    uart0.o(.text.UART0_Init) refers to uart0.o(.text.rb0_Init) for rb0_Init
    uart0.o(.ARM.exidx.text.UART0_Init) refers to uart0.o(.text.UART0_Init) for [Anonymous Symbol]
    uart0.o(.text.UART0_Available) refers to uart0.o(.bss.UART0_RxRB) for UART0_RxRB
    uart0.o(.text.UART0_Available) refers to uart0.o(.text.rb0_Empty) for rb0_Empty
    uart0.o(.ARM.exidx.text.UART0_Available) refers to uart0.o(.text.UART0_Available) for [Anonymous Symbol]
    uart0.o(.text.UART0_InChar) refers to uart0.o(.bss.UART0_RxRB) for UART0_RxRB
    uart0.o(.text.UART0_InChar) refers to uart0.o(.text.rb0_Get) for rb0_Get
    uart0.o(.ARM.exidx.text.UART0_InChar) refers to uart0.o(.text.UART0_InChar) for [Anonymous Symbol]
    uart0.o(.ARM.exidx.text.UART0_OutChar) refers to uart0.o(.text.UART0_OutChar) for [Anonymous Symbol]
    uart0.o(.text.UART0_OutString) refers to uart0.o(.text.UART0_OutChar) for UART0_OutChar
    uart0.o(.ARM.exidx.text.UART0_OutString) refers to uart0.o(.text.UART0_OutString) for [Anonymous Symbol]
    uart0.o(.text.UART0_InString) refers to uart0.o(.text.UART0_InChar) for UART0_InChar
    uart0.o(.text.UART0_InString) refers to uart0.o(.text.UART0_OutChar) for UART0_OutChar
    uart0.o(.ARM.exidx.text.UART0_InString) refers to uart0.o(.text.UART0_InString) for [Anonymous Symbol]
    uart0.o(.text.UART0_InUDec) refers to uart0.o(.text.UART0_InChar) for UART0_InChar
    uart0.o(.text.UART0_InUDec) refers to uart0.o(.text.UART0_OutChar) for UART0_OutChar
    uart0.o(.ARM.exidx.text.UART0_InUDec) refers to uart0.o(.text.UART0_InUDec) for [Anonymous Symbol]
    uart0.o(.text.UART0_OutUDec) refers to uart0.o(.text.UART0_OutChar) for UART0_OutChar
    uart0.o(.ARM.exidx.text.UART0_OutUDec) refers to uart0.o(.text.UART0_OutUDec) for [Anonymous Symbol]
    uart0.o(.text.UART0_OutCRLF) refers to uart0.o(.text.UART0_OutChar) for UART0_OutChar
    uart0.o(.ARM.exidx.text.UART0_OutCRLF) refers to uart0.o(.text.UART0_OutCRLF) for [Anonymous Symbol]
    uart0.o(.text.UART0_Handler) refers to main.o(.bss.CurrentState) for CurrentState
    uart0.o(.text.UART0_Handler) refers to main.o(.bss.SENDCOLOR) for SENDCOLOR
    uart0.o(.text.UART0_Handler) refers to main.o(.bss.UpdateColorDisplay) for UpdateColorDisplay
    uart0.o(.text.UART0_Handler) refers to main.o(.bss.WheelColor) for WheelColor
    uart0.o(.text.UART0_Handler) refers to portf.o(.text.PortF_SetRGB) for PortF_SetRGB
    uart0.o(.text.UART0_Handler) refers to uart4.o(.text.UART4_OutChar) for UART4_OutChar
    uart0.o(.text.UART0_Handler) refers to uart0.o(.bss.UART0_RxRB) for UART0_RxRB
    uart0.o(.text.UART0_Handler) refers to uart0.o(.text.rb0_Put) for rb0_Put
    uart0.o(.ARM.exidx.text.UART0_Handler) refers to uart0.o(.text.UART0_Handler) for [Anonymous Symbol]
    uart4.o(.ARM.exidx.text.rb4_Init) refers to uart4.o(.text.rb4_Init) for [Anonymous Symbol]
    uart4.o(.ARM.exidx.text.rb4_Empty) refers to uart4.o(.text.rb4_Empty) for [Anonymous Symbol]
    uart4.o(.ARM.exidx.text.rb4_Full) refers to uart4.o(.text.rb4_Full) for [Anonymous Symbol]
    uart4.o(.ARM.exidx.text.rb4_Put) refers to uart4.o(.text.rb4_Put) for [Anonymous Symbol]
    uart4.o(.text.rb4_Get) refers to uart4.o(.text.rb4_Empty) for rb4_Empty
    uart4.o(.ARM.exidx.text.rb4_Get) refers to uart4.o(.text.rb4_Get) for [Anonymous Symbol]
    uart4.o(.text.UART4_Init) refers to uart4.o(.bss.UART4_RxRB) for UART4_RxRB
    uart4.o(.text.UART4_Init) refers to uart4.o(.text.rb4_Init) for rb4_Init
    uart4.o(.ARM.exidx.text.UART4_Init) refers to uart4.o(.text.UART4_Init) for [Anonymous Symbol]
    uart4.o(.text.UART4_Available) refers to uart4.o(.bss.UART4_RxRB) for UART4_RxRB
    uart4.o(.text.UART4_Available) refers to uart4.o(.text.rb4_Empty) for rb4_Empty
    uart4.o(.ARM.exidx.text.UART4_Available) refers to uart4.o(.text.UART4_Available) for [Anonymous Symbol]
    uart4.o(.text.UART4_InChar) refers to uart4.o(.bss.UART4_RxRB) for UART4_RxRB
    uart4.o(.text.UART4_InChar) refers to uart4.o(.text.rb4_Get) for rb4_Get
    uart4.o(.ARM.exidx.text.UART4_InChar) refers to uart4.o(.text.UART4_InChar) for [Anonymous Symbol]
    uart4.o(.ARM.exidx.text.UART4_OutChar) refers to uart4.o(.text.UART4_OutChar) for [Anonymous Symbol]
    uart4.o(.text.UART4_OutString) refers to uart4.o(.text.UART4_OutChar) for UART4_OutChar
    uart4.o(.ARM.exidx.text.UART4_OutString) refers to uart4.o(.text.UART4_OutString) for [Anonymous Symbol]
    uart4.o(.text.UART4_InString) refers to uart4.o(.text.UART4_InChar) for UART4_InChar
    uart4.o(.text.UART4_InString) refers to uart4.o(.text.UART4_OutChar) for UART4_OutChar
    uart4.o(.ARM.exidx.text.UART4_InString) refers to uart4.o(.text.UART4_InString) for [Anonymous Symbol]
    uart4.o(.text.UART4_InUDec) refers to uart4.o(.text.UART4_InChar) for UART4_InChar
    uart4.o(.text.UART4_InUDec) refers to uart4.o(.text.UART4_OutChar) for UART4_OutChar
    uart4.o(.ARM.exidx.text.UART4_InUDec) refers to uart4.o(.text.UART4_InUDec) for [Anonymous Symbol]
    uart4.o(.text.UART4_OutUDec) refers to uart4.o(.text.UART4_OutChar) for UART4_OutChar
    uart4.o(.ARM.exidx.text.UART4_OutUDec) refers to uart4.o(.text.UART4_OutUDec) for [Anonymous Symbol]
    uart4.o(.text.UART4_OutCRLF) refers to uart4.o(.text.UART4_OutChar) for UART4_OutChar
    uart4.o(.ARM.exidx.text.UART4_OutCRLF) refers to uart4.o(.text.UART4_OutCRLF) for [Anonymous Symbol]
    uart4.o(.text.UART4_Handler) refers to uart4.o(.bss.UART4_RxRB) for UART4_RxRB
    uart4.o(.text.UART4_Handler) refers to uart4.o(.text.rb4_Put) for rb4_Put
    uart4.o(.ARM.exidx.text.UART4_Handler) refers to uart4.o(.text.UART4_Handler) for [Anonymous Symbol]
    __main.o(!!!main) refers to __rtentry.o(.ARM.Collect$$rtentry$$00000000) for __rt_entry
    __rtentry.o(.ARM.Collect$$rtentry$$00000000) refers (Special) to __rtentry2.o(.ARM.Collect$$rtentry$$0000000A) for __rt_entry_li
    __rtentry.o(.ARM.Collect$$rtentry$$00000000) refers (Special) to __rtentry2.o(.ARM.Collect$$rtentry$$0000000D) for __rt_entry_main
    __rtentry.o(.ARM.Collect$$rtentry$$00000000) refers (Special) to __rtentry2.o(.ARM.Collect$$rtentry$$0000000C) for __rt_entry_postli_1
    __rtentry.o(.ARM.Collect$$rtentry$$00000000) refers (Special) to __rtentry2.o(.ARM.Collect$$rtentry$$00000009) for __rt_entry_postsh_1
    __rtentry.o(.ARM.Collect$$rtentry$$00000000) refers (Special) to __rtentry2.o(.ARM.Collect$$rtentry$$00000002) for __rt_entry_presh_1
    __rtentry.o(.ARM.Collect$$rtentry$$00000000) refers (Special) to __rtentry4.o(.ARM.Collect$$rtentry$$00000004) for __rt_entry_sh
    __rtentry2.o(.ARM.Collect$$rtentry$$00000008) refers to boardinit2.o(.text) for _platform_post_stackheap_init
    __rtentry2.o(.ARM.Collect$$rtentry$$0000000A) refers to libinit.o(.ARM.Collect$$libinit$$00000000) for __rt_lib_init
    __rtentry2.o(.ARM.Collect$$rtentry$$0000000B) refers to boardinit3.o(.text) for _platform_post_lib_init
    __rtentry2.o(.ARM.Collect$$rtentry$$0000000D) refers to main.o(.text.main) for main
    __rtentry2.o(.ARM.Collect$$rtentry$$0000000D) refers to exit.o(.text) for exit
    __rtentry2.o(.ARM.exidx) refers to __rtentry2.o(.ARM.Collect$$rtentry$$00000001) for .ARM.Collect$$rtentry$$00000001
    __rtentry2.o(.ARM.exidx) refers to __rtentry2.o(.ARM.Collect$$rtentry$$00000008) for .ARM.Collect$$rtentry$$00000008
    __rtentry2.o(.ARM.exidx) refers to __rtentry2.o(.ARM.Collect$$rtentry$$0000000A) for .ARM.Collect$$rtentry$$0000000A
    __rtentry2.o(.ARM.exidx) refers to __rtentry2.o(.ARM.Collect$$rtentry$$0000000B) for .ARM.Collect$$rtentry$$0000000B
    __rtentry2.o(.ARM.exidx) refers to __rtentry2.o(.ARM.Collect$$rtentry$$0000000D) for .ARM.Collect$$rtentry$$0000000D
    __rtentry4.o(.ARM.Collect$$rtentry$$00000004) refers to sys_stackheap_outer.o(.text) for __user_setup_stackheap
    __rtentry4.o(.ARM.exidx) refers to __rtentry4.o(.ARM.Collect$$rtentry$$00000004) for .ARM.Collect$$rtentry$$00000004
    sys_stackheap_outer.o(.text) refers to libspace.o(.text) for __user_perproc_libspace
    sys_stackheap_outer.o(.text) refers to startup.o(.text) for __user_initial_stackheap
    exit.o(.text) refers to rtexit.o(.ARM.Collect$$rtexit$$00000000) for __rt_exit
    libinit.o(.ARM.Collect$$libinit$$00000000) refers (Special) to libinit2.o(.ARM.Collect$$libinit$$00000030) for __rt_lib_init_alloca_1
    libinit.o(.ARM.Collect$$libinit$$00000000) refers (Special) to libinit2.o(.ARM.Collect$$libinit$$0000002E) for __rt_lib_init_argv_1
    libinit.o(.ARM.Collect$$libinit$$00000000) refers (Special) to libinit2.o(.ARM.Collect$$libinit$$0000001D) for __rt_lib_init_atexit_1
    libinit.o(.ARM.Collect$$libinit$$00000000) refers (Special) to libinit2.o(.ARM.Collect$$libinit$$00000023) for __rt_lib_init_clock_1
    libinit.o(.ARM.Collect$$libinit$$00000000) refers (Special) to libinit2.o(.ARM.Collect$$libinit$$00000034) for __rt_lib_init_cpp_1
    libinit.o(.ARM.Collect$$libinit$$00000000) refers (Special) to libinit2.o(.ARM.Collect$$libinit$$00000032) for __rt_lib_init_exceptions_1
    libinit.o(.ARM.Collect$$libinit$$00000000) refers (Special) to libinit2.o(.ARM.Collect$$libinit$$00000002) for __rt_lib_init_fp_1
    libinit.o(.ARM.Collect$$libinit$$00000000) refers (Special) to libinit2.o(.ARM.Collect$$libinit$$00000021) for __rt_lib_init_fp_trap_1
    libinit.o(.ARM.Collect$$libinit$$00000000) refers (Special) to libinit2.o(.ARM.Collect$$libinit$$00000025) for __rt_lib_init_getenv_1
    libinit.o(.ARM.Collect$$libinit$$00000000) refers (Special) to libinit2.o(.ARM.Collect$$libinit$$0000000C) for __rt_lib_init_heap_1
    libinit.o(.ARM.Collect$$libinit$$00000000) refers (Special) to libinit2.o(.ARM.Collect$$libinit$$00000013) for __rt_lib_init_lc_collate_1
    libinit.o(.ARM.Collect$$libinit$$00000000) refers (Special) to libinit2.o(.ARM.Collect$$libinit$$00000015) for __rt_lib_init_lc_ctype_1
    libinit.o(.ARM.Collect$$libinit$$00000000) refers (Special) to libinit2.o(.ARM.Collect$$libinit$$00000017) for __rt_lib_init_lc_monetary_1
    libinit.o(.ARM.Collect$$libinit$$00000000) refers (Special) to libinit2.o(.ARM.Collect$$libinit$$00000019) for __rt_lib_init_lc_numeric_1
    libinit.o(.ARM.Collect$$libinit$$00000000) refers (Special) to libinit2.o(.ARM.Collect$$libinit$$0000001B) for __rt_lib_init_lc_time_1
    libinit.o(.ARM.Collect$$libinit$$00000000) refers (Special) to libinit2.o(.ARM.Collect$$libinit$$00000006) for __rt_lib_init_preinit_1
    libinit.o(.ARM.Collect$$libinit$$00000000) refers (Special) to libinit2.o(.ARM.Collect$$libinit$$00000010) for __rt_lib_init_rand_1
    libinit.o(.ARM.Collect$$libinit$$00000000) refers (Special) to libinit2.o(.ARM.Collect$$libinit$$00000004) for __rt_lib_init_relocate_pie_1
    libinit.o(.ARM.Collect$$libinit$$00000000) refers (Special) to libinit2.o(.ARM.Collect$$libinit$$00000035) for __rt_lib_init_return
    libinit.o(.ARM.Collect$$libinit$$00000000) refers (Special) to libinit2.o(.ARM.Collect$$libinit$$0000001F) for __rt_lib_init_signal_1
    libinit.o(.ARM.Collect$$libinit$$00000000) refers (Special) to libinit2.o(.ARM.Collect$$libinit$$00000027) for __rt_lib_init_stdio_1
    libinit.o(.ARM.Collect$$libinit$$00000000) refers (Special) to libinit2.o(.ARM.Collect$$libinit$$0000000E) for __rt_lib_init_user_alloc_1
    libspace.o(.text) refers to libspace.o(.bss) for __libspace_start
    rtexit.o(.ARM.Collect$$rtexit$$00000000) refers (Special) to rtexit2.o(.ARM.Collect$$rtexit$$00000004) for __rt_exit_exit
    rtexit.o(.ARM.Collect$$rtexit$$00000000) refers (Special) to rtexit2.o(.ARM.Collect$$rtexit$$00000003) for __rt_exit_ls
    rtexit.o(.ARM.Collect$$rtexit$$00000000) refers (Special) to rtexit2.o(.ARM.Collect$$rtexit$$00000002) for __rt_exit_prels_1
    rtexit.o(.ARM.exidx) refers (Special) to rtexit2.o(.ARM.Collect$$rtexit$$00000004) for __rt_exit_exit
    rtexit.o(.ARM.exidx) refers (Special) to rtexit2.o(.ARM.Collect$$rtexit$$00000003) for __rt_exit_ls
    rtexit.o(.ARM.exidx) refers (Special) to rtexit2.o(.ARM.Collect$$rtexit$$00000002) for __rt_exit_prels_1
    rtexit.o(.ARM.exidx) refers to rtexit.o(.ARM.Collect$$rtexit$$00000000) for .ARM.Collect$$rtexit$$00000000
    libinit2.o(.ARM.Collect$$libinit$$00000012) refers to libinit2.o(.ARM.Collect$$libinit$$00000011) for .ARM.Collect$$libinit$$00000011
    libinit2.o(.ARM.Collect$$libinit$$00000014) refers to libinit2.o(.ARM.Collect$$libinit$$00000011) for .ARM.Collect$$libinit$$00000011
    libinit2.o(.ARM.Collect$$libinit$$00000016) refers to libinit2.o(.ARM.Collect$$libinit$$00000011) for .ARM.Collect$$libinit$$00000011
    libinit2.o(.ARM.Collect$$libinit$$00000018) refers to libinit2.o(.ARM.Collect$$libinit$$00000011) for .ARM.Collect$$libinit$$00000011
    libinit2.o(.ARM.Collect$$libinit$$0000001A) refers to libinit2.o(.ARM.Collect$$libinit$$00000011) for .ARM.Collect$$libinit$$00000011
    libinit2.o(.ARM.Collect$$libinit$$00000028) refers to argv_veneer.o(.emb_text) for __ARM_argv_veneer
    libinit2.o(.ARM.Collect$$libinit$$00000029) refers to argv_veneer.o(.emb_text) for __ARM_argv_veneer
    rtexit2.o(.ARM.Collect$$rtexit$$00000003) refers to libshutdown.o(.ARM.Collect$$libshutdown$$00000000) for __rt_lib_shutdown
    rtexit2.o(.ARM.Collect$$rtexit$$00000004) refers to sys_exit.o(.text) for _sys_exit
    rtexit2.o(.ARM.exidx) refers to rtexit2.o(.ARM.Collect$$rtexit$$00000001) for .ARM.Collect$$rtexit$$00000001
    rtexit2.o(.ARM.exidx) refers to rtexit2.o(.ARM.Collect$$rtexit$$00000003) for .ARM.Collect$$rtexit$$00000003
    rtexit2.o(.ARM.exidx) refers to rtexit2.o(.ARM.Collect$$rtexit$$00000004) for .ARM.Collect$$rtexit$$00000004
    argv_veneer.o(.emb_text) refers to no_argv.o(.text) for __ARM_get_argv
    sys_exit.o(.text) refers (Special) to use_no_semi.o(.text) for __I$use$semihosting
    sys_exit.o(.text) refers (Special) to indicate_semi.o(.text) for __semihosting_library_function
    sys_exit_hlt.o(.text) refers (Special) to use_no_semi.o(.text) for __I$use$semihosting
    sys_exit_hlt.o(.text) refers (Special) to indicate_semi.o(.text) for __semihosting_library_function
    _get_argv_nomalloc.o(.text) refers (Special) to hrguard.o(.text) for __heap_region$guard
    _get_argv_nomalloc.o(.text) refers to defsig_rtmem_outer.o(.text) for __rt_SIGRTMEM
    _get_argv_nomalloc.o(.text) refers to sys_command.o(.text) for _sys_command_string
    libshutdown.o(.ARM.Collect$$libshutdown$$00000000) refers (Special) to libshutdown2.o(.ARM.Collect$$libshutdown$$00000002) for __rt_lib_shutdown_cpp_1
    libshutdown.o(.ARM.Collect$$libshutdown$$00000000) refers (Special) to libshutdown2.o(.ARM.Collect$$libshutdown$$00000007) for __rt_lib_shutdown_fp_trap_1
    libshutdown.o(.ARM.Collect$$libshutdown$$00000000) refers (Special) to libshutdown2.o(.ARM.Collect$$libshutdown$$0000000F) for __rt_lib_shutdown_heap_1
    libshutdown.o(.ARM.Collect$$libshutdown$$00000000) refers (Special) to libshutdown2.o(.ARM.Collect$$libshutdown$$00000010) for __rt_lib_shutdown_return
    libshutdown.o(.ARM.Collect$$libshutdown$$00000000) refers (Special) to libshutdown2.o(.ARM.Collect$$libshutdown$$0000000A) for __rt_lib_shutdown_signal_1
    libshutdown.o(.ARM.Collect$$libshutdown$$00000000) refers (Special) to libshutdown2.o(.ARM.Collect$$libshutdown$$00000004) for __rt_lib_shutdown_stdio_1
    libshutdown.o(.ARM.Collect$$libshutdown$$00000000) refers (Special) to libshutdown2.o(.ARM.Collect$$libshutdown$$0000000C) for __rt_lib_shutdown_user_alloc_1
    sys_command.o(.text) refers (Special) to use_no_semi.o(.text) for __I$use$semihosting
    sys_command.o(.text) refers (Special) to indicate_semi.o(.text) for __semihosting_library_function
    sys_command_hlt.o(.text) refers (Special) to use_no_semi.o(.text) for __I$use$semihosting
    sys_command_hlt.o(.text) refers (Special) to indicate_semi.o(.text) for __semihosting_library_function
    defsig_rtmem_outer.o(.text) refers to defsig_rtmem_inner.o(.text) for __rt_SIGRTMEM_inner
    defsig_rtmem_outer.o(.text) refers to defsig_exit.o(.text) for __sig_exit
    defsig_rtmem_formal.o(.text) refers to rt_raise.o(.text) for __rt_raise
    rt_raise.o(.text) refers to __raise.o(.text) for __raise
    rt_raise.o(.text) refers to sys_exit.o(.text) for _sys_exit
    defsig_exit.o(.text) refers to sys_exit.o(.text) for _sys_exit
    defsig_rtmem_inner.o(.text) refers to defsig_general.o(.text) for __default_signal_display
    __raise.o(.text) refers to defsig.o(CL$$defsig) for __default_signal_handler
    defsig_general.o(.text) refers to sys_wrch.o(.text) for _ttywrch
    sys_wrch.o(.text) refers (Special) to use_no_semi.o(.text) for __I$use$semihosting
    sys_wrch.o(.text) refers (Special) to indicate_semi.o(.text) for __semihosting_library_function
    sys_wrch_hlt.o(.text) refers (Special) to use_no_semi.o(.text) for __I$use$semihosting
    sys_wrch_hlt.o(.text) refers (Special) to indicate_semi.o(.text) for __semihosting_library_function
    defsig.o(CL$$defsig) refers to defsig_rtmem_inner.o(.text) for __rt_SIGRTMEM_inner
    defsig_abrt_inner.o(.text) refers to defsig_general.o(.text) for __default_signal_display
    defsig_fpe_inner.o(.text) refers to defsig_general.o(.text) for __default_signal_display
    defsig_rtred_inner.o(.text) refers to defsig_general.o(.text) for __default_signal_display
    defsig_stak_inner.o(.text) refers to defsig_general.o(.text) for __default_signal_display
    defsig_pvfn_inner.o(.text) refers to defsig_general.o(.text) for __default_signal_display
    defsig_cppl_inner.o(.text) refers to defsig_general.o(.text) for __default_signal_display
    defsig_segv_inner.o(.text) refers to defsig_general.o(.text) for __default_signal_display
    defsig_other.o(.text) refers to defsig_general.o(.text) for __default_signal_display


==============================================================================

Removing Unused input sections from the image.

    Removing main.o(.text), (0 bytes).
    Removing main.o(.ARM.exidx.text.main), (8 bytes).
    Removing main.o(.ARM.exidx.text.SystemInit), (8 bytes).
    Removing main.o(.ARM.exidx.text.DelayMs), (8 bytes).
    Removing main.o(.ARM.exidx.text.LedColor), (8 bytes).
    Removing main.o(.ARM.exidx.text.LedBrightness), (8 bytes).
    Removing main.o(.ARM.exidx.text.Mode2SetLED), (8 bytes).
    Removing main.o(.ARM.exidx.text.getColor), (8 bytes).
    Removing main.o(.ARM.exidx.text.ColorToIndex), (8 bytes).
    Removing main.o(.ARM.exidx.text.Mode3_SendMessageMCU1), (8 bytes).
    Removing main.o(.ARM.exidx.text.Mode3_ReceiveMessageMCU1), (8 bytes).
    Removing main.o(.ARM.exidx.text.GPIOPortF_Handler), (8 bytes).
    Removing main.o(.rodata.cst8), (8 bytes).
    Removing main.o(.ARM.use_no_argv), (4 bytes).
    Removing pll.o(.text), (0 bytes).
    Removing pll.o(.ARM.exidx.text.PLL_Init), (8 bytes).
    Removing portf.o(.text), (0 bytes).
    Removing portf.o(.ARM.exidx.text.PortF_Init), (8 bytes).
    Removing portf.o(.ARM.exidx.text.PortF_SetRGB), (8 bytes).
    Removing moduletest.o(.text), (0 bytes).
    Removing uart0.o(.text), (0 bytes).
    Removing uart0.o(.ARM.exidx.text.rb0_Init), (8 bytes).
    Removing uart0.o(.ARM.exidx.text.rb0_Empty), (8 bytes).
    Removing uart0.o(.text.rb0_Full), (30 bytes).
    Removing uart0.o(.ARM.exidx.text.rb0_Full), (8 bytes).
    Removing uart0.o(.ARM.exidx.text.rb0_Put), (8 bytes).
    Removing uart0.o(.ARM.exidx.text.rb0_Get), (8 bytes).
    Removing uart0.o(.ARM.exidx.text.UART0_Init), (8 bytes).
    Removing uart0.o(.ARM.exidx.text.UART0_Available), (8 bytes).
    Removing uart0.o(.ARM.exidx.text.UART0_InChar), (8 bytes).
    Removing uart0.o(.ARM.exidx.text.UART0_OutChar), (8 bytes).
    Removing uart0.o(.ARM.exidx.text.UART0_OutString), (8 bytes).
    Removing uart0.o(.text.UART0_InString), (138 bytes).
    Removing uart0.o(.ARM.exidx.text.UART0_InString), (8 bytes).
    Removing uart0.o(.ARM.exidx.text.UART0_InUDec), (8 bytes).
    Removing uart0.o(.ARM.exidx.text.UART0_OutUDec), (8 bytes).
    Removing uart0.o(.ARM.exidx.text.UART0_OutCRLF), (8 bytes).
    Removing uart0.o(.ARM.exidx.text.UART0_Handler), (8 bytes).
    Removing uart4.o(.text), (0 bytes).
    Removing uart4.o(.ARM.exidx.text.rb4_Init), (8 bytes).
    Removing uart4.o(.ARM.exidx.text.rb4_Empty), (8 bytes).
    Removing uart4.o(.text.rb4_Full), (30 bytes).
    Removing uart4.o(.ARM.exidx.text.rb4_Full), (8 bytes).
    Removing uart4.o(.ARM.exidx.text.rb4_Put), (8 bytes).
    Removing uart4.o(.ARM.exidx.text.rb4_Get), (8 bytes).
    Removing uart4.o(.ARM.exidx.text.UART4_Init), (8 bytes).
    Removing uart4.o(.ARM.exidx.text.UART4_Available), (8 bytes).
    Removing uart4.o(.ARM.exidx.text.UART4_InChar), (8 bytes).
    Removing uart4.o(.ARM.exidx.text.UART4_OutChar), (8 bytes).
    Removing uart4.o(.ARM.exidx.text.UART4_OutString), (8 bytes).
    Removing uart4.o(.text.UART4_InString), (138 bytes).
    Removing uart4.o(.ARM.exidx.text.UART4_InString), (8 bytes).
    Removing uart4.o(.text.UART4_InUDec), (152 bytes).
    Removing uart4.o(.ARM.exidx.text.UART4_InUDec), (8 bytes).
    Removing uart4.o(.text.UART4_OutUDec), (72 bytes).
    Removing uart4.o(.ARM.exidx.text.UART4_OutUDec), (8 bytes).
    Removing uart4.o(.text.UART4_OutCRLF), (16 bytes).
    Removing uart4.o(.ARM.exidx.text.UART4_OutCRLF), (8 bytes).
    Removing uart4.o(.ARM.exidx.text.UART4_Handler), (8 bytes).

59 unused section(s) (total 940 bytes) removed from the image.

==============================================================================

Image Symbol Table

    Local Symbols

    Symbol Name                              Value     Ov Type        Size  Object(Section)

    ../Src/startup.s                         0x00000000   Number         0  startup.o ABSOLUTE
    ../clib/angel/boardlib.s                 0x00000000   Number         0  boardinit1.o ABSOLUTE
    ../clib/angel/boardlib.s                 0x00000000   Number         0  boardinit2.o ABSOLUTE
    ../clib/angel/boardlib.s                 0x00000000   Number         0  boardinit3.o ABSOLUTE
    ../clib/angel/boardlib.s                 0x00000000   Number         0  boardshut.o ABSOLUTE
    ../clib/angel/handlers.s                 0x00000000   Number         0  __scatter_zi.o ABSOLUTE
    ../clib/angel/kernel.s                   0x00000000   Number         0  __rtentry.o ABSOLUTE
    ../clib/angel/kernel.s                   0x00000000   Number         0  __rtentry2.o ABSOLUTE
    ../clib/angel/kernel.s                   0x00000000   Number         0  __rtentry4.o ABSOLUTE
    ../clib/angel/kernel.s                   0x00000000   Number         0  rtexit.o ABSOLUTE
    ../clib/angel/kernel.s                   0x00000000   Number         0  rtexit2.o ABSOLUTE
    ../clib/angel/rt.s                       0x00000000   Number         0  rt_raise.o ABSOLUTE
    ../clib/angel/scatter.s                  0x00000000   Number         0  __scatter.o ABSOLUTE
    ../clib/angel/startup.s                  0x00000000   Number         0  __main.o ABSOLUTE
    ../clib/angel/sys.s                      0x00000000   Number         0  sys_stackheap_outer.o ABSOLUTE
    ../clib/angel/sys.s                      0x00000000   Number         0  libspace.o ABSOLUTE
    ../clib/angel/sys.s                      0x00000000   Number         0  use_no_semi.o ABSOLUTE
    ../clib/angel/sys.s                      0x00000000   Number         0  indicate_semi.o ABSOLUTE
    ../clib/angel/sysapp.c                   0x00000000   Number         0  sys_exit.o ABSOLUTE
    ../clib/angel/sysapp.c                   0x00000000   Number         0  sys_exit_hlt.o ABSOLUTE
    ../clib/angel/sysapp.c                   0x00000000   Number         0  sys_command.o ABSOLUTE
    ../clib/angel/sysapp.c                   0x00000000   Number         0  sys_command_hlt.o ABSOLUTE
    ../clib/angel/sysapp.c                   0x00000000   Number         0  sys_wrch.o ABSOLUTE
    ../clib/angel/sysapp.c                   0x00000000   Number         0  sys_wrch_hlt.o ABSOLUTE
    ../clib/armsys.c                         0x00000000   Number         0  argv_veneer.o ABSOLUTE
    ../clib/armsys.c                         0x00000000   Number         0  argv_veneer.o ABSOLUTE
    ../clib/armsys.c                         0x00000000   Number         0  _get_argv_nomalloc.o ABSOLUTE
    ../clib/armsys.c                         0x00000000   Number         0  no_argv.o ABSOLUTE
    ../clib/heapalloc.c                      0x00000000   Number         0  hrguard.o ABSOLUTE
    ../clib/heapaux.c                        0x00000000   Number         0  heapauxi.o ABSOLUTE
    ../clib/libinit.s                        0x00000000   Number         0  libinit.o ABSOLUTE
    ../clib/libinit.s                        0x00000000   Number         0  libinit2.o ABSOLUTE
    ../clib/libinit.s                        0x00000000   Number         0  libshutdown.o ABSOLUTE
    ../clib/libinit.s                        0x00000000   Number         0  libshutdown2.o ABSOLUTE
    ../clib/signal.c                         0x00000000   Number         0  defsig_rtmem_outer.o ABSOLUTE
    ../clib/signal.c                         0x00000000   Number         0  defsig_rtmem_formal.o ABSOLUTE
    ../clib/signal.c                         0x00000000   Number         0  defsig_exit.o ABSOLUTE
    ../clib/signal.c                         0x00000000   Number         0  defsig_rtmem_inner.o ABSOLUTE
    ../clib/signal.c                         0x00000000   Number         0  __raise.o ABSOLUTE
    ../clib/signal.c                         0x00000000   Number         0  defsig_general.o ABSOLUTE
    ../clib/signal.c                         0x00000000   Number         0  defsig_abrt_inner.o ABSOLUTE
    ../clib/signal.c                         0x00000000   Number         0  defsig_fpe_inner.o ABSOLUTE
    ../clib/signal.c                         0x00000000   Number         0  defsig_rtred_inner.o ABSOLUTE
    ../clib/signal.c                         0x00000000   Number         0  defsig_stak_inner.o ABSOLUTE
    ../clib/signal.c                         0x00000000   Number         0  defsig_pvfn_inner.o ABSOLUTE
    ../clib/signal.c                         0x00000000   Number         0  defsig_cppl_inner.o ABSOLUTE
    ../clib/signal.c                         0x00000000   Number         0  defsig_segv_inner.o ABSOLUTE
    ../clib/signal.c                         0x00000000   Number         0  defsig_other.o ABSOLUTE
    ../clib/signal.s                         0x00000000   Number         0  defsig.o ABSOLUTE
    ../clib/stdlib.c                         0x00000000   Number         0  exit.o ABSOLUTE
    ../fplib/fpinit.s                        0x00000000   Number         0  fpinit.o ABSOLUTE
    ../fplib/fpinit_empty.s                  0x00000000   Number         0  fpinit_empty.o ABSOLUTE
    Main.c                                   0x00000000   Number         0  main.o ABSOLUTE
    ModuleTest.c                             0x00000000   Number         0  moduletest.o ABSOLUTE
    PLL.c                                    0x00000000   Number         0  pll.o ABSOLUTE
    PortF.c                                  0x00000000   Number         0  portf.o ABSOLUTE
    UART0.c                                  0x00000000   Number         0  uart0.o ABSOLUTE
    UART4.c                                  0x00000000   Number         0  uart4.o ABSOLUTE
    dc.s                                     0x00000000   Number         0  dc.o ABSOLUTE
    RESET                                    0x00000000   Section      644  startup.o(RESET)
    !!!main                                  0x00000284   Section        8  __main.o(!!!main)
    !!!scatter                               0x0000028c   Section       92  __scatter.o(!!!scatter)
    !!handler_null                           0x000002e8   Section        2  __scatter.o(!!handler_null)
    !!handler_zi                             0x000002ec   Section       28  __scatter_zi.o(!!handler_zi)
    .ARM.Collect$$libinit$$00000000          0x00000308   Section        2  libinit.o(.ARM.Collect$$libinit$$00000000)
    .ARM.Collect$$libinit$$00000002          0x0000030a   Section        0  libinit2.o(.ARM.Collect$$libinit$$00000002)
    .ARM.Collect$$libinit$$00000004          0x0000030a   Section        0  libinit2.o(.ARM.Collect$$libinit$$00000004)
    .ARM.Collect$$libinit$$00000006          0x0000030a   Section        0  libinit2.o(.ARM.Collect$$libinit$$00000006)
    .ARM.Collect$$libinit$$0000000C          0x0000030a   Section        0  libinit2.o(.ARM.Collect$$libinit$$0000000C)
    .ARM.Collect$$libinit$$0000000E          0x0000030a   Section        0  libinit2.o(.ARM.Collect$$libinit$$0000000E)
    .ARM.Collect$$libinit$$00000010          0x0000030a   Section        0  libinit2.o(.ARM.Collect$$libinit$$00000010)
    .ARM.Collect$$libinit$$00000013          0x0000030a   Section        0  libinit2.o(.ARM.Collect$$libinit$$00000013)
    .ARM.Collect$$libinit$$00000015          0x0000030a   Section        0  libinit2.o(.ARM.Collect$$libinit$$00000015)
    .ARM.Collect$$libinit$$00000017          0x0000030a   Section        0  libinit2.o(.ARM.Collect$$libinit$$00000017)
    .ARM.Collect$$libinit$$00000019          0x0000030a   Section        0  libinit2.o(.ARM.Collect$$libinit$$00000019)
    .ARM.Collect$$libinit$$0000001B          0x0000030a   Section        0  libinit2.o(.ARM.Collect$$libinit$$0000001B)
    .ARM.Collect$$libinit$$0000001D          0x0000030a   Section        0  libinit2.o(.ARM.Collect$$libinit$$0000001D)
    .ARM.Collect$$libinit$$0000001F          0x0000030a   Section        0  libinit2.o(.ARM.Collect$$libinit$$0000001F)
    .ARM.Collect$$libinit$$00000021          0x0000030a   Section        0  libinit2.o(.ARM.Collect$$libinit$$00000021)
    .ARM.Collect$$libinit$$00000023          0x0000030a   Section        0  libinit2.o(.ARM.Collect$$libinit$$00000023)
    .ARM.Collect$$libinit$$00000025          0x0000030a   Section        0  libinit2.o(.ARM.Collect$$libinit$$00000025)
    .ARM.Collect$$libinit$$00000027          0x0000030a   Section        0  libinit2.o(.ARM.Collect$$libinit$$00000027)
    .ARM.Collect$$libinit$$0000002E          0x0000030a   Section        0  libinit2.o(.ARM.Collect$$libinit$$0000002E)
    .ARM.Collect$$libinit$$00000030          0x0000030a   Section        0  libinit2.o(.ARM.Collect$$libinit$$00000030)
    .ARM.Collect$$libinit$$00000032          0x0000030a   Section        0  libinit2.o(.ARM.Collect$$libinit$$00000032)
    .ARM.Collect$$libinit$$00000034          0x0000030a   Section        0  libinit2.o(.ARM.Collect$$libinit$$00000034)
    .ARM.Collect$$libinit$$00000035          0x0000030a   Section        2  libinit2.o(.ARM.Collect$$libinit$$00000035)
    .ARM.Collect$$libshutdown$$00000000      0x0000030c   Section        2  libshutdown.o(.ARM.Collect$$libshutdown$$00000000)
    .ARM.Collect$$libshutdown$$00000002      0x0000030e   Section        0  libshutdown2.o(.ARM.Collect$$libshutdown$$00000002)
    .ARM.Collect$$libshutdown$$00000004      0x0000030e   Section        0  libshutdown2.o(.ARM.Collect$$libshutdown$$00000004)
    .ARM.Collect$$libshutdown$$00000007      0x0000030e   Section        0  libshutdown2.o(.ARM.Collect$$libshutdown$$00000007)
    .ARM.Collect$$libshutdown$$0000000A      0x0000030e   Section        0  libshutdown2.o(.ARM.Collect$$libshutdown$$0000000A)
    .ARM.Collect$$libshutdown$$0000000C      0x0000030e   Section        0  libshutdown2.o(.ARM.Collect$$libshutdown$$0000000C)
    .ARM.Collect$$libshutdown$$0000000F      0x0000030e   Section        0  libshutdown2.o(.ARM.Collect$$libshutdown$$0000000F)
    .ARM.Collect$$libshutdown$$00000010      0x0000030e   Section        2  libshutdown2.o(.ARM.Collect$$libshutdown$$00000010)
    .ARM.Collect$$rtentry$$00000000          0x00000310   Section        0  __rtentry.o(.ARM.Collect$$rtentry$$00000000)
    .ARM.Collect$$rtentry$$00000002          0x00000310   Section        0  __rtentry2.o(.ARM.Collect$$rtentry$$00000002)
    .ARM.Collect$$rtentry$$00000004          0x00000310   Section        6  __rtentry4.o(.ARM.Collect$$rtentry$$00000004)
    .ARM.Collect$$rtentry$$00000009          0x00000316   Section        0  __rtentry2.o(.ARM.Collect$$rtentry$$00000009)
    .ARM.Collect$$rtentry$$0000000A          0x00000316   Section        4  __rtentry2.o(.ARM.Collect$$rtentry$$0000000A)
    .ARM.Collect$$rtentry$$0000000C          0x0000031a   Section        0  __rtentry2.o(.ARM.Collect$$rtentry$$0000000C)
    .ARM.Collect$$rtentry$$0000000D          0x0000031a   Section        8  __rtentry2.o(.ARM.Collect$$rtentry$$0000000D)
    .ARM.Collect$$rtexit$$00000000           0x00000322   Section        2  rtexit.o(.ARM.Collect$$rtexit$$00000000)
    .ARM.Collect$$rtexit$$00000002           0x00000324   Section        0  rtexit2.o(.ARM.Collect$$rtexit$$00000002)
    .ARM.Collect$$rtexit$$00000003           0x00000324   Section        4  rtexit2.o(.ARM.Collect$$rtexit$$00000003)
    .ARM.Collect$$rtexit$$00000004           0x00000328   Section        6  rtexit2.o(.ARM.Collect$$rtexit$$00000004)
    .text                                    0x00000330   Section       48  startup.o(.text)
    .text                                    0x00000360   Section        0  heapauxi.o(.text)
    .text                                    0x00000366   Section       74  sys_stackheap_outer.o(.text)
    .text                                    0x000003b0   Section        0  exit.o(.text)
    .text                                    0x000003c4   Section        8  libspace.o(.text)
    .text                                    0x000003cc   Section        0  sys_exit.o(.text)
    .text                                    0x000003d8   Section        2  use_no_semi.o(.text)
    .text                                    0x000003da   Section        0  indicate_semi.o(.text)
    [Anonymous Symbol]                       0x000003dc   Section        0  main.o(.text.ColorToIndex)
    [Anonymous Symbol]                       0x00000460   Section        0  main.o(.text.DelayMs)
    [Anonymous Symbol]                       0x0000048c   Section        0  main.o(.text.GPIOPortF_Handler)
    [Anonymous Symbol]                       0x00000564   Section        0  main.o(.text.LedBrightness)
    [Anonymous Symbol]                       0x00000700   Section        0  main.o(.text.LedColor)
    [Anonymous Symbol]                       0x00000868   Section        0  main.o(.text.Mode2SetLED)
    [Anonymous Symbol]                       0x00000900   Section        0  main.o(.text.Mode3_ReceiveMessageMCU1)
    [Anonymous Symbol]                       0x000009f8   Section        0  main.o(.text.Mode3_SendMessageMCU1)
    [Anonymous Symbol]                       0x00000aac   Section        0  pll.o(.text.PLL_Init)
    [Anonymous Symbol]                       0x00000b30   Section        0  portf.o(.text.PortF_Init)
    [Anonymous Symbol]                       0x00000d28   Section        0  portf.o(.text.PortF_SetRGB)
    [Anonymous Symbol]                       0x00000e54   Section        0  main.o(.text.SystemInit)
    [Anonymous Symbol]                       0x00000e68   Section        0  uart0.o(.text.UART0_Available)
    [Anonymous Symbol]                       0x00000e7c   Section        0  uart0.o(.text.UART0_Handler)
    [Anonymous Symbol]                       0x00000f74   Section        0  uart0.o(.text.UART0_InChar)
    [Anonymous Symbol]                       0x00000f98   Section        0  uart0.o(.text.UART0_InUDec)
    [Anonymous Symbol]                       0x00001030   Section        0  uart0.o(.text.UART0_Init)
    [Anonymous Symbol]                       0x0000113c   Section        0  uart0.o(.text.UART0_OutCRLF)
    [Anonymous Symbol]                       0x0000114c   Section        0  uart0.o(.text.UART0_OutChar)
    [Anonymous Symbol]                       0x0000117c   Section        0  uart0.o(.text.UART0_OutString)
    [Anonymous Symbol]                       0x000011a0   Section        0  uart0.o(.text.UART0_OutUDec)
    [Anonymous Symbol]                       0x000011e8   Section        0  uart4.o(.text.UART4_Available)
    [Anonymous Symbol]                       0x000011fc   Section        0  uart4.o(.text.UART4_Handler)
    [Anonymous Symbol]                       0x00001264   Section        0  uart4.o(.text.UART4_InChar)
    [Anonymous Symbol]                       0x00001288   Section        0  uart4.o(.text.UART4_Init)
    [Anonymous Symbol]                       0x000013bc   Section        0  uart4.o(.text.UART4_OutChar)
    [Anonymous Symbol]                       0x000013e8   Section        0  uart4.o(.text.UART4_OutString)
    [Anonymous Symbol]                       0x0000140c   Section        0  main.o(.text.getColor)
    [Anonymous Symbol]                       0x00001444   Section        0  main.o(.text.main)
    [Anonymous Symbol]                       0x00001abc   Section        0  uart0.o(.text.rb0_Empty)
    [Anonymous Symbol]                       0x00001ad4   Section        0  uart0.o(.text.rb0_Get)
    [Anonymous Symbol]                       0x00001b18   Section        0  uart0.o(.text.rb0_Init)
    [Anonymous Symbol]                       0x00001b2c   Section        0  uart0.o(.text.rb0_Put)
    [Anonymous Symbol]                       0x00001b7c   Section        0  uart4.o(.text.rb4_Empty)
    [Anonymous Symbol]                       0x00001b94   Section        0  uart4.o(.text.rb4_Get)
    [Anonymous Symbol]                       0x00001bd8   Section        0  uart4.o(.text.rb4_Init)
    [Anonymous Symbol]                       0x00001bec   Section        0  uart4.o(.text.rb4_Put)
    .L.str.9                                 0x00001c3c   Data          70  main.o(.rodata.str1.1)
    [Anonymous Symbol]                       0x00001c3c   Section        0  main.o(.rodata.str1.1)
    .L.str.7                                 0x00001c6c   Data          22  main.o(.rodata.str1.1)
    .L.str.14                                0x00001c82   Data          78  main.o(.rodata.str1.1)
    .L.str.20                                0x00001cd0   Data          47  main.o(.rodata.str1.1)
    .L.str.11                                0x00001cff   Data          46  main.o(.rodata.str1.1)
    .L.str.34                                0x00001d2d   Data          39  main.o(.rodata.str1.1)
    .L.str.16                                0x00001d54   Data          18  main.o(.rodata.str1.1)
    .L.str.39                                0x00001d66   Data          20  main.o(.rodata.str1.1)
    .L.str.23                                0x00001d7a   Data          21  main.o(.rodata.str1.1)
    .L.str.18                                0x00001d8f   Data          24  main.o(.rodata.str1.1)
    .L.str.21                                0x00001da7   Data          37  main.o(.rodata.str1.1)
    .L.str.36                                0x00001dcc   Data          47  main.o(.rodata.str1.1)
    .L.str.10                                0x00001dfb   Data          27  main.o(.rodata.str1.1)
    .L.str.50                                0x00001e16   Data          16  main.o(.rodata.str1.1)
    .L.str.1                                 0x00001e26   Data           8  main.o(.rodata.str1.1)
    .L.str.38                                0x00001e2e   Data          29  main.o(.rodata.str1.1)
    .L.str.13                                0x00001e4b   Data          49  main.o(.rodata.str1.1)
    .L.str                                   0x00001e7c   Data          39  main.o(.rodata.str1.1)
    .L.str.27                                0x00001ea3   Data           6  main.o(.rodata.str1.1)
    .L.str.22                                0x00001ea9   Data          46  main.o(.rodata.str1.1)
    .L.str.6                                 0x00001ed7   Data          35  main.o(.rodata.str1.1)
    .L.str.17                                0x00001efa   Data          41  main.o(.rodata.str1.1)
    .L.str.32                                0x00001f23   Data           9  main.o(.rodata.str1.1)
    .L.str.33                                0x00001f2c   Data           8  main.o(.rodata.str1.1)
    .L.str.29                                0x00001f34   Data           7  main.o(.rodata.str1.1)
    .L.str.24                                0x00001f3b   Data          22  main.o(.rodata.str1.1)
    .L.str.26                                0x00001f4a   Data           7  main.o(.rodata.str1.1)
    .L.str.4                                 0x00001f51   Data          32  main.o(.rodata.str1.1)
    .L.str.3                                 0x00001f71   Data          30  main.o(.rodata.str1.1)
    .L.str.5                                 0x00001f8f   Data          48  main.o(.rodata.str1.1)
    .L.str.35                                0x00001fbf   Data          25  main.o(.rodata.str1.1)
    .L.str.31                                0x00001fd8   Data           7  main.o(.rodata.str1.1)
    .L.str.28                                0x00001fdf   Data           8  main.o(.rodata.str1.1)
    .L.str.19                                0x00001fe7   Data          47  main.o(.rodata.str1.1)
    .L.str.41                                0x00002016   Data          16  main.o(.rodata.str1.1)
    .L.str.46                                0x00002026   Data          19  main.o(.rodata.str1.1)
    .L.str.47                                0x00002039   Data          18  main.o(.rodata.str1.1)
    .L.str.43                                0x0000204b   Data          17  main.o(.rodata.str1.1)
    .L.str.40                                0x0000205c   Data          17  main.o(.rodata.str1.1)
    .L.str.45                                0x0000206d   Data          17  main.o(.rodata.str1.1)
    .L.str.42                                0x0000207e   Data          18  main.o(.rodata.str1.1)
    .L.str.44                                0x00002090   Data          19  main.o(.rodata.str1.1)
    .L.str.37                                0x000020a3   Data          42  main.o(.rodata.str1.1)
    .L.str.15                                0x000020cd   Data          67  main.o(.rodata.str1.1)
    .L.str.48                                0x00002110   Data          16  main.o(.rodata.str1.1)
    .L.str.12                                0x00002120   Data          10  main.o(.rodata.str1.1)
    .L.str.8                                 0x0000212a   Data          14  main.o(.rodata.str1.1)
    .L.str.2                                 0x00002138   Data          12  main.o(.rodata.str1.1)
    .L.str.30                                0x00002144   Data           9  main.o(.rodata.str1.1)
    .L.str.61                                0x0000214d   Data          20  main.o(.rodata.str1.1)
    .L.str.25                                0x00002161   Data          16  main.o(.rodata.str1.1)
    .L.str.51                                0x00002171   Data          25  main.o(.rodata.str1.1)
    .L.str.56                                0x0000218a   Data          28  main.o(.rodata.str1.1)
    .L.str.57                                0x000021a6   Data          27  main.o(.rodata.str1.1)
    .L.str.53                                0x000021c1   Data          26  main.o(.rodata.str1.1)
    .L.str.49                                0x000021db   Data          26  main.o(.rodata.str1.1)
    .L.str.55                                0x000021f5   Data          26  main.o(.rodata.str1.1)
    .L.str.52                                0x0000220f   Data          27  main.o(.rodata.str1.1)
    .L.str.54                                0x0000222a   Data          28  main.o(.rodata.str1.1)
    .L.str.59                                0x00002246   Data           5  main.o(.rodata.str1.1)
    .L.str.60                                0x0000224b   Data           6  main.o(.rodata.str1.1)
    .L.str.58                                0x00002251   Data           6  main.o(.rodata.str1.1)
    .bss                                     0x20000000   Section       96  libspace.o(.bss)
    HeapMem                                  0x20000120   Data           0  startup.o(HEAP)
    StackMem                                 0x20000120   Data           0  startup.o(STACK)
    HEAP                                     0x20000120   Section        0  startup.o(HEAP)
    STACK                                    0x20000120   Section     1024  startup.o(STACK)

    Global Symbols

    Symbol Name                              Value     Ov Type        Size  Object(Section)

    BuildAttributes$$THM_ISAv4$E$P$D$K$B$S$7EM$PE$A:L22UL41UL21$X:L11$S22US41US21$IEEE1$IW$~IW$USESV6$~STKCKD$USESV7$~SHL$OSPACE$ROPI$EBA8$UX$STANDARDLIB$REQ8$PRES8$EABIv2 0x00000000   Number         0  anon$$obj.o ABSOLUTE
    __Vectors                                0x00000000   Data           0  startup.o(RESET)
    __fp_init_empty                          0x00000000   Number         0  fpinit_empty.o ABSOLUTE
    __ARM_exceptions_init                     - Undefined Weak Reference
    __alloca_initialize                       - Undefined Weak Reference
    __arm_preinit_                            - Undefined Weak Reference
    __arm_relocate_pie_                       - Undefined Weak Reference
    __cpp_initialize__aeabi_                  - Undefined Weak Reference
    __cxa_finalize                            - Undefined Weak Reference
    __rt_locale                               - Undefined Weak Reference
    __sigvec_lookup                           - Undefined Weak Reference
    _atexit_init                              - Undefined Weak Reference
    _call_atexit_fns                          - Undefined Weak Reference
    _clock_init                               - Undefined Weak Reference
    _fp_trap_init                             - Undefined Weak Reference
    _fp_trap_shutdown                         - Undefined Weak Reference
    _get_lc_collate                           - Undefined Weak Reference
    _get_lc_ctype                             - Undefined Weak Reference
    _get_lc_monetary                          - Undefined Weak Reference
    _get_lc_numeric                           - Undefined Weak Reference
    _get_lc_time                              - Undefined Weak Reference
    _getenv_init                              - Undefined Weak Reference
    _handle_redirection                       - Undefined Weak Reference
    _init_alloc                               - Undefined Weak Reference
    _init_user_alloc                          - Undefined Weak Reference
    _initio                                   - Undefined Weak Reference
    _rand_init                                - Undefined Weak Reference
    _signal_finish                            - Undefined Weak Reference
    _signal_init                              - Undefined Weak Reference
    _terminate_alloc                          - Undefined Weak Reference
    _terminate_user_alloc                     - Undefined Weak Reference
    _terminateio                              - Undefined Weak Reference
    Reset_Handler                            0x0000026d   Thumb Code     0  startup.o(RESET)
    NMI_Handler                              0x00000271   Thumb Code     2  startup.o(RESET)
    HardFault_Handler                        0x00000273   Thumb Code     2  startup.o(RESET)
    MemManage_Handler                        0x00000275   Thumb Code     2  startup.o(RESET)
    BusFault_Handler                         0x00000277   Thumb Code     2  startup.o(RESET)
    UsageFault_Handler                       0x00000279   Thumb Code     2  startup.o(RESET)
    SVC_Handler                              0x0000027b   Thumb Code     2  startup.o(RESET)
    DebugMon_Handler                         0x0000027d   Thumb Code     2  startup.o(RESET)
    PendSV_Handler                           0x0000027f   Thumb Code     2  startup.o(RESET)
    SysTick_Handler                          0x00000281   Thumb Code     2  startup.o(RESET)
    ADC0Seq0_Handler                         0x00000283   Thumb Code     0  startup.o(RESET)
    ADC0Seq1_Handler                         0x00000283   Thumb Code     0  startup.o(RESET)
    ADC0Seq2_Handler                         0x00000283   Thumb Code     0  startup.o(RESET)
    ADC0Seq3_Handler                         0x00000283   Thumb Code     0  startup.o(RESET)
    ADC1Seq0_Handler                         0x00000283   Thumb Code     0  startup.o(RESET)
    ADC1Seq1_Handler                         0x00000283   Thumb Code     0  startup.o(RESET)
    ADC1Seq2_Handler                         0x00000283   Thumb Code     0  startup.o(RESET)
    ADC1Seq3_Handler                         0x00000283   Thumb Code     0  startup.o(RESET)
    CAN0_Handler                             0x00000283   Thumb Code     0  startup.o(RESET)
    CAN1_Handler                             0x00000283   Thumb Code     0  startup.o(RESET)
    CAN2_Handler                             0x00000283   Thumb Code     0  startup.o(RESET)
    Comp0_Handler                            0x00000283   Thumb Code     0  startup.o(RESET)
    Comp1_Handler                            0x00000283   Thumb Code     0  startup.o(RESET)
    Comp2_Handler                            0x00000283   Thumb Code     0  startup.o(RESET)
    Ethernet_Handler                         0x00000283   Thumb Code     0  startup.o(RESET)
    ExtBus_Handler                           0x00000283   Thumb Code     0  startup.o(RESET)
    FPU_Handler                              0x00000283   Thumb Code     0  startup.o(RESET)
    Fan0_Handler                             0x00000283   Thumb Code     0  startup.o(RESET)
    FlashCtl_Handler                         0x00000283   Thumb Code     0  startup.o(RESET)
    GPIOPortA_Handler                        0x00000283   Thumb Code     0  startup.o(RESET)
    GPIOPortB_Handler                        0x00000283   Thumb Code     0  startup.o(RESET)
    GPIOPortC_Handler                        0x00000283   Thumb Code     0  startup.o(RESET)
    GPIOPortD_Handler                        0x00000283   Thumb Code     0  startup.o(RESET)
    GPIOPortE_Handler                        0x00000283   Thumb Code     0  startup.o(RESET)
    GPIOPortG_Handler                        0x00000283   Thumb Code     0  startup.o(RESET)
    GPIOPortH_Handler                        0x00000283   Thumb Code     0  startup.o(RESET)
    GPIOPortJ_Handler                        0x00000283   Thumb Code     0  startup.o(RESET)
    GPIOPortK_Handler                        0x00000283   Thumb Code     0  startup.o(RESET)
    GPIOPortL_Handler                        0x00000283   Thumb Code     0  startup.o(RESET)
    GPIOPortM_Handler                        0x00000283   Thumb Code     0  startup.o(RESET)
    GPIOPortN_Handler                        0x00000283   Thumb Code     0  startup.o(RESET)
    GPIOPortP1_Handler                       0x00000283   Thumb Code     0  startup.o(RESET)
    GPIOPortP2_Handler                       0x00000283   Thumb Code     0  startup.o(RESET)
    GPIOPortP3_Handler                       0x00000283   Thumb Code     0  startup.o(RESET)
    GPIOPortP4_Handler                       0x00000283   Thumb Code     0  startup.o(RESET)
    GPIOPortP5_Handler                       0x00000283   Thumb Code     0  startup.o(RESET)
    GPIOPortP6_Handler                       0x00000283   Thumb Code     0  startup.o(RESET)
    GPIOPortP7_Handler                       0x00000283   Thumb Code     0  startup.o(RESET)
    GPIOPortP_Handler                        0x00000283   Thumb Code     0  startup.o(RESET)
    GPIOPortQ1_Handler                       0x00000283   Thumb Code     0  startup.o(RESET)
    GPIOPortQ2_Handler                       0x00000283   Thumb Code     0  startup.o(RESET)
    GPIOPortQ3_Handler                       0x00000283   Thumb Code     0  startup.o(RESET)
    GPIOPortQ4_Handler                       0x00000283   Thumb Code     0  startup.o(RESET)
    GPIOPortQ5_Handler                       0x00000283   Thumb Code     0  startup.o(RESET)
    GPIOPortQ6_Handler                       0x00000283   Thumb Code     0  startup.o(RESET)
    GPIOPortQ7_Handler                       0x00000283   Thumb Code     0  startup.o(RESET)
    GPIOPortQ_Handler                        0x00000283   Thumb Code     0  startup.o(RESET)
    GPIOPortR_Handler                        0x00000283   Thumb Code     0  startup.o(RESET)
    GPIOPortS_Handler                        0x00000283   Thumb Code     0  startup.o(RESET)
    Hibernate_Handler                        0x00000283   Thumb Code     0  startup.o(RESET)
    I2C0_Handler                             0x00000283   Thumb Code     0  startup.o(RESET)
    I2C1_Handler                             0x00000283   Thumb Code     0  startup.o(RESET)
    I2C2_Handler                             0x00000283   Thumb Code     0  startup.o(RESET)
    I2C3_Handler                             0x00000283   Thumb Code     0  startup.o(RESET)
    I2C4_Handler                             0x00000283   Thumb Code     0  startup.o(RESET)
    I2C5_Handler                             0x00000283   Thumb Code     0  startup.o(RESET)
    I2S0_Handler                             0x00000283   Thumb Code     0  startup.o(RESET)
    LPC0_Handler                             0x00000283   Thumb Code     0  startup.o(RESET)
    PECI0_Handler                            0x00000283   Thumb Code     0  startup.o(RESET)
    PWM0Fault_Handler                        0x00000283   Thumb Code     0  startup.o(RESET)
    PWM0Generator0_Handler                   0x00000283   Thumb Code     0  startup.o(RESET)
    PWM0Generator1_Handler                   0x00000283   Thumb Code     0  startup.o(RESET)
    PWM0Generator2_Handler                   0x00000283   Thumb Code     0  startup.o(RESET)
    PWM0Generator3_Handler                   0x00000283   Thumb Code     0  startup.o(RESET)
    PWM1Fault_Handler                        0x00000283   Thumb Code     0  startup.o(RESET)
    PWM1Generator0_Handler                   0x00000283   Thumb Code     0  startup.o(RESET)
    PWM1Generator1_Handler                   0x00000283   Thumb Code     0  startup.o(RESET)
    PWM1Generator2_Handler                   0x00000283   Thumb Code     0  startup.o(RESET)
    PWM1Generator3_Handler                   0x00000283   Thumb Code     0  startup.o(RESET)
    Quadrature0_Handler                      0x00000283   Thumb Code     0  startup.o(RESET)
    Quadrature1_Handler                      0x00000283   Thumb Code     0  startup.o(RESET)
    Quadrature2_Handler                      0x00000283   Thumb Code     0  startup.o(RESET)
    SSI0_Handler                             0x00000283   Thumb Code     0  startup.o(RESET)
    SSI1_Handler                             0x00000283   Thumb Code     0  startup.o(RESET)
    SSI2_Handler                             0x00000283   Thumb Code     0  startup.o(RESET)
    SSI3_Handler                             0x00000283   Thumb Code     0  startup.o(RESET)
    SysCtl_Handler                           0x00000283   Thumb Code     0  startup.o(RESET)
    Timer0A_Handler                          0x00000283   Thumb Code     0  startup.o(RESET)
    Timer0B_Handler                          0x00000283   Thumb Code     0  startup.o(RESET)
    Timer1A_Handler                          0x00000283   Thumb Code     0  startup.o(RESET)
    Timer1B_Handler                          0x00000283   Thumb Code     0  startup.o(RESET)
    Timer2A_Handler                          0x00000283   Thumb Code     0  startup.o(RESET)
    Timer2B_Handler                          0x00000283   Thumb Code     0  startup.o(RESET)
    Timer3A_Handler                          0x00000283   Thumb Code     0  startup.o(RESET)
    Timer3B_Handler                          0x00000283   Thumb Code     0  startup.o(RESET)
    Timer4A_Handler                          0x00000283   Thumb Code     0  startup.o(RESET)
    Timer4B_Handler                          0x00000283   Thumb Code     0  startup.o(RESET)
    Timer5A_Handler                          0x00000283   Thumb Code     0  startup.o(RESET)
    Timer5B_Handler                          0x00000283   Thumb Code     0  startup.o(RESET)
    UART1_Handler                            0x00000283   Thumb Code     0  startup.o(RESET)
    UART2_Handler                            0x00000283   Thumb Code     0  startup.o(RESET)
    UART3_Handler                            0x00000283   Thumb Code     0  startup.o(RESET)
    UART5_Handler                            0x00000283   Thumb Code     0  startup.o(RESET)
    UART6_Handler                            0x00000283   Thumb Code     0  startup.o(RESET)
    UART7_Handler                            0x00000283   Thumb Code     0  startup.o(RESET)
    USB0_Handler                             0x00000283   Thumb Code     0  startup.o(RESET)
    WDT_Handler                              0x00000283   Thumb Code     0  startup.o(RESET)
    WideTimer0A_Handler                      0x00000283   Thumb Code     0  startup.o(RESET)
    WideTimer0B_Handler                      0x00000283   Thumb Code     0  startup.o(RESET)
    WideTimer1A_Handler                      0x00000283   Thumb Code     0  startup.o(RESET)
    WideTimer1B_Handler                      0x00000283   Thumb Code     0  startup.o(RESET)
    WideTimer2A_Handler                      0x00000283   Thumb Code     0  startup.o(RESET)
    WideTimer2B_Handler                      0x00000283   Thumb Code     0  startup.o(RESET)
    WideTimer3A_Handler                      0x00000283   Thumb Code     0  startup.o(RESET)
    WideTimer3B_Handler                      0x00000283   Thumb Code     0  startup.o(RESET)
    WideTimer4A_Handler                      0x00000283   Thumb Code     0  startup.o(RESET)
    WideTimer4B_Handler                      0x00000283   Thumb Code     0  startup.o(RESET)
    WideTimer5A_Handler                      0x00000283   Thumb Code     0  startup.o(RESET)
    WideTimer5B_Handler                      0x00000283   Thumb Code     0  startup.o(RESET)
    uDMA_Error                               0x00000283   Thumb Code     0  startup.o(RESET)
    uDMA_Handler                             0x00000283   Thumb Code     0  startup.o(RESET)
    __main                                   0x00000285   Thumb Code     8  __main.o(!!!main)
    __scatterload                            0x0000028d   Thumb Code     0  __scatter.o(!!!scatter)
    __scatterload_rt2                        0x0000028d   Thumb Code    84  __scatter.o(!!!scatter)
    __scatterload_rt2_thumb_only             0x0000028d   Thumb Code     0  __scatter.o(!!!scatter)
    __scatterload_loop                       0x00000297   Thumb Code     0  __scatter.o(!!!scatter)
    __scatterload_null                       0x000002e9   Thumb Code     2  __scatter.o(!!handler_null)
    __scatterload_zeroinit                   0x000002ed   Thumb Code    28  __scatter_zi.o(!!handler_zi)
    __rt_lib_init                            0x00000309   Thumb Code     0  libinit.o(.ARM.Collect$$libinit$$00000000)
    __rt_lib_init_alloca_1                   0x0000030b   Thumb Code     0  libinit2.o(.ARM.Collect$$libinit$$00000030)
    __rt_lib_init_argv_1                     0x0000030b   Thumb Code     0  libinit2.o(.ARM.Collect$$libinit$$0000002E)
    __rt_lib_init_atexit_1                   0x0000030b   Thumb Code     0  libinit2.o(.ARM.Collect$$libinit$$0000001D)
    __rt_lib_init_clock_1                    0x0000030b   Thumb Code     0  libinit2.o(.ARM.Collect$$libinit$$00000023)
    __rt_lib_init_cpp_1                      0x0000030b   Thumb Code     0  libinit2.o(.ARM.Collect$$libinit$$00000034)
    __rt_lib_init_exceptions_1               0x0000030b   Thumb Code     0  libinit2.o(.ARM.Collect$$libinit$$00000032)
    __rt_lib_init_fp_1                       0x0000030b   Thumb Code     0  libinit2.o(.ARM.Collect$$libinit$$00000002)
    __rt_lib_init_fp_trap_1                  0x0000030b   Thumb Code     0  libinit2.o(.ARM.Collect$$libinit$$00000021)
    __rt_lib_init_getenv_1                   0x0000030b   Thumb Code     0  libinit2.o(.ARM.Collect$$libinit$$00000025)
    __rt_lib_init_heap_1                     0x0000030b   Thumb Code     0  libinit2.o(.ARM.Collect$$libinit$$0000000C)
    __rt_lib_init_lc_collate_1               0x0000030b   Thumb Code     0  libinit2.o(.ARM.Collect$$libinit$$00000013)
    __rt_lib_init_lc_ctype_1                 0x0000030b   Thumb Code     0  libinit2.o(.ARM.Collect$$libinit$$00000015)
    __rt_lib_init_lc_monetary_1              0x0000030b   Thumb Code     0  libinit2.o(.ARM.Collect$$libinit$$00000017)
    __rt_lib_init_lc_numeric_1               0x0000030b   Thumb Code     0  libinit2.o(.ARM.Collect$$libinit$$00000019)
    __rt_lib_init_lc_time_1                  0x0000030b   Thumb Code     0  libinit2.o(.ARM.Collect$$libinit$$0000001B)
    __rt_lib_init_preinit_1                  0x0000030b   Thumb Code     0  libinit2.o(.ARM.Collect$$libinit$$00000006)
    __rt_lib_init_rand_1                     0x0000030b   Thumb Code     0  libinit2.o(.ARM.Collect$$libinit$$00000010)
    __rt_lib_init_relocate_pie_1             0x0000030b   Thumb Code     0  libinit2.o(.ARM.Collect$$libinit$$00000004)
    __rt_lib_init_return                     0x0000030b   Thumb Code     0  libinit2.o(.ARM.Collect$$libinit$$00000035)
    __rt_lib_init_signal_1                   0x0000030b   Thumb Code     0  libinit2.o(.ARM.Collect$$libinit$$0000001F)
    __rt_lib_init_stdio_1                    0x0000030b   Thumb Code     0  libinit2.o(.ARM.Collect$$libinit$$00000027)
    __rt_lib_init_user_alloc_1               0x0000030b   Thumb Code     0  libinit2.o(.ARM.Collect$$libinit$$0000000E)
    __rt_lib_shutdown                        0x0000030d   Thumb Code     0  libshutdown.o(.ARM.Collect$$libshutdown$$00000000)
    __rt_lib_shutdown_cpp_1                  0x0000030f   Thumb Code     0  libshutdown2.o(.ARM.Collect$$libshutdown$$00000002)
    __rt_lib_shutdown_fp_trap_1              0x0000030f   Thumb Code     0  libshutdown2.o(.ARM.Collect$$libshutdown$$00000007)
    __rt_lib_shutdown_heap_1                 0x0000030f   Thumb Code     0  libshutdown2.o(.ARM.Collect$$libshutdown$$0000000F)
    __rt_lib_shutdown_return                 0x0000030f   Thumb Code     0  libshutdown2.o(.ARM.Collect$$libshutdown$$00000010)
    __rt_lib_shutdown_signal_1               0x0000030f   Thumb Code     0  libshutdown2.o(.ARM.Collect$$libshutdown$$0000000A)
    __rt_lib_shutdown_stdio_1                0x0000030f   Thumb Code     0  libshutdown2.o(.ARM.Collect$$libshutdown$$00000004)
    __rt_lib_shutdown_user_alloc_1           0x0000030f   Thumb Code     0  libshutdown2.o(.ARM.Collect$$libshutdown$$0000000C)
    __rt_entry                               0x00000311   Thumb Code     0  __rtentry.o(.ARM.Collect$$rtentry$$00000000)
    __rt_entry_presh_1                       0x00000311   Thumb Code     0  __rtentry2.o(.ARM.Collect$$rtentry$$00000002)
    __rt_entry_sh                            0x00000311   Thumb Code     0  __rtentry4.o(.ARM.Collect$$rtentry$$00000004)
    __rt_entry_li                            0x00000317   Thumb Code     0  __rtentry2.o(.ARM.Collect$$rtentry$$0000000A)
    __rt_entry_postsh_1                      0x00000317   Thumb Code     0  __rtentry2.o(.ARM.Collect$$rtentry$$00000009)
    __rt_entry_main                          0x0000031b   Thumb Code     0  __rtentry2.o(.ARM.Collect$$rtentry$$0000000D)
    __rt_entry_postli_1                      0x0000031b   Thumb Code     0  __rtentry2.o(.ARM.Collect$$rtentry$$0000000C)
    __rt_exit                                0x00000323   Thumb Code     0  rtexit.o(.ARM.Collect$$rtexit$$00000000)
    __rt_exit_ls                             0x00000325   Thumb Code     0  rtexit2.o(.ARM.Collect$$rtexit$$00000003)
    __rt_exit_prels_1                        0x00000325   Thumb Code     0  rtexit2.o(.ARM.Collect$$rtexit$$00000002)
    __rt_exit_exit                           0x00000329   Thumb Code     0  rtexit2.o(.ARM.Collect$$rtexit$$00000004)
    DisableInterrupts                        0x00000331   Thumb Code     0  startup.o(.text)
    EnableInterrupts                         0x00000335   Thumb Code     0  startup.o(.text)
    StartCritical                            0x00000339   Thumb Code     0  startup.o(.text)
    EndCritical                              0x00000341   Thumb Code     0  startup.o(.text)
    WaitForInterrupt                         0x00000347   Thumb Code     0  startup.o(.text)
    __user_initial_stackheap                 0x0000034b   Thumb Code     0  startup.o(.text)
    __use_two_region_memory                  0x00000361   Thumb Code     2  heapauxi.o(.text)
    __rt_heap_escrow$2region                 0x00000363   Thumb Code     2  heapauxi.o(.text)
    __rt_heap_expand$2region                 0x00000365   Thumb Code     2  heapauxi.o(.text)
    __user_setup_stackheap                   0x00000367   Thumb Code    74  sys_stackheap_outer.o(.text)
    exit                                     0x000003b1   Thumb Code    18  exit.o(.text)
    __user_libspace                          0x000003c5   Thumb Code     8  libspace.o(.text)
    __user_perproc_libspace                  0x000003c5   Thumb Code     0  libspace.o(.text)
    __user_perthread_libspace                0x000003c5   Thumb Code     0  libspace.o(.text)
    _sys_exit                                0x000003cd   Thumb Code     8  sys_exit.o(.text)
    __I$use$semihosting                      0x000003d9   Thumb Code     0  use_no_semi.o(.text)
    __use_no_semihosting_swi                 0x000003d9   Thumb Code     2  use_no_semi.o(.text)
    __semihosting_library_function           0x000003db   Thumb Code     0  indicate_semi.o(.text)
    ColorToIndex                             0x000003dd   Thumb Code   130  main.o(.text.ColorToIndex)
    DelayMs                                  0x00000461   Thumb Code    42  main.o(.text.DelayMs)
    GPIOPortF_Handler                        0x0000048d   Thumb Code   214  main.o(.text.GPIOPortF_Handler)
    LedBrightness                            0x00000565   Thumb Code   412  main.o(.text.LedBrightness)
    LedColor                                 0x00000701   Thumb Code   358  main.o(.text.LedColor)
    Mode2SetLED                              0x00000869   Thumb Code   152  main.o(.text.Mode2SetLED)
    Mode3_ReceiveMessageMCU1                 0x00000901   Thumb Code   248  main.o(.text.Mode3_ReceiveMessageMCU1)
    Mode3_SendMessageMCU1                    0x000009f9   Thumb Code   180  main.o(.text.Mode3_SendMessageMCU1)
    PLL_Init                                 0x00000aad   Thumb Code   132  pll.o(.text.PLL_Init)
    PortF_Init                               0x00000b31   Thumb Code   502  portf.o(.text.PortF_Init)
    PortF_SetRGB                             0x00000d29   Thumb Code   300  portf.o(.text.PortF_SetRGB)
    SystemInit                               0x00000e55   Thumb Code    20  main.o(.text.SystemInit)
    UART0_Available                          0x00000e69   Thumb Code    20  uart0.o(.text.UART0_Available)
    UART0_Handler                            0x00000e7d   Thumb Code   246  uart0.o(.text.UART0_Handler)
    UART0_InChar                             0x00000f75   Thumb Code    36  uart0.o(.text.UART0_InChar)
    UART0_InUDec                             0x00000f99   Thumb Code   152  uart0.o(.text.UART0_InUDec)
    UART0_Init                               0x00001031   Thumb Code   266  uart0.o(.text.UART0_Init)
    UART0_OutCRLF                            0x0000113d   Thumb Code    16  uart0.o(.text.UART0_OutCRLF)
    UART0_OutChar                            0x0000114d   Thumb Code    46  uart0.o(.text.UART0_OutChar)
    UART0_OutString                          0x0000117d   Thumb Code    36  uart0.o(.text.UART0_OutString)
    UART0_OutUDec                            0x000011a1   Thumb Code    72  uart0.o(.text.UART0_OutUDec)
    UART4_Available                          0x000011e9   Thumb Code    20  uart4.o(.text.UART4_Available)
    UART4_Handler                            0x000011fd   Thumb Code   102  uart4.o(.text.UART4_Handler)
    UART4_InChar                             0x00001265   Thumb Code    36  uart4.o(.text.UART4_InChar)
    UART4_Init                               0x00001289   Thumb Code   306  uart4.o(.text.UART4_Init)
    UART4_OutChar                            0x000013bd   Thumb Code    42  uart4.o(.text.UART4_OutChar)
    UART4_OutString                          0x000013e9   Thumb Code    36  uart4.o(.text.UART4_OutString)
    getColor                                 0x0000140d   Thumb Code    56  main.o(.text.getColor)
    main                                     0x00001445   Thumb Code  1654  main.o(.text.main)
    rb0_Empty                                0x00001abd   Thumb Code    24  uart0.o(.text.rb0_Empty)
    rb0_Get                                  0x00001ad5   Thumb Code    68  uart0.o(.text.rb0_Get)
    rb0_Init                                 0x00001b19   Thumb Code    18  uart0.o(.text.rb0_Init)
    rb0_Put                                  0x00001b2d   Thumb Code    80  uart0.o(.text.rb0_Put)
    rb4_Empty                                0x00001b7d   Thumb Code    24  uart4.o(.text.rb4_Empty)
    rb4_Get                                  0x00001b95   Thumb Code    68  uart4.o(.text.rb4_Get)
    rb4_Init                                 0x00001bd9   Thumb Code    18  uart4.o(.text.rb4_Init)
    rb4_Put                                  0x00001bed   Thumb Code    80  uart4.o(.text.rb4_Put)
    Region$$Table$$Base                      0x00002258   Number         0  anon$$obj.o(Region$$Table)
    Region$$Table$$Limit                     0x00002268   Number         0  anon$$obj.o(Region$$Table)
    __libspace_start                         0x20000000   Data          96  libspace.o(.bss)
    CurrentState                             0x20000060   Data           1  main.o(.bss.CurrentState)
    __temporary_stack_top$libspace           0x20000060   Data           0  libspace.o(.bss)
    Mode3ExitRequest                         0x20000061   Data           1  main.o(.bss.Mode3ExitRequest)
    Mode3RxBuffer                            0x20000062   Data          21  main.o(.bss.Mode3RxBuffer)
    Mode3RxIndex                             0x20000077   Data           1  main.o(.bss.Mode3RxIndex)
    Mode3TxBuffer                            0x20000078   Data          21  main.o(.bss.Mode3TxBuffer)
    Mode3TxIndex                             0x2000008d   Data           1  main.o(.bss.Mode3TxIndex)
    SENDCOLOR                                0x2000008e   Data           1  main.o(.bss.SENDCOLOR)
    UART0_RxRB                               0x20000090   Data          68  uart0.o(.bss.UART0_RxRB)
    UART4_RxRB                               0x200000d4   Data          68  uart4.o(.bss.UART4_RxRB)
    USERINPUT                                0x20000118   Data           1  main.o(.bss.USERINPUT)
    UpdateColorDisplay                       0x20000119   Data           1  main.o(.bss.UpdateColorDisplay)
    WheelColor                               0x2000011a   Data           1  main.o(.bss.WheelColor)
    currentColor                             0x2000011b   Data           1  main.o(.bss.currentColor)
    mcu2Reply                                0x2000011c   Data           1  main.o(.bss.mcu2Reply)



==============================================================================

Memory Map of the image

  Image Entry point : 0x00000285

  Load Region LR_IROM1 (Base: 0x00000000, Size: 0x00002268, Max: 0x00040000, ABSOLUTE)

    Execution Region ER_IROM1 (Exec base: 0x00000000, Load base: 0x00000000, Size: 0x00002268, Max: 0x00040000, ABSOLUTE)

    Exec Addr    Load Addr    Size         Type   Attr      Idx    E Section Name        Object

    0x00000000   0x00000000   0x00000284   Code   RO           47    RESET               startup.o
    0x00000284   0x00000284   0x00000008   Code   RO          156  * !!!main             c_w.l(__main.o)
    0x0000028c   0x0000028c   0x0000005c   Code   RO          321    !!!scatter          c_w.l(__scatter.o)
    0x000002e8   0x000002e8   0x00000002   Code   RO          322    !!handler_null      c_w.l(__scatter.o)
    0x000002ea   0x000002ea   0x00000002   PAD
    0x000002ec   0x000002ec   0x0000001c   Code   RO          325    !!handler_zi        c_w.l(__scatter_zi.o)
    0x00000308   0x00000308   0x00000002   Code   RO          183    .ARM.Collect$$libinit$$00000000  c_w.l(libinit.o)
    0x0000030a   0x0000030a   0x00000000   Code   RO          190    .ARM.Collect$$libinit$$00000002  c_w.l(libinit2.o)
    0x0000030a   0x0000030a   0x00000000   Code   RO          192    .ARM.Collect$$libinit$$00000004  c_w.l(libinit2.o)
    0x0000030a   0x0000030a   0x00000000   Code   RO          194    .ARM.Collect$$libinit$$00000006  c_w.l(libinit2.o)
    0x0000030a   0x0000030a   0x00000000   Code   RO          197    .ARM.Collect$$libinit$$0000000C  c_w.l(libinit2.o)
    0x0000030a   0x0000030a   0x00000000   Code   RO          199    .ARM.Collect$$libinit$$0000000E  c_w.l(libinit2.o)
    0x0000030a   0x0000030a   0x00000000   Code   RO          201    .ARM.Collect$$libinit$$00000010  c_w.l(libinit2.o)
    0x0000030a   0x0000030a   0x00000000   Code   RO          204    .ARM.Collect$$libinit$$00000013  c_w.l(libinit2.o)
    0x0000030a   0x0000030a   0x00000000   Code   RO          206    .ARM.Collect$$libinit$$00000015  c_w.l(libinit2.o)
    0x0000030a   0x0000030a   0x00000000   Code   RO          208    .ARM.Collect$$libinit$$00000017  c_w.l(libinit2.o)
    0x0000030a   0x0000030a   0x00000000   Code   RO          210    .ARM.Collect$$libinit$$00000019  c_w.l(libinit2.o)
    0x0000030a   0x0000030a   0x00000000   Code   RO          212    .ARM.Collect$$libinit$$0000001B  c_w.l(libinit2.o)
    0x0000030a   0x0000030a   0x00000000   Code   RO          214    .ARM.Collect$$libinit$$0000001D  c_w.l(libinit2.o)
    0x0000030a   0x0000030a   0x00000000   Code   RO          216    .ARM.Collect$$libinit$$0000001F  c_w.l(libinit2.o)
    0x0000030a   0x0000030a   0x00000000   Code   RO          218    .ARM.Collect$$libinit$$00000021  c_w.l(libinit2.o)
    0x0000030a   0x0000030a   0x00000000   Code   RO          220    .ARM.Collect$$libinit$$00000023  c_w.l(libinit2.o)
    0x0000030a   0x0000030a   0x00000000   Code   RO          222    .ARM.Collect$$libinit$$00000025  c_w.l(libinit2.o)
    0x0000030a   0x0000030a   0x00000000   Code   RO          224    .ARM.Collect$$libinit$$00000027  c_w.l(libinit2.o)
    0x0000030a   0x0000030a   0x00000000   Code   RO          228    .ARM.Collect$$libinit$$0000002E  c_w.l(libinit2.o)
    0x0000030a   0x0000030a   0x00000000   Code   RO          230    .ARM.Collect$$libinit$$00000030  c_w.l(libinit2.o)
    0x0000030a   0x0000030a   0x00000000   Code   RO          232    .ARM.Collect$$libinit$$00000032  c_w.l(libinit2.o)
    0x0000030a   0x0000030a   0x00000000   Code   RO          234    .ARM.Collect$$libinit$$00000034  c_w.l(libinit2.o)
    0x0000030a   0x0000030a   0x00000002   Code   RO          235    .ARM.Collect$$libinit$$00000035  c_w.l(libinit2.o)
    0x0000030c   0x0000030c   0x00000002   Code   RO          257    .ARM.Collect$$libshutdown$$00000000  c_w.l(libshutdown.o)
    0x0000030e   0x0000030e   0x00000000   Code   RO          272    .ARM.Collect$$libshutdown$$00000002  c_w.l(libshutdown2.o)
    0x0000030e   0x0000030e   0x00000000   Code   RO          274    .ARM.Collect$$libshutdown$$00000004  c_w.l(libshutdown2.o)
    0x0000030e   0x0000030e   0x00000000   Code   RO          277    .ARM.Collect$$libshutdown$$00000007  c_w.l(libshutdown2.o)
    0x0000030e   0x0000030e   0x00000000   Code   RO          280    .ARM.Collect$$libshutdown$$0000000A  c_w.l(libshutdown2.o)
    0x0000030e   0x0000030e   0x00000000   Code   RO          282    .ARM.Collect$$libshutdown$$0000000C  c_w.l(libshutdown2.o)
    0x0000030e   0x0000030e   0x00000000   Code   RO          285    .ARM.Collect$$libshutdown$$0000000F  c_w.l(libshutdown2.o)
    0x0000030e   0x0000030e   0x00000002   Code   RO          286    .ARM.Collect$$libshutdown$$00000010  c_w.l(libshutdown2.o)
    0x00000310   0x00000310   0x00000000   Code   RO          158    .ARM.Collect$$rtentry$$00000000  c_w.l(__rtentry.o)
    0x00000310   0x00000310   0x00000000   Code   RO          160    .ARM.Collect$$rtentry$$00000002  c_w.l(__rtentry2.o)
    0x00000310   0x00000310   0x00000006   Code   RO          172    .ARM.Collect$$rtentry$$00000004  c_w.l(__rtentry4.o)
    0x00000316   0x00000316   0x00000000   Code   RO          162    .ARM.Collect$$rtentry$$00000009  c_w.l(__rtentry2.o)
    0x00000316   0x00000316   0x00000004   Code   RO          163    .ARM.Collect$$rtentry$$0000000A  c_w.l(__rtentry2.o)
    0x0000031a   0x0000031a   0x00000000   Code   RO          165    .ARM.Collect$$rtentry$$0000000C  c_w.l(__rtentry2.o)
    0x0000031a   0x0000031a   0x00000008   Code   RO          166    .ARM.Collect$$rtentry$$0000000D  c_w.l(__rtentry2.o)
    0x00000322   0x00000322   0x00000002   Code   RO          187    .ARM.Collect$$rtexit$$00000000  c_w.l(rtexit.o)
    0x00000324   0x00000324   0x00000000   Code   RO          237    .ARM.Collect$$rtexit$$00000002  c_w.l(rtexit2.o)
    0x00000324   0x00000324   0x00000004   Code   RO          238    .ARM.Collect$$rtexit$$00000003  c_w.l(rtexit2.o)
    0x00000328   0x00000328   0x00000006   Code   RO          239    .ARM.Collect$$rtexit$$00000004  c_w.l(rtexit2.o)
    0x0000032e   0x0000032e   0x00000002   PAD
    0x00000330   0x00000330   0x00000030   Code   RO           48    .text               startup.o
    0x00000360   0x00000360   0x00000006   Code   RO          154    .text               c_w.l(heapauxi.o)
    0x00000366   0x00000366   0x0000004a   Code   RO          174    .text               c_w.l(sys_stackheap_outer.o)
    0x000003b0   0x000003b0   0x00000012   Code   RO          176    .text               c_w.l(exit.o)
    0x000003c2   0x000003c2   0x00000002   PAD
    0x000003c4   0x000003c4   0x00000008   Code   RO          184    .text               c_w.l(libspace.o)
    0x000003cc   0x000003cc   0x0000000c   Code   RO          247    .text               c_w.l(sys_exit.o)
    0x000003d8   0x000003d8   0x00000002   Code   RO          262    .text               c_w.l(use_no_semi.o)
    0x000003da   0x000003da   0x00000000   Code   RO          264    .text               c_w.l(indicate_semi.o)
    0x000003da   0x000003da   0x00000002   PAD
    0x000003dc   0x000003dc   0x00000082   Code   RO           16    .text.ColorToIndex  main.o
    0x0000045e   0x0000045e   0x00000002   PAD
    0x00000460   0x00000460   0x0000002a   Code   RO            6    .text.DelayMs       main.o
    0x0000048a   0x0000048a   0x00000002   PAD
    0x0000048c   0x0000048c   0x000000d6   Code   RO           22    .text.GPIOPortF_Handler  main.o
    0x00000562   0x00000562   0x00000002   PAD
    0x00000564   0x00000564   0x0000019c   Code   RO           10    .text.LedBrightness  main.o
    0x00000700   0x00000700   0x00000166   Code   RO            8    .text.LedColor      main.o
    0x00000866   0x00000866   0x00000002   PAD
    0x00000868   0x00000868   0x00000098   Code   RO           12    .text.Mode2SetLED   main.o
    0x00000900   0x00000900   0x000000f8   Code   RO           20    .text.Mode3_ReceiveMessageMCU1  main.o
    0x000009f8   0x000009f8   0x000000b4   Code   RO           18    .text.Mode3_SendMessageMCU1  main.o
    0x00000aac   0x00000aac   0x00000084   Code   RO           57    .text.PLL_Init      pll.o
    0x00000b30   0x00000b30   0x000001f6   Code   RO           65    .text.PortF_Init    portf.o
    0x00000d26   0x00000d26   0x00000002   PAD
    0x00000d28   0x00000d28   0x0000012c   Code   RO           67    .text.PortF_SetRGB  portf.o
    0x00000e54   0x00000e54   0x00000014   Code   RO            4    .text.SystemInit    main.o
    0x00000e68   0x00000e68   0x00000014   Code   RO           89    .text.UART0_Available  uart0.o
    0x00000e7c   0x00000e7c   0x000000f6   Code   RO          105    .text.UART0_Handler  uart0.o
    0x00000f72   0x00000f72   0x00000002   PAD
    0x00000f74   0x00000f74   0x00000024   Code   RO           91    .text.UART0_InChar  uart0.o
    0x00000f98   0x00000f98   0x00000098   Code   RO           99    .text.UART0_InUDec  uart0.o
    0x00001030   0x00001030   0x0000010a   Code   RO           87    .text.UART0_Init    uart0.o
    0x0000113a   0x0000113a   0x00000002   PAD
    0x0000113c   0x0000113c   0x00000010   Code   RO          103    .text.UART0_OutCRLF  uart0.o
    0x0000114c   0x0000114c   0x0000002e   Code   RO           93    .text.UART0_OutChar  uart0.o
    0x0000117a   0x0000117a   0x00000002   PAD
    0x0000117c   0x0000117c   0x00000024   Code   RO           95    .text.UART0_OutString  uart0.o
    0x000011a0   0x000011a0   0x00000048   Code   RO          101    .text.UART0_OutUDec  uart0.o
    0x000011e8   0x000011e8   0x00000014   Code   RO          127    .text.UART4_Available  uart4.o
    0x000011fc   0x000011fc   0x00000066   Code   RO          143    .text.UART4_Handler  uart4.o
    0x00001262   0x00001262   0x00000002   PAD
    0x00001264   0x00001264   0x00000024   Code   RO          129    .text.UART4_InChar  uart4.o
    0x00001288   0x00001288   0x00000132   Code   RO          125    .text.UART4_Init    uart4.o
    0x000013ba   0x000013ba   0x00000002   PAD
    0x000013bc   0x000013bc   0x0000002a   Code   RO          131    .text.UART4_OutChar  uart4.o
    0x000013e6   0x000013e6   0x00000002   PAD
    0x000013e8   0x000013e8   0x00000024   Code   RO          133    .text.UART4_OutString  uart4.o
    0x0000140c   0x0000140c   0x00000038   Code   RO           14    .text.getColor      main.o
    0x00001444   0x00001444   0x00000676   Code   RO            2    .text.main          main.o
    0x00001aba   0x00001aba   0x00000002   PAD
    0x00001abc   0x00001abc   0x00000018   Code   RO           79    .text.rb0_Empty     uart0.o
    0x00001ad4   0x00001ad4   0x00000044   Code   RO           85    .text.rb0_Get       uart0.o
    0x00001b18   0x00001b18   0x00000012   Code   RO           77    .text.rb0_Init      uart0.o
    0x00001b2a   0x00001b2a   0x00000002   PAD
    0x00001b2c   0x00001b2c   0x00000050   Code   RO           83    .text.rb0_Put       uart0.o
    0x00001b7c   0x00001b7c   0x00000018   Code   RO          117    .text.rb4_Empty     uart4.o
    0x00001b94   0x00001b94   0x00000044   Code   RO          123    .text.rb4_Get       uart4.o
    0x00001bd8   0x00001bd8   0x00000012   Code   RO          115    .text.rb4_Init      uart4.o
    0x00001bea   0x00001bea   0x00000002   PAD
    0x00001bec   0x00001bec   0x00000050   Code   RO          121    .text.rb4_Put       uart4.o
    0x00001c3c   0x00001c3c   0x0000061b   Data   RO           32    .rodata.str1.1      main.o
    0x00002257   0x00002257   0x00000001   PAD
    0x00002258   0x00002258   0x00000010   Data   RO          320    Region$$Table       anon$$obj.o


    Execution Region RW_IRAM1 (Exec base: 0x20000000, Load base: 0x00002268, Size: 0x00000520, Max: 0x00008000, ABSOLUTE)

    Exec Addr    Load Addr    Size         Type   Attr      Idx    E Section Name        Object

    0x20000000        -       0x00000060   Zero   RW          185    .bss                c_w.l(libspace.o)
    0x20000060        -       0x00000001   Zero   RW           26    .bss.CurrentState   main.o
    0x20000061        -       0x00000001   Zero   RW           28    .bss.Mode3ExitRequest  main.o
    0x20000062        -       0x00000015   Zero   RW           37    .bss.Mode3RxBuffer  main.o
    0x20000077        -       0x00000001   Zero   RW           25    .bss.Mode3RxIndex   main.o
    0x20000078        -       0x00000015   Zero   RW           36    .bss.Mode3TxBuffer  main.o
    0x2000008d        -       0x00000001   Zero   RW           24    .bss.Mode3TxIndex   main.o
    0x2000008e        -       0x00000001   Zero   RW           29    .bss.SENDCOLOR      main.o
    0x2000008f   0x00002268   0x00000001   PAD
    0x20000090        -       0x00000044   Zero   RW          107    .bss.UART0_RxRB     uart0.o
    0x200000d4        -       0x00000044   Zero   RW          145    .bss.UART4_RxRB     uart4.o
    0x20000118        -       0x00000001   Zero   RW           33    .bss.USERINPUT      main.o
    0x20000119        -       0x00000001   Zero   RW           30    .bss.UpdateColorDisplay  main.o
    0x2000011a        -       0x00000001   Zero   RW           27    .bss.WheelColor     main.o
    0x2000011b        -       0x00000001   Zero   RW           31    .bss.currentColor   main.o
    0x2000011c        -       0x00000001   Zero   RW           34    .bss.mcu2Reply      main.o
    0x2000011d   0x00002268   0x00000003   PAD
    0x20000120        -       0x00000000   Zero   RW           46    HEAP                startup.o
    0x20000120        -       0x00000400   Zero   RW           45    STACK               startup.o


==============================================================================

Image component sizes


      Code (inc. data)   RO Data    RW Data    ZI Data      Debug   Object Name

      3466        144       1563          0         52       5615   main.o
       132          0          0          0          0        452   pll.o
       802          0          0          0          0       1235   portf.o
       692        632          0          0       1024       1012   startup.o
      1080          0          0          0         68       3559   uart0.o
       732          0          0          0         68       3270   uart4.o

    ----------------------------------------------------------------------
      6932        776       1580          0       1216      15143   Object Totals
         0          0         16          0          0          0   (incl. Generated)
        28          0          1          0          4          0   (incl. Padding)

    ----------------------------------------------------------------------

      Code (inc. data)   RO Data    RW Data    ZI Data      Debug   Library Member Name

         8          0          0          0          0         68   __main.o
         0          0          0          0          0          0   __rtentry.o
        12          0          0          0          0          0   __rtentry2.o
         6          0          0          0          0          0   __rtentry4.o
        94          8          0          0          0          0   __scatter.o
        28          0          0          0          0          0   __scatter_zi.o
        18          0          0          0          0         80   exit.o
         6          0          0          0          0        152   heapauxi.o
         0          0          0          0          0          0   indicate_semi.o
         2          0          0          0          0          0   libinit.o
         2          0          0          0          0          0   libinit2.o
         2          0          0          0          0          0   libshutdown.o
         2          0          0          0          0          0   libshutdown2.o
         8          4          0          0         96         68   libspace.o
         2          0          0          0          0          0   rtexit.o
        10          0          0          0          0          0   rtexit2.o
        12          4          0          0          0         68   sys_exit.o
        74          0          0          0          0         80   sys_stackheap_outer.o
         2          0          0          0          0         68   use_no_semi.o

    ----------------------------------------------------------------------
       296         16          0          0         96        584   Library Totals
         8          0          0          0          0          0   (incl. Padding)

    ----------------------------------------------------------------------

      Code (inc. data)   RO Data    RW Data    ZI Data      Debug   Library Name

       288         16          0          0         96        584   c_w.l

    ----------------------------------------------------------------------
       296         16          0          0         96        584   Library Totals

    ----------------------------------------------------------------------

==============================================================================


      Code (inc. data)   RO Data    RW Data    ZI Data      Debug   

      7228        792       1580          0       1312      15539   Grand Totals
      7228        792       1580          0       1312      15539   ELF Image Totals
      7228        792       1580          0          0          0   ROM Totals

==============================================================================

    Total RO  Size (Code + RO Data)                 8808 (   8.60kB)
    Total RW  Size (RW Data + ZI Data)              1312 (   1.28kB)
    Total ROM Size (Code + RO Data + RW Data)       8808 (   8.60kB)

==============================================================================

