Component: Arm Compiler for Embedded 6.21 Tool: armlink [5ec1fa00]

==============================================================================

Section Cross References

    main.o(.text.main) refers to main.o(.text.SystemInit) for SystemInit
    main.o(.text.main) refers to main.o(.text.DelayMs) for DelayMs
    main.o(.text.main) refers to uart0.o(.text.UART0_OutCRLF) for UART0_OutCRLF
    main.o(.text.main) refers to main.o(.rodata.str1.1) for .L.str
    main.o(.text.main) refers to uart0.o(.text.UART0_OutString) for UART0_OutString
    main.o(.text.main) refers to main.o(.bss.currentState) for currentState
    main.o(.text.main) refers to uart5.o(.text.UART5_Available) for UART5_Available
    main.o(.text.main) refers to uart5.o(.text.UART5_InChar) for UART5_InChar
    main.o(.text.main) refers to main.o(.bss.mcuListen) for mcuListen
    main.o(.text.main) refers to main.o(.bss.WheelColor) for WheelColor
    main.o(.text.main) refers to main.o(.bss.SENDCOLOR) for SENDCOLOR
    main.o(.text.main) refers to main.o(.bss.UpdateColorDisplay) for UpdateColorDisplay
    main.o(.text.main) refers to main.o(.text.ResetToIdle) for ResetToIdle
    main.o(.text.main) refers to main.o(.text.setLed) for setLed
    main.o(.text.main) refers to main.o(.text.PrintColorName) for PrintColorName
    main.o(.text.main) refers to main.o(.text.getColor) for getColor
    main.o(.text.main) refers to uart5.o(.text.UART5_OutChar) for UART5_OutChar
    main.o(.text.main) refers to main.o(.bss.Mode3ExitRequest) for Mode3ExitRequest
    main.o(.text.main) refers to main.o(.bss.Mode3TxIndex) for Mode3TxIndex
    main.o(.text.main) refers to main.o(.bss.Mode3RxIndex) for Mode3RxIndex
    main.o(.text.main) refers to main.o(.text.Mode3_ReceiveMessageMCU2) for Mode3_ReceiveMessageMCU2
    main.o(.text.main) refers to main.o(.text.Mode3_SendMessageMCU2) for Mode3_SendMessageMCU2
    main.o(.ARM.exidx.text.main) refers to main.o(.text.main) for [Anonymous Symbol]
    main.o(.text.SystemInit) refers to pll.o(.text.PLL_Init) for PLL_Init
    main.o(.text.SystemInit) refers to portf.o(.text.PortF_Init) for PortF_Init
    main.o(.text.SystemInit) refers to uart0.o(.text.UART0_Init) for UART0_Init
    main.o(.text.SystemInit) refers to uart5.o(.text.UART5_Init) for UART5_Init
    main.o(.ARM.exidx.text.SystemInit) refers to main.o(.text.SystemInit) for [Anonymous Symbol]
    main.o(.ARM.exidx.text.DelayMs) refers to main.o(.text.DelayMs) for [Anonymous Symbol]
    main.o(.text.ResetToIdle) refers to main.o(.bss.SENDCOLOR) for SENDCOLOR
    main.o(.text.ResetToIdle) refers to main.o(.bss.UpdateColorDisplay) for UpdateColorDisplay
    main.o(.text.ResetToIdle) refers to main.o(.bss.Mode3ExitRequest) for Mode3ExitRequest
    main.o(.text.ResetToIdle) refers to main.o(.bss.WheelColor) for WheelColor
    main.o(.text.ResetToIdle) refers to main.o(.bss.Mode3RxIndex) for Mode3RxIndex
    main.o(.text.ResetToIdle) refers to main.o(.bss.Mode3TxIndex) for Mode3TxIndex
    main.o(.text.ResetToIdle) refers to uart0.o(.text.UART0_OutCRLF) for UART0_OutCRLF
    main.o(.text.ResetToIdle) refers to main.o(.rodata.str1.1) for .L.str
    main.o(.text.ResetToIdle) refers to uart0.o(.text.UART0_OutString) for UART0_OutString
    main.o(.text.ResetToIdle) refers to main.o(.bss.currentState) for currentState
    main.o(.ARM.exidx.text.ResetToIdle) refers to main.o(.text.ResetToIdle) for [Anonymous Symbol]
    main.o(.text.setLed) refers to main.o(.rodata.str1.1) for .L.str.25
    main.o(.text.setLed) refers to uart0.o(.text.UART0_OutString) for UART0_OutString
    main.o(.ARM.exidx.text.setLed) refers to main.o(.text.setLed) for [Anonymous Symbol]
    main.o(.text.PrintColorName) refers to main.o(.rodata.str1.1) for .L.str.16
    main.o(.text.PrintColorName) refers to uart0.o(.text.UART0_OutString) for UART0_OutString
    main.o(.ARM.exidx.text.PrintColorName) refers to main.o(.text.PrintColorName) for [Anonymous Symbol]
    main.o(.ARM.exidx.text.getColor) refers to main.o(.text.getColor) for [Anonymous Symbol]
    main.o(.text.Mode3_ReceiveMessageMCU2) refers to uart5.o(.text.UART5_Available) for UART5_Available
    main.o(.text.Mode3_ReceiveMessageMCU2) refers to uart5.o(.text.UART5_InChar) for UART5_InChar
    main.o(.text.Mode3_ReceiveMessageMCU2) refers to uart0.o(.text.UART0_OutCRLF) for UART0_OutCRLF
    main.o(.text.Mode3_ReceiveMessageMCU2) refers to main.o(.bss.Mode3RxIndex) for Mode3RxIndex
    main.o(.text.Mode3_ReceiveMessageMCU2) refers to main.o(.text.ResetToIdle) for ResetToIdle
    main.o(.text.Mode3_ReceiveMessageMCU2) refers to main.o(.bss.Mode3RxBuffer) for Mode3RxBuffer
    main.o(.text.Mode3_ReceiveMessageMCU2) refers to main.o(.rodata.str1.1) for .L.str.26
    main.o(.text.Mode3_ReceiveMessageMCU2) refers to uart0.o(.text.UART0_OutString) for UART0_OutString
    main.o(.text.Mode3_ReceiveMessageMCU2) refers to main.o(.bss.currentState) for currentState
    main.o(.ARM.exidx.text.Mode3_ReceiveMessageMCU2) refers to main.o(.text.Mode3_ReceiveMessageMCU2) for [Anonymous Symbol]
    main.o(.text.Mode3_SendMessageMCU2) refers to uart0.o(.text.UART0_Available) for UART0_Available
    main.o(.text.Mode3_SendMessageMCU2) refers to uart0.o(.text.UART0_InChar) for UART0_InChar
    main.o(.text.Mode3_SendMessageMCU2) refers to main.o(.rodata.str1.1) for .L.str.31
    main.o(.text.Mode3_SendMessageMCU2) refers to uart0.o(.text.UART0_OutString) for UART0_OutString
    main.o(.text.Mode3_SendMessageMCU2) refers to uart0.o(.text.UART0_OutChar) for UART0_OutChar
    main.o(.text.Mode3_SendMessageMCU2) refers to main.o(.bss.Mode3TxIndex) for Mode3TxIndex
    main.o(.text.Mode3_SendMessageMCU2) refers to main.o(.bss.Mode3TxBuffer) for Mode3TxBuffer
    main.o(.text.Mode3_SendMessageMCU2) refers to uart5.o(.text.UART5_OutString) for UART5_OutString
    main.o(.text.Mode3_SendMessageMCU2) refers to uart5.o(.text.UART5_OutChar) for UART5_OutChar
    main.o(.text.Mode3_SendMessageMCU2) refers to uart0.o(.text.UART0_OutCRLF) for UART0_OutCRLF
    main.o(.text.Mode3_SendMessageMCU2) refers to main.o(.bss.currentState) for currentState
    main.o(.ARM.exidx.text.Mode3_SendMessageMCU2) refers to main.o(.text.Mode3_SendMessageMCU2) for [Anonymous Symbol]
    main.o(.text.GPIOPortF_Handler) refers to main.o(.text.DelayMs) for DelayMs
    main.o(.text.GPIOPortF_Handler) refers to main.o(.bss.currentState) for currentState
    main.o(.text.GPIOPortF_Handler) refers to main.o(.bss.SENDCOLOR) for SENDCOLOR
    main.o(.text.GPIOPortF_Handler) refers to main.o(.bss.Mode3ExitRequest) for Mode3ExitRequest
    main.o(.text.GPIOPortF_Handler) refers to main.o(.bss.WheelColor) for WheelColor
    main.o(.text.GPIOPortF_Handler) refers to main.o(.bss.UpdateColorDisplay) for UpdateColorDisplay
    main.o(.ARM.exidx.text.GPIOPortF_Handler) refers to main.o(.text.GPIOPortF_Handler) for [Anonymous Symbol]
    startup.o(STACK) refers (Special) to heapauxi.o(.text) for __use_two_region_memory
    startup.o(HEAP) refers (Special) to heapauxi.o(.text) for __use_two_region_memory
    startup.o(RESET) refers (Special) to heapauxi.o(.text) for __use_two_region_memory
    startup.o(RESET) refers to startup.o(STACK) for StackMem
    startup.o(RESET) refers to uart0.o(.text.UART0_Handler) for UART0_Handler
    startup.o(RESET) refers to main.o(.text.GPIOPortF_Handler) for GPIOPortF_Handler
    startup.o(RESET) refers to uart5.o(.text.UART5_Handler) for UART5_Handler
    startup.o(RESET) refers to __main.o(!!!main) for __main
    startup.o(.text) refers (Special) to heapauxi.o(.text) for __use_two_region_memory
    startup.o(.text) refers to startup.o(HEAP) for HeapMem
    startup.o(.text) refers to startup.o(STACK) for StackMem
    pll.o(.ARM.exidx.text.PLL_Init) refers to pll.o(.text.PLL_Init) for [Anonymous Symbol]
    portf.o(.ARM.exidx.text.PortF_Init) refers to portf.o(.text.PortF_Init) for [Anonymous Symbol]
    uart5.o(.ARM.exidx.text.rb5_Init) refers to uart5.o(.text.rb5_Init) for [Anonymous Symbol]
    uart5.o(.ARM.exidx.text.rb5_Empty) refers to uart5.o(.text.rb5_Empty) for [Anonymous Symbol]
    uart5.o(.ARM.exidx.text.rb5_Full) refers to uart5.o(.text.rb5_Full) for [Anonymous Symbol]
    uart5.o(.ARM.exidx.text.rb5_Put) refers to uart5.o(.text.rb5_Put) for [Anonymous Symbol]
    uart5.o(.text.rb5_Get) refers to uart5.o(.text.rb5_Empty) for rb5_Empty
    uart5.o(.ARM.exidx.text.rb5_Get) refers to uart5.o(.text.rb5_Get) for [Anonymous Symbol]
    uart5.o(.text.UART5_Init) refers to uart5.o(.bss.UART5_RxRB) for UART5_RxRB
    uart5.o(.text.UART5_Init) refers to uart5.o(.text.rb5_Init) for rb5_Init
    uart5.o(.ARM.exidx.text.UART5_Init) refers to uart5.o(.text.UART5_Init) for [Anonymous Symbol]
    uart5.o(.text.UART5_Available) refers to uart5.o(.bss.UART5_RxRB) for UART5_RxRB
    uart5.o(.text.UART5_Available) refers to uart5.o(.text.rb5_Empty) for rb5_Empty
    uart5.o(.ARM.exidx.text.UART5_Available) refers to uart5.o(.text.UART5_Available) for [Anonymous Symbol]
    uart5.o(.text.UART5_InChar) refers to uart5.o(.bss.UART5_RxRB) for UART5_RxRB
    uart5.o(.text.UART5_InChar) refers to uart5.o(.text.rb5_Get) for rb5_Get
    uart5.o(.ARM.exidx.text.UART5_InChar) refers to uart5.o(.text.UART5_InChar) for [Anonymous Symbol]
    uart5.o(.ARM.exidx.text.UART5_OutChar) refers to uart5.o(.text.UART5_OutChar) for [Anonymous Symbol]
    uart5.o(.text.UART5_OutString) refers to uart5.o(.text.UART5_OutChar) for UART5_OutChar
    uart5.o(.ARM.exidx.text.UART5_OutString) refers to uart5.o(.text.UART5_OutString) for [Anonymous Symbol]
    uart5.o(.text.UART5_InString) refers to uart5.o(.text.UART5_InChar) for UART5_InChar
    uart5.o(.text.UART5_InString) refers to uart5.o(.text.UART5_OutChar) for UART5_OutChar
    uart5.o(.ARM.exidx.text.UART5_InString) refers to uart5.o(.text.UART5_InString) for [Anonymous Symbol]
    uart5.o(.text.UART5_InUDec) refers to uart5.o(.text.UART5_InChar) for UART5_InChar
    uart5.o(.text.UART5_InUDec) refers to uart5.o(.text.UART5_OutChar) for UART5_OutChar
    uart5.o(.ARM.exidx.text.UART5_InUDec) refers to uart5.o(.text.UART5_InUDec) for [Anonymous Symbol]
    uart5.o(.text.UART5_OutUDec) refers to uart5.o(.text.UART5_OutChar) for UART5_OutChar
    uart5.o(.ARM.exidx.text.UART5_OutUDec) refers to uart5.o(.text.UART5_OutUDec) for [Anonymous Symbol]
    uart5.o(.text.UART5_OutCRLF) refers to uart5.o(.text.UART5_OutChar) for UART5_OutChar
    uart5.o(.ARM.exidx.text.UART5_OutCRLF) refers to uart5.o(.text.UART5_OutCRLF) for [Anonymous Symbol]
    uart5.o(.text.UART5_Handler) refers to uart5.o(.bss.UART5_RxRB) for UART5_RxRB
    uart5.o(.text.UART5_Handler) refers to uart5.o(.text.rb5_Put) for rb5_Put
    uart5.o(.ARM.exidx.text.UART5_Handler) refers to uart5.o(.text.UART5_Handler) for [Anonymous Symbol]
    uart0.o(.ARM.exidx.text.rb0_Init) refers to uart0.o(.text.rb0_Init) for [Anonymous Symbol]
    uart0.o(.ARM.exidx.text.rb0_Empty) refers to uart0.o(.text.rb0_Empty) for [Anonymous Symbol]
    uart0.o(.ARM.exidx.text.rb0_Full) refers to uart0.o(.text.rb0_Full) for [Anonymous Symbol]
    uart0.o(.ARM.exidx.text.rb0_Put) refers to uart0.o(.text.rb0_Put) for [Anonymous Symbol]
    uart0.o(.text.rb0_Get) refers to uart0.o(.text.rb0_Empty) for rb0_Empty
    uart0.o(.ARM.exidx.text.rb0_Get) refers to uart0.o(.text.rb0_Get) for [Anonymous Symbol]
    uart0.o(.text.UART0_Init) refers to uart0.o(.bss.UART0_RxRB) for UART0_RxRB
    uart0.o(.text.UART0_Init) refers to uart0.o(.text.rb0_Init) for rb0_Init
    uart0.o(.ARM.exidx.text.UART0_Init) refers to uart0.o(.text.UART0_Init) for [Anonymous Symbol]
    uart0.o(.text.UART0_Available) refers to uart0.o(.bss.UART0_RxRB) for UART0_RxRB
    uart0.o(.text.UART0_Available) refers to uart0.o(.text.rb0_Empty) for rb0_Empty
    uart0.o(.ARM.exidx.text.UART0_Available) refers to uart0.o(.text.UART0_Available) for [Anonymous Symbol]
    uart0.o(.text.UART0_InChar) refers to uart0.o(.bss.UART0_RxRB) for UART0_RxRB
    uart0.o(.text.UART0_InChar) refers to uart0.o(.text.rb0_Get) for rb0_Get
    uart0.o(.ARM.exidx.text.UART0_InChar) refers to uart0.o(.text.UART0_InChar) for [Anonymous Symbol]
    uart0.o(.ARM.exidx.text.UART0_OutChar) refers to uart0.o(.text.UART0_OutChar) for [Anonymous Symbol]
    uart0.o(.text.UART0_OutString) refers to uart0.o(.text.UART0_OutChar) for UART0_OutChar
    uart0.o(.ARM.exidx.text.UART0_OutString) refers to uart0.o(.text.UART0_OutString) for [Anonymous Symbol]
    uart0.o(.text.UART0_InString) refers to uart0.o(.text.UART0_InChar) for UART0_InChar
    uart0.o(.text.UART0_InString) refers to uart0.o(.text.UART0_OutChar) for UART0_OutChar
    uart0.o(.ARM.exidx.text.UART0_InString) refers to uart0.o(.text.UART0_InString) for [Anonymous Symbol]
    uart0.o(.text.UART0_InUDec) refers to uart0.o(.text.UART0_InChar) for UART0_InChar
    uart0.o(.text.UART0_InUDec) refers to uart0.o(.text.UART0_OutChar) for UART0_OutChar
    uart0.o(.ARM.exidx.text.UART0_InUDec) refers to uart0.o(.text.UART0_InUDec) for [Anonymous Symbol]
    uart0.o(.text.UART0_OutUDec) refers to uart0.o(.text.UART0_OutChar) for UART0_OutChar
    uart0.o(.ARM.exidx.text.UART0_OutUDec) refers to uart0.o(.text.UART0_OutUDec) for [Anonymous Symbol]
    uart0.o(.text.UART0_OutCRLF) refers to uart0.o(.text.UART0_OutChar) for UART0_OutChar
    uart0.o(.ARM.exidx.text.UART0_OutCRLF) refers to uart0.o(.text.UART0_OutCRLF) for [Anonymous Symbol]
    uart0.o(.text.UART0_Handler) refers to uart0.o(.bss.UART0_RxRB) for UART0_RxRB
    uart0.o(.text.UART0_Handler) refers to uart0.o(.text.rb0_Put) for rb0_Put
    uart0.o(.ARM.exidx.text.UART0_Handler) refers to uart0.o(.text.UART0_Handler) for [Anonymous Symbol]
    __main.o(!!!main) refers to __rtentry.o(.ARM.Collect$$rtentry$$00000000) for __rt_entry
    __rtentry.o(.ARM.Collect$$rtentry$$00000000) refers (Special) to __rtentry2.o(.ARM.Collect$$rtentry$$0000000A) for __rt_entry_li
    __rtentry.o(.ARM.Collect$$rtentry$$00000000) refers (Special) to __rtentry2.o(.ARM.Collect$$rtentry$$0000000D) for __rt_entry_main
    __rtentry.o(.ARM.Collect$$rtentry$$00000000) refers (Special) to __rtentry2.o(.ARM.Collect$$rtentry$$0000000C) for __rt_entry_postli_1
    __rtentry.o(.ARM.Collect$$rtentry$$00000000) refers (Special) to __rtentry2.o(.ARM.Collect$$rtentry$$00000009) for __rt_entry_postsh_1
    __rtentry.o(.ARM.Collect$$rtentry$$00000000) refers (Special) to __rtentry2.o(.ARM.Collect$$rtentry$$00000002) for __rt_entry_presh_1
    __rtentry.o(.ARM.Collect$$rtentry$$00000000) refers (Special) to __rtentry4.o(.ARM.Collect$$rtentry$$00000004) for __rt_entry_sh
    __rtentry2.o(.ARM.Collect$$rtentry$$00000008) refers to boardinit2.o(.text) for _platform_post_stackheap_init
    __rtentry2.o(.ARM.Collect$$rtentry$$0000000A) refers to libinit.o(.ARM.Collect$$libinit$$00000000) for __rt_lib_init
    __rtentry2.o(.ARM.Collect$$rtentry$$0000000B) refers to boardinit3.o(.text) for _platform_post_lib_init
    __rtentry2.o(.ARM.Collect$$rtentry$$0000000D) refers to main.o(.text.main) for main
    __rtentry2.o(.ARM.Collect$$rtentry$$0000000D) refers to exit.o(.text) for exit
    __rtentry2.o(.ARM.exidx) refers to __rtentry2.o(.ARM.Collect$$rtentry$$00000001) for .ARM.Collect$$rtentry$$00000001
    __rtentry2.o(.ARM.exidx) refers to __rtentry2.o(.ARM.Collect$$rtentry$$00000008) for .ARM.Collect$$rtentry$$00000008
    __rtentry2.o(.ARM.exidx) refers to __rtentry2.o(.ARM.Collect$$rtentry$$0000000A) for .ARM.Collect$$rtentry$$0000000A
    __rtentry2.o(.ARM.exidx) refers to __rtentry2.o(.ARM.Collect$$rtentry$$0000000B) for .ARM.Collect$$rtentry$$0000000B
    __rtentry2.o(.ARM.exidx) refers to __rtentry2.o(.ARM.Collect$$rtentry$$0000000D) for .ARM.Collect$$rtentry$$0000000D
    __rtentry4.o(.ARM.Collect$$rtentry$$00000004) refers to sys_stackheap_outer.o(.text) for __user_setup_stackheap
    __rtentry4.o(.ARM.exidx) refers to __rtentry4.o(.ARM.Collect$$rtentry$$00000004) for .ARM.Collect$$rtentry$$00000004
    sys_stackheap_outer.o(.text) refers to libspace.o(.text) for __user_perproc_libspace
    sys_stackheap_outer.o(.text) refers to startup.o(.text) for __user_initial_stackheap
    exit.o(.text) refers to rtexit.o(.ARM.Collect$$rtexit$$00000000) for __rt_exit
    libinit.o(.ARM.Collect$$libinit$$00000000) refers (Special) to libinit2.o(.ARM.Collect$$libinit$$00000030) for __rt_lib_init_alloca_1
    libinit.o(.ARM.Collect$$libinit$$00000000) refers (Special) to libinit2.o(.ARM.Collect$$libinit$$0000002E) for __rt_lib_init_argv_1
    libinit.o(.ARM.Collect$$libinit$$00000000) refers (Special) to libinit2.o(.ARM.Collect$$libinit$$0000001D) for __rt_lib_init_atexit_1
    libinit.o(.ARM.Collect$$libinit$$00000000) refers (Special) to libinit2.o(.ARM.Collect$$libinit$$00000023) for __rt_lib_init_clock_1
    libinit.o(.ARM.Collect$$libinit$$00000000) refers (Special) to libinit2.o(.ARM.Collect$$libinit$$00000034) for __rt_lib_init_cpp_1
    libinit.o(.ARM.Collect$$libinit$$00000000) refers (Special) to libinit2.o(.ARM.Collect$$libinit$$00000032) for __rt_lib_init_exceptions_1
    libinit.o(.ARM.Collect$$libinit$$00000000) refers (Special) to libinit2.o(.ARM.Collect$$libinit$$00000002) for __rt_lib_init_fp_1
    libinit.o(.ARM.Collect$$libinit$$00000000) refers (Special) to libinit2.o(.ARM.Collect$$libinit$$00000021) for __rt_lib_init_fp_trap_1
    libinit.o(.ARM.Collect$$libinit$$00000000) refers (Special) to libinit2.o(.ARM.Collect$$libinit$$00000025) for __rt_lib_init_getenv_1
    libinit.o(.ARM.Collect$$libinit$$00000000) refers (Special) to libinit2.o(.ARM.Collect$$libinit$$0000000C) for __rt_lib_init_heap_1
    libinit.o(.ARM.Collect$$libinit$$00000000) refers (Special) to libinit2.o(.ARM.Collect$$libinit$$00000013) for __rt_lib_init_lc_collate_1
    libinit.o(.ARM.Collect$$libinit$$00000000) refers (Special) to libinit2.o(.ARM.Collect$$libinit$$00000015) for __rt_lib_init_lc_ctype_1
    libinit.o(.ARM.Collect$$libinit$$00000000) refers (Special) to libinit2.o(.ARM.Collect$$libinit$$00000017) for __rt_lib_init_lc_monetary_1
    libinit.o(.ARM.Collect$$libinit$$00000000) refers (Special) to libinit2.o(.ARM.Collect$$libinit$$00000019) for __rt_lib_init_lc_numeric_1
    libinit.o(.ARM.Collect$$libinit$$00000000) refers (Special) to libinit2.o(.ARM.Collect$$libinit$$0000001B) for __rt_lib_init_lc_time_1
    libinit.o(.ARM.Collect$$libinit$$00000000) refers (Special) to libinit2.o(.ARM.Collect$$libinit$$00000006) for __rt_lib_init_preinit_1
    libinit.o(.ARM.Collect$$libinit$$00000000) refers (Special) to libinit2.o(.ARM.Collect$$libinit$$00000010) for __rt_lib_init_rand_1
    libinit.o(.ARM.Collect$$libinit$$00000000) refers (Special) to libinit2.o(.ARM.Collect$$libinit$$00000004) for __rt_lib_init_relocate_pie_1
    libinit.o(.ARM.Collect$$libinit$$00000000) refers (Special) to libinit2.o(.ARM.Collect$$libinit$$00000035) for __rt_lib_init_return
    libinit.o(.ARM.Collect$$libinit$$00000000) refers (Special) to libinit2.o(.ARM.Collect$$libinit$$0000001F) for __rt_lib_init_signal_1
    libinit.o(.ARM.Collect$$libinit$$00000000) refers (Special) to libinit2.o(.ARM.Collect$$libinit$$00000027) for __rt_lib_init_stdio_1
    libinit.o(.ARM.Collect$$libinit$$00000000) refers (Special) to libinit2.o(.ARM.Collect$$libinit$$0000000E) for __rt_lib_init_user_alloc_1
    libspace.o(.text) refers to libspace.o(.bss) for __libspace_start
    rtexit.o(.ARM.Collect$$rtexit$$00000000) refers (Special) to rtexit2.o(.ARM.Collect$$rtexit$$00000004) for __rt_exit_exit
    rtexit.o(.ARM.Collect$$rtexit$$00000000) refers (Special) to rtexit2.o(.ARM.Collect$$rtexit$$00000003) for __rt_exit_ls
    rtexit.o(.ARM.Collect$$rtexit$$00000000) refers (Special) to rtexit2.o(.ARM.Collect$$rtexit$$00000002) for __rt_exit_prels_1
    rtexit.o(.ARM.exidx) refers (Special) to rtexit2.o(.ARM.Collect$$rtexit$$00000004) for __rt_exit_exit
    rtexit.o(.ARM.exidx) refers (Special) to rtexit2.o(.ARM.Collect$$rtexit$$00000003) for __rt_exit_ls
    rtexit.o(.ARM.exidx) refers (Special) to rtexit2.o(.ARM.Collect$$rtexit$$00000002) for __rt_exit_prels_1
    rtexit.o(.ARM.exidx) refers to rtexit.o(.ARM.Collect$$rtexit$$00000000) for .ARM.Collect$$rtexit$$00000000
    libinit2.o(.ARM.Collect$$libinit$$00000012) refers to libinit2.o(.ARM.Collect$$libinit$$00000011) for .ARM.Collect$$libinit$$00000011
    libinit2.o(.ARM.Collect$$libinit$$00000014) refers to libinit2.o(.ARM.Collect$$libinit$$00000011) for .ARM.Collect$$libinit$$00000011
    libinit2.o(.ARM.Collect$$libinit$$00000016) refers to libinit2.o(.ARM.Collect$$libinit$$00000011) for .ARM.Collect$$libinit$$00000011
    libinit2.o(.ARM.Collect$$libinit$$00000018) refers to libinit2.o(.ARM.Collect$$libinit$$00000011) for .ARM.Collect$$libinit$$00000011
    libinit2.o(.ARM.Collect$$libinit$$0000001A) refers to libinit2.o(.ARM.Collect$$libinit$$00000011) for .ARM.Collect$$libinit$$00000011
    libinit2.o(.ARM.Collect$$libinit$$00000028) refers to argv_veneer.o(.emb_text) for __ARM_argv_veneer
    libinit2.o(.ARM.Collect$$libinit$$00000029) refers to argv_veneer.o(.emb_text) for __ARM_argv_veneer
    rtexit2.o(.ARM.Collect$$rtexit$$00000003) refers to libshutdown.o(.ARM.Collect$$libshutdown$$00000000) for __rt_lib_shutdown
    rtexit2.o(.ARM.Collect$$rtexit$$00000004) refers to sys_exit.o(.text) for _sys_exit
    rtexit2.o(.ARM.exidx) refers to rtexit2.o(.ARM.Collect$$rtexit$$00000001) for .ARM.Collect$$rtexit$$00000001
    rtexit2.o(.ARM.exidx) refers to rtexit2.o(.ARM.Collect$$rtexit$$00000003) for .ARM.Collect$$rtexit$$00000003
    rtexit2.o(.ARM.exidx) refers to rtexit2.o(.ARM.Collect$$rtexit$$00000004) for .ARM.Collect$$rtexit$$00000004
    argv_veneer.o(.emb_text) refers to no_argv.o(.text) for __ARM_get_argv
    sys_exit.o(.text) refers (Special) to use_no_semi.o(.text) for __I$use$semihosting
    sys_exit.o(.text) refers (Special) to indicate_semi.o(.text) for __semihosting_library_function
    sys_exit_hlt.o(.text) refers (Special) to use_no_semi.o(.text) for __I$use$semihosting
    sys_exit_hlt.o(.text) refers (Special) to indicate_semi.o(.text) for __semihosting_library_function
    _get_argv_nomalloc.o(.text) refers (Special) to hrguard.o(.text) for __heap_region$guard
    _get_argv_nomalloc.o(.text) refers to defsig_rtmem_outer.o(.text) for __rt_SIGRTMEM
    _get_argv_nomalloc.o(.text) refers to sys_command.o(.text) for _sys_command_string
    libshutdown.o(.ARM.Collect$$libshutdown$$00000000) refers (Special) to libshutdown2.o(.ARM.Collect$$libshutdown$$00000002) for __rt_lib_shutdown_cpp_1
    libshutdown.o(.ARM.Collect$$libshutdown$$00000000) refers (Special) to libshutdown2.o(.ARM.Collect$$libshutdown$$00000007) for __rt_lib_shutdown_fp_trap_1
    libshutdown.o(.ARM.Collect$$libshutdown$$00000000) refers (Special) to libshutdown2.o(.ARM.Collect$$libshutdown$$0000000F) for __rt_lib_shutdown_heap_1
    libshutdown.o(.ARM.Collect$$libshutdown$$00000000) refers (Special) to libshutdown2.o(.ARM.Collect$$libshutdown$$00000010) for __rt_lib_shutdown_return
    libshutdown.o(.ARM.Collect$$libshutdown$$00000000) refers (Special) to libshutdown2.o(.ARM.Collect$$libshutdown$$0000000A) for __rt_lib_shutdown_signal_1
    libshutdown.o(.ARM.Collect$$libshutdown$$00000000) refers (Special) to libshutdown2.o(.ARM.Collect$$libshutdown$$00000004) for __rt_lib_shutdown_stdio_1
    libshutdown.o(.ARM.Collect$$libshutdown$$00000000) refers (Special) to libshutdown2.o(.ARM.Collect$$libshutdown$$0000000C) for __rt_lib_shutdown_user_alloc_1
    sys_command.o(.text) refers (Special) to use_no_semi.o(.text) for __I$use$semihosting
    sys_command.o(.text) refers (Special) to indicate_semi.o(.text) for __semihosting_library_function
    sys_command_hlt.o(.text) refers (Special) to use_no_semi.o(.text) for __I$use$semihosting
    sys_command_hlt.o(.text) refers (Special) to indicate_semi.o(.text) for __semihosting_library_function
    defsig_rtmem_outer.o(.text) refers to defsig_rtmem_inner.o(.text) for __rt_SIGRTMEM_inner
    defsig_rtmem_outer.o(.text) refers to defsig_exit.o(.text) for __sig_exit
    defsig_rtmem_formal.o(.text) refers to rt_raise.o(.text) for __rt_raise
    rt_raise.o(.text) refers to __raise.o(.text) for __raise
    rt_raise.o(.text) refers to sys_exit.o(.text) for _sys_exit
    defsig_exit.o(.text) refers to sys_exit.o(.text) for _sys_exit
    defsig_rtmem_inner.o(.text) refers to defsig_general.o(.text) for __default_signal_display
    __raise.o(.text) refers to defsig.o(CL$$defsig) for __default_signal_handler
    defsig_general.o(.text) refers to sys_wrch.o(.text) for _ttywrch
    sys_wrch.o(.text) refers (Special) to use_no_semi.o(.text) for __I$use$semihosting
    sys_wrch.o(.text) refers (Special) to indicate_semi.o(.text) for __semihosting_library_function
    sys_wrch_hlt.o(.text) refers (Special) to use_no_semi.o(.text) for __I$use$semihosting
    sys_wrch_hlt.o(.text) refers (Special) to indicate_semi.o(.text) for __semihosting_library_function
    defsig.o(CL$$defsig) refers to defsig_rtmem_inner.o(.text) for __rt_SIGRTMEM_inner
    defsig_abrt_inner.o(.text) refers to defsig_general.o(.text) for __default_signal_display
    defsig_fpe_inner.o(.text) refers to defsig_general.o(.text) for __default_signal_display
    defsig_rtred_inner.o(.text) refers to defsig_general.o(.text) for __default_signal_display
    defsig_stak_inner.o(.text) refers to defsig_general.o(.text) for __default_signal_display
    defsig_pvfn_inner.o(.text) refers to defsig_general.o(.text) for __default_signal_display
    defsig_cppl_inner.o(.text) refers to defsig_general.o(.text) for __default_signal_display
    defsig_segv_inner.o(.text) refers to defsig_general.o(.text) for __default_signal_display
    defsig_other.o(.text) refers to defsig_general.o(.text) for __default_signal_display


==============================================================================

Removing Unused input sections from the image.

    Removing main.o(.text), (0 bytes).
    Removing main.o(.ARM.exidx.text.main), (8 bytes).
    Removing main.o(.ARM.exidx.text.SystemInit), (8 bytes).
    Removing main.o(.ARM.exidx.text.DelayMs), (8 bytes).
    Removing main.o(.ARM.exidx.text.ResetToIdle), (8 bytes).
    Removing main.o(.ARM.exidx.text.setLed), (8 bytes).
    Removing main.o(.ARM.exidx.text.PrintColorName), (8 bytes).
    Removing main.o(.ARM.exidx.text.getColor), (8 bytes).
    Removing main.o(.ARM.exidx.text.Mode3_ReceiveMessageMCU2), (8 bytes).
    Removing main.o(.ARM.exidx.text.Mode3_SendMessageMCU2), (8 bytes).
    Removing main.o(.ARM.exidx.text.GPIOPortF_Handler), (8 bytes).
    Removing main.o(.rodata.cst8), (8 bytes).
    Removing main.o(.ARM.use_no_argv), (4 bytes).
    Removing pll.o(.text), (0 bytes).
    Removing pll.o(.ARM.exidx.text.PLL_Init), (8 bytes).
    Removing portf.o(.text), (0 bytes).
    Removing portf.o(.ARM.exidx.text.PortF_Init), (8 bytes).
    Removing uart5.o(.text), (0 bytes).
    Removing uart5.o(.ARM.exidx.text.rb5_Init), (8 bytes).
    Removing uart5.o(.ARM.exidx.text.rb5_Empty), (8 bytes).
    Removing uart5.o(.text.rb5_Full), (30 bytes).
    Removing uart5.o(.ARM.exidx.text.rb5_Full), (8 bytes).
    Removing uart5.o(.ARM.exidx.text.rb5_Put), (8 bytes).
    Removing uart5.o(.ARM.exidx.text.rb5_Get), (8 bytes).
    Removing uart5.o(.ARM.exidx.text.UART5_Init), (8 bytes).
    Removing uart5.o(.ARM.exidx.text.UART5_Available), (8 bytes).
    Removing uart5.o(.ARM.exidx.text.UART5_InChar), (8 bytes).
    Removing uart5.o(.ARM.exidx.text.UART5_OutChar), (8 bytes).
    Removing uart5.o(.ARM.exidx.text.UART5_OutString), (8 bytes).
    Removing uart5.o(.text.UART5_InString), (138 bytes).
    Removing uart5.o(.ARM.exidx.text.UART5_InString), (8 bytes).
    Removing uart5.o(.text.UART5_InUDec), (152 bytes).
    Removing uart5.o(.ARM.exidx.text.UART5_InUDec), (8 bytes).
    Removing uart5.o(.text.UART5_OutUDec), (72 bytes).
    Removing uart5.o(.ARM.exidx.text.UART5_OutUDec), (8 bytes).
    Removing uart5.o(.text.UART5_OutCRLF), (16 bytes).
    Removing uart5.o(.ARM.exidx.text.UART5_OutCRLF), (8 bytes).
    Removing uart5.o(.ARM.exidx.text.UART5_Handler), (8 bytes).
    Removing uart0.o(.text), (0 bytes).
    Removing uart0.o(.ARM.exidx.text.rb0_Init), (8 bytes).
    Removing uart0.o(.ARM.exidx.text.rb0_Empty), (8 bytes).
    Removing uart0.o(.text.rb0_Full), (30 bytes).
    Removing uart0.o(.ARM.exidx.text.rb0_Full), (8 bytes).
    Removing uart0.o(.ARM.exidx.text.rb0_Put), (8 bytes).
    Removing uart0.o(.ARM.exidx.text.rb0_Get), (8 bytes).
    Removing uart0.o(.ARM.exidx.text.UART0_Init), (8 bytes).
    Removing uart0.o(.ARM.exidx.text.UART0_Available), (8 bytes).
    Removing uart0.o(.ARM.exidx.text.UART0_InChar), (8 bytes).
    Removing uart0.o(.ARM.exidx.text.UART0_OutChar), (8 bytes).
    Removing uart0.o(.ARM.exidx.text.UART0_OutString), (8 bytes).
    Removing uart0.o(.text.UART0_InString), (138 bytes).
    Removing uart0.o(.ARM.exidx.text.UART0_InString), (8 bytes).
    Removing uart0.o(.text.UART0_InUDec), (152 bytes).
    Removing uart0.o(.ARM.exidx.text.UART0_InUDec), (8 bytes).
    Removing uart0.o(.text.UART0_OutUDec), (72 bytes).
    Removing uart0.o(.ARM.exidx.text.UART0_OutUDec), (8 bytes).
    Removing uart0.o(.ARM.exidx.text.UART0_OutCRLF), (8 bytes).
    Removing uart0.o(.ARM.exidx.text.UART0_Handler), (8 bytes).

58 unused section(s) (total 1148 bytes) removed from the image.

==============================================================================

Image Symbol Table

    Local Symbols

    Symbol Name                              Value     Ov Type        Size  Object(Section)

    ../Src/startup.s                         0x00000000   Number         0  startup.o ABSOLUTE
    ../clib/angel/boardlib.s                 0x00000000   Number         0  boardinit1.o ABSOLUTE
    ../clib/angel/boardlib.s                 0x00000000   Number         0  boardinit2.o ABSOLUTE
    ../clib/angel/boardlib.s                 0x00000000   Number         0  boardinit3.o ABSOLUTE
    ../clib/angel/boardlib.s                 0x00000000   Number         0  boardshut.o ABSOLUTE
    ../clib/angel/handlers.s                 0x00000000   Number         0  __scatter_zi.o ABSOLUTE
    ../clib/angel/kernel.s                   0x00000000   Number         0  __rtentry.o ABSOLUTE
    ../clib/angel/kernel.s                   0x00000000   Number         0  __rtentry2.o ABSOLUTE
    ../clib/angel/kernel.s                   0x00000000   Number         0  __rtentry4.o ABSOLUTE
    ../clib/angel/kernel.s                   0x00000000   Number         0  rtexit.o ABSOLUTE
    ../clib/angel/kernel.s                   0x00000000   Number         0  rtexit2.o ABSOLUTE
    ../clib/angel/rt.s                       0x00000000   Number         0  rt_raise.o ABSOLUTE
    ../clib/angel/scatter.s                  0x00000000   Number         0  __scatter.o ABSOLUTE
    ../clib/angel/startup.s                  0x00000000   Number         0  __main.o ABSOLUTE
    ../clib/angel/sys.s                      0x00000000   Number         0  sys_stackheap_outer.o ABSOLUTE
    ../clib/angel/sys.s                      0x00000000   Number         0  libspace.o ABSOLUTE
    ../clib/angel/sys.s                      0x00000000   Number         0  use_no_semi.o ABSOLUTE
    ../clib/angel/sys.s                      0x00000000   Number         0  indicate_semi.o ABSOLUTE
    ../clib/angel/sysapp.c                   0x00000000   Number         0  sys_exit.o ABSOLUTE
    ../clib/angel/sysapp.c                   0x00000000   Number         0  sys_exit_hlt.o ABSOLUTE
    ../clib/angel/sysapp.c                   0x00000000   Number         0  sys_command.o ABSOLUTE
    ../clib/angel/sysapp.c                   0x00000000   Number         0  sys_command_hlt.o ABSOLUTE
    ../clib/angel/sysapp.c                   0x00000000   Number         0  sys_wrch.o ABSOLUTE
    ../clib/angel/sysapp.c                   0x00000000   Number         0  sys_wrch_hlt.o ABSOLUTE
    ../clib/armsys.c                         0x00000000   Number         0  argv_veneer.o ABSOLUTE
    ../clib/armsys.c                         0x00000000   Number         0  argv_veneer.o ABSOLUTE
    ../clib/armsys.c                         0x00000000   Number         0  _get_argv_nomalloc.o ABSOLUTE
    ../clib/armsys.c                         0x00000000   Number         0  no_argv.o ABSOLUTE
    ../clib/heapalloc.c                      0x00000000   Number         0  hrguard.o ABSOLUTE
    ../clib/heapaux.c                        0x00000000   Number         0  heapauxi.o ABSOLUTE
    ../clib/libinit.s                        0x00000000   Number         0  libinit.o ABSOLUTE
    ../clib/libinit.s                        0x00000000   Number         0  libinit2.o ABSOLUTE
    ../clib/libinit.s                        0x00000000   Number         0  libshutdown.o ABSOLUTE
    ../clib/libinit.s                        0x00000000   Number         0  libshutdown2.o ABSOLUTE
    ../clib/signal.c                         0x00000000   Number         0  defsig_rtmem_outer.o ABSOLUTE
    ../clib/signal.c                         0x00000000   Number         0  defsig_rtmem_formal.o ABSOLUTE
    ../clib/signal.c                         0x00000000   Number         0  defsig_exit.o ABSOLUTE
    ../clib/signal.c                         0x00000000   Number         0  defsig_rtmem_inner.o ABSOLUTE
    ../clib/signal.c                         0x00000000   Number         0  __raise.o ABSOLUTE
    ../clib/signal.c                         0x00000000   Number         0  defsig_general.o ABSOLUTE
    ../clib/signal.c                         0x00000000   Number         0  defsig_abrt_inner.o ABSOLUTE
    ../clib/signal.c                         0x00000000   Number         0  defsig_fpe_inner.o ABSOLUTE
    ../clib/signal.c                         0x00000000   Number         0  defsig_rtred_inner.o ABSOLUTE
    ../clib/signal.c                         0x00000000   Number         0  defsig_stak_inner.o ABSOLUTE
    ../clib/signal.c                         0x00000000   Number         0  defsig_pvfn_inner.o ABSOLUTE
    ../clib/signal.c                         0x00000000   Number         0  defsig_cppl_inner.o ABSOLUTE
    ../clib/signal.c                         0x00000000   Number         0  defsig_segv_inner.o ABSOLUTE
    ../clib/signal.c                         0x00000000   Number         0  defsig_other.o ABSOLUTE
    ../clib/signal.s                         0x00000000   Number         0  defsig.o ABSOLUTE
    ../clib/stdlib.c                         0x00000000   Number         0  exit.o ABSOLUTE
    ../fplib/fpinit.s                        0x00000000   Number         0  fpinit.o ABSOLUTE
    ../fplib/fpinit_empty.s                  0x00000000   Number         0  fpinit_empty.o ABSOLUTE
    Main.c                                   0x00000000   Number         0  main.o ABSOLUTE
    PLL.c                                    0x00000000   Number         0  pll.o ABSOLUTE
    PortF.c                                  0x00000000   Number         0  portf.o ABSOLUTE
    UART0.c                                  0x00000000   Number         0  uart0.o ABSOLUTE
    UART5.c                                  0x00000000   Number         0  uart5.o ABSOLUTE
    dc.s                                     0x00000000   Number         0  dc.o ABSOLUTE
    RESET                                    0x00000000   Section      644  startup.o(RESET)
    !!!main                                  0x00000284   Section        8  __main.o(!!!main)
    !!!scatter                               0x0000028c   Section       92  __scatter.o(!!!scatter)
    !!handler_null                           0x000002e8   Section        2  __scatter.o(!!handler_null)
    !!handler_zi                             0x000002ec   Section       28  __scatter_zi.o(!!handler_zi)
    .ARM.Collect$$libinit$$00000000          0x00000308   Section        2  libinit.o(.ARM.Collect$$libinit$$00000000)
    .ARM.Collect$$libinit$$00000002          0x0000030a   Section        0  libinit2.o(.ARM.Collect$$libinit$$00000002)
    .ARM.Collect$$libinit$$00000004          0x0000030a   Section        0  libinit2.o(.ARM.Collect$$libinit$$00000004)
    .ARM.Collect$$libinit$$00000006          0x0000030a   Section        0  libinit2.o(.ARM.Collect$$libinit$$00000006)
    .ARM.Collect$$libinit$$0000000C          0x0000030a   Section        0  libinit2.o(.ARM.Collect$$libinit$$0000000C)
    .ARM.Collect$$libinit$$0000000E          0x0000030a   Section        0  libinit2.o(.ARM.Collect$$libinit$$0000000E)
    .ARM.Collect$$libinit$$00000010          0x0000030a   Section        0  libinit2.o(.ARM.Collect$$libinit$$00000010)
    .ARM.Collect$$libinit$$00000013          0x0000030a   Section        0  libinit2.o(.ARM.Collect$$libinit$$00000013)
    .ARM.Collect$$libinit$$00000015          0x0000030a   Section        0  libinit2.o(.ARM.Collect$$libinit$$00000015)
    .ARM.Collect$$libinit$$00000017          0x0000030a   Section        0  libinit2.o(.ARM.Collect$$libinit$$00000017)
    .ARM.Collect$$libinit$$00000019          0x0000030a   Section        0  libinit2.o(.ARM.Collect$$libinit$$00000019)
    .ARM.Collect$$libinit$$0000001B          0x0000030a   Section        0  libinit2.o(.ARM.Collect$$libinit$$0000001B)
    .ARM.Collect$$libinit$$0000001D          0x0000030a   Section        0  libinit2.o(.ARM.Collect$$libinit$$0000001D)
    .ARM.Collect$$libinit$$0000001F          0x0000030a   Section        0  libinit2.o(.ARM.Collect$$libinit$$0000001F)
    .ARM.Collect$$libinit$$00000021          0x0000030a   Section        0  libinit2.o(.ARM.Collect$$libinit$$00000021)
    .ARM.Collect$$libinit$$00000023          0x0000030a   Section        0  libinit2.o(.ARM.Collect$$libinit$$00000023)
    .ARM.Collect$$libinit$$00000025          0x0000030a   Section        0  libinit2.o(.ARM.Collect$$libinit$$00000025)
    .ARM.Collect$$libinit$$00000027          0x0000030a   Section        0  libinit2.o(.ARM.Collect$$libinit$$00000027)
    .ARM.Collect$$libinit$$0000002E          0x0000030a   Section        0  libinit2.o(.ARM.Collect$$libinit$$0000002E)
    .ARM.Collect$$libinit$$00000030          0x0000030a   Section        0  libinit2.o(.ARM.Collect$$libinit$$00000030)
    .ARM.Collect$$libinit$$00000032          0x0000030a   Section        0  libinit2.o(.ARM.Collect$$libinit$$00000032)
    .ARM.Collect$$libinit$$00000034          0x0000030a   Section        0  libinit2.o(.ARM.Collect$$libinit$$00000034)
    .ARM.Collect$$libinit$$00000035          0x0000030a   Section        2  libinit2.o(.ARM.Collect$$libinit$$00000035)
    .ARM.Collect$$libshutdown$$00000000      0x0000030c   Section        2  libshutdown.o(.ARM.Collect$$libshutdown$$00000000)
    .ARM.Collect$$libshutdown$$00000002      0x0000030e   Section        0  libshutdown2.o(.ARM.Collect$$libshutdown$$00000002)
    .ARM.Collect$$libshutdown$$00000004      0x0000030e   Section        0  libshutdown2.o(.ARM.Collect$$libshutdown$$00000004)
    .ARM.Collect$$libshutdown$$00000007      0x0000030e   Section        0  libshutdown2.o(.ARM.Collect$$libshutdown$$00000007)
    .ARM.Collect$$libshutdown$$0000000A      0x0000030e   Section        0  libshutdown2.o(.ARM.Collect$$libshutdown$$0000000A)
    .ARM.Collect$$libshutdown$$0000000C      0x0000030e   Section        0  libshutdown2.o(.ARM.Collect$$libshutdown$$0000000C)
    .ARM.Collect$$libshutdown$$0000000F      0x0000030e   Section        0  libshutdown2.o(.ARM.Collect$$libshutdown$$0000000F)
    .ARM.Collect$$libshutdown$$00000010      0x0000030e   Section        2  libshutdown2.o(.ARM.Collect$$libshutdown$$00000010)
    .ARM.Collect$$rtentry$$00000000          0x00000310   Section        0  __rtentry.o(.ARM.Collect$$rtentry$$00000000)
    .ARM.Collect$$rtentry$$00000002          0x00000310   Section        0  __rtentry2.o(.ARM.Collect$$rtentry$$00000002)
    .ARM.Collect$$rtentry$$00000004          0x00000310   Section        6  __rtentry4.o(.ARM.Collect$$rtentry$$00000004)
    .ARM.Collect$$rtentry$$00000009          0x00000316   Section        0  __rtentry2.o(.ARM.Collect$$rtentry$$00000009)
    .ARM.Collect$$rtentry$$0000000A          0x00000316   Section        4  __rtentry2.o(.ARM.Collect$$rtentry$$0000000A)
    .ARM.Collect$$rtentry$$0000000C          0x0000031a   Section        0  __rtentry2.o(.ARM.Collect$$rtentry$$0000000C)
    .ARM.Collect$$rtentry$$0000000D          0x0000031a   Section        8  __rtentry2.o(.ARM.Collect$$rtentry$$0000000D)
    .ARM.Collect$$rtexit$$00000000           0x00000322   Section        2  rtexit.o(.ARM.Collect$$rtexit$$00000000)
    .ARM.Collect$$rtexit$$00000002           0x00000324   Section        0  rtexit2.o(.ARM.Collect$$rtexit$$00000002)
    .ARM.Collect$$rtexit$$00000003           0x00000324   Section        4  rtexit2.o(.ARM.Collect$$rtexit$$00000003)
    .ARM.Collect$$rtexit$$00000004           0x00000328   Section        6  rtexit2.o(.ARM.Collect$$rtexit$$00000004)
    .text                                    0x00000330   Section       48  startup.o(.text)
    .text                                    0x00000360   Section        0  heapauxi.o(.text)
    .text                                    0x00000366   Section       74  sys_stackheap_outer.o(.text)
    .text                                    0x000003b0   Section        0  exit.o(.text)
    .text                                    0x000003c4   Section        8  libspace.o(.text)
    .text                                    0x000003cc   Section        0  sys_exit.o(.text)
    .text                                    0x000003d8   Section        2  use_no_semi.o(.text)
    .text                                    0x000003da   Section        0  indicate_semi.o(.text)
    [Anonymous Symbol]                       0x000003dc   Section        0  main.o(.text.DelayMs)
    [Anonymous Symbol]                       0x00000408   Section        0  main.o(.text.GPIOPortF_Handler)
    [Anonymous Symbol]                       0x000004e0   Section        0  main.o(.text.Mode3_ReceiveMessageMCU2)
    [Anonymous Symbol]                       0x000005d4   Section        0  main.o(.text.Mode3_SendMessageMCU2)
    [Anonymous Symbol]                       0x00000694   Section        0  pll.o(.text.PLL_Init)
    [Anonymous Symbol]                       0x00000718   Section        0  portf.o(.text.PortF_Init)
    [Anonymous Symbol]                       0x0000084c   Section        0  main.o(.text.PrintColorName)
    [Anonymous Symbol]                       0x00000904   Section        0  main.o(.text.ResetToIdle)
    [Anonymous Symbol]                       0x00000990   Section        0  main.o(.text.SystemInit)
    [Anonymous Symbol]                       0x000009a4   Section        0  uart0.o(.text.UART0_Available)
    [Anonymous Symbol]                       0x000009b8   Section        0  uart0.o(.text.UART0_Handler)
    [Anonymous Symbol]                       0x00000a34   Section        0  uart0.o(.text.UART0_InChar)
    [Anonymous Symbol]                       0x00000a58   Section        0  uart0.o(.text.UART0_Init)
    [Anonymous Symbol]                       0x00000b60   Section        0  uart0.o(.text.UART0_OutCRLF)
    [Anonymous Symbol]                       0x00000b70   Section        0  uart0.o(.text.UART0_OutChar)
    [Anonymous Symbol]                       0x00000ba0   Section        0  uart0.o(.text.UART0_OutString)
    [Anonymous Symbol]                       0x00000bc4   Section        0  uart5.o(.text.UART5_Available)
    [Anonymous Symbol]                       0x00000bd8   Section        0  uart5.o(.text.UART5_Handler)
    [Anonymous Symbol]                       0x00000c4c   Section        0  uart5.o(.text.UART5_InChar)
    [Anonymous Symbol]                       0x00000c70   Section        0  uart5.o(.text.UART5_Init)
    [Anonymous Symbol]                       0x00000d8c   Section        0  uart5.o(.text.UART5_OutChar)
    [Anonymous Symbol]                       0x00000dbc   Section        0  uart5.o(.text.UART5_OutString)
    [Anonymous Symbol]                       0x00000de0   Section        0  main.o(.text.getColor)
    [Anonymous Symbol]                       0x00000e18   Section        0  main.o(.text.main)
    [Anonymous Symbol]                       0x00001224   Section        0  uart0.o(.text.rb0_Empty)
    [Anonymous Symbol]                       0x0000123c   Section        0  uart0.o(.text.rb0_Get)
    [Anonymous Symbol]                       0x00001280   Section        0  uart0.o(.text.rb0_Init)
    [Anonymous Symbol]                       0x00001294   Section        0  uart0.o(.text.rb0_Put)
    [Anonymous Symbol]                       0x000012e4   Section        0  uart5.o(.text.rb5_Empty)
    [Anonymous Symbol]                       0x000012fc   Section        0  uart5.o(.text.rb5_Get)
    [Anonymous Symbol]                       0x00001340   Section        0  uart5.o(.text.rb5_Init)
    [Anonymous Symbol]                       0x00001354   Section        0  uart5.o(.text.rb5_Put)
    [Anonymous Symbol]                       0x000013a4   Section        0  main.o(.text.setLed)
    .L.str.8                                 0x0000146e   Data          47  main.o(.rodata.str1.1)
    [Anonymous Symbol]                       0x0000146e   Section        0  main.o(.rodata.str1.1)
    .L.str.2                                 0x0000149d   Data          36  main.o(.rodata.str1.1)
    .L.str.4                                 0x000014c1   Data          39  main.o(.rodata.str1.1)
    .L.str.14                                0x000014e8   Data          38  main.o(.rodata.str1.1)
    .L.str.15                                0x0000150e   Data          20  main.o(.rodata.str1.1)
    .L.str.11                                0x00001522   Data          21  main.o(.rodata.str1.1)
    .L.str.6                                 0x00001537   Data          24  main.o(.rodata.str1.1)
    .L.str.9                                 0x0000154f   Data          37  main.o(.rodata.str1.1)
    .L.str.13                                0x00001574   Data          47  main.o(.rodata.str1.1)
    .L.str.3                                 0x000015a3   Data          14  main.o(.rodata.str1.1)
    .L.str.1                                 0x000015aa   Data           7  main.o(.rodata.str1.1)
    .L.str.30                                0x000015b1   Data          29  main.o(.rodata.str1.1)
    .L.str                                   0x000015ce   Data          39  main.o(.rodata.str1.1)
    .L.str.17                                0x000015f5   Data           6  main.o(.rodata.str1.1)
    .L.str.10                                0x000015fb   Data          46  main.o(.rodata.str1.1)
    .L.str.22                                0x00001629   Data           9  main.o(.rodata.str1.1)
    .L.str.23                                0x00001632   Data           8  main.o(.rodata.str1.1)
    .L.str.19                                0x0000163a   Data           7  main.o(.rodata.str1.1)
    .L.str.16                                0x00001641   Data           7  main.o(.rodata.str1.1)
    .L.str.12                                0x00001648   Data          25  main.o(.rodata.str1.1)
    .L.str.21                                0x00001661   Data           7  main.o(.rodata.str1.1)
    .L.str.18                                0x00001668   Data           8  main.o(.rodata.str1.1)
    .L.str.7                                 0x00001670   Data          47  main.o(.rodata.str1.1)
    .L.str.29                                0x0000169f   Data          42  main.o(.rodata.str1.1)
    .L.str.24                                0x000016c9   Data          10  main.o(.rodata.str1.1)
    .L.str.25                                0x000016d3   Data          16  main.o(.rodata.str1.1)
    .L.str.20                                0x000016e3   Data           9  main.o(.rodata.str1.1)
    .L.str.27                                0x000016ec   Data          20  main.o(.rodata.str1.1)
    .L.str.5                                 0x00001700   Data          16  main.o(.rodata.str1.1)
    .L.str.28                                0x00001710   Data           5  main.o(.rodata.str1.1)
    .L.str.31                                0x00001715   Data           6  main.o(.rodata.str1.1)
    .L.str.26                                0x0000171b   Data           6  main.o(.rodata.str1.1)
    .bss                                     0x20000000   Section       96  libspace.o(.bss)
    HeapMem                                  0x20000120   Data           0  startup.o(HEAP)
    StackMem                                 0x20000120   Data           0  startup.o(STACK)
    HEAP                                     0x20000120   Section        0  startup.o(HEAP)
    STACK                                    0x20000120   Section     1024  startup.o(STACK)

    Global Symbols

    Symbol Name                              Value     Ov Type        Size  Object(Section)

    BuildAttributes$$THM_ISAv4$E$P$D$K$B$S$7EM$PE$A:L22UL41UL21$X:L11$S22US41US21$IEEE1$IW$~IW$USESV6$~STKCKD$USESV7$~SHL$OSPACE$ROPI$EBA8$UX$STANDARDLIB$REQ8$PRES8$EABIv2 0x00000000   Number         0  anon$$obj.o ABSOLUTE
    __Vectors                                0x00000000   Data           0  startup.o(RESET)
    __fp_init_empty                          0x00000000   Number         0  fpinit_empty.o ABSOLUTE
    __ARM_exceptions_init                     - Undefined Weak Reference
    __alloca_initialize                       - Undefined Weak Reference
    __arm_preinit_                            - Undefined Weak Reference
    __arm_relocate_pie_                       - Undefined Weak Reference
    __cpp_initialize__aeabi_                  - Undefined Weak Reference
    __cxa_finalize                            - Undefined Weak Reference
    __rt_locale                               - Undefined Weak Reference
    __sigvec_lookup                           - Undefined Weak Reference
    _atexit_init                              - Undefined Weak Reference
    _call_atexit_fns                          - Undefined Weak Reference
    _clock_init                               - Undefined Weak Reference
    _fp_trap_init                             - Undefined Weak Reference
    _fp_trap_shutdown                         - Undefined Weak Reference
    _get_lc_collate                           - Undefined Weak Reference
    _get_lc_ctype                             - Undefined Weak Reference
    _get_lc_monetary                          - Undefined Weak Reference
    _get_lc_numeric                           - Undefined Weak Reference
    _get_lc_time                              - Undefined Weak Reference
    _getenv_init                              - Undefined Weak Reference
    _handle_redirection                       - Undefined Weak Reference
    _init_alloc                               - Undefined Weak Reference
    _init_user_alloc                          - Undefined Weak Reference
    _initio                                   - Undefined Weak Reference
    _rand_init                                - Undefined Weak Reference
    _signal_finish                            - Undefined Weak Reference
    _signal_init                              - Undefined Weak Reference
    _terminate_alloc                          - Undefined Weak Reference
    _terminate_user_alloc                     - Undefined Weak Reference
    _terminateio                              - Undefined Weak Reference
    Reset_Handler                            0x0000026d   Thumb Code     0  startup.o(RESET)
    NMI_Handler                              0x00000271   Thumb Code     2  startup.o(RESET)
    HardFault_Handler                        0x00000273   Thumb Code     2  startup.o(RESET)
    MemManage_Handler                        0x00000275   Thumb Code     2  startup.o(RESET)
    BusFault_Handler                         0x00000277   Thumb Code     2  startup.o(RESET)
    UsageFault_Handler                       0x00000279   Thumb Code     2  startup.o(RESET)
    SVC_Handler                              0x0000027b   Thumb Code     2  startup.o(RESET)
    DebugMon_Handler                         0x0000027d   Thumb Code     2  startup.o(RESET)
    PendSV_Handler                           0x0000027f   Thumb Code     2  startup.o(RESET)
    SysTick_Handler                          0x00000281   Thumb Code     2  startup.o(RESET)
    ADC0Seq0_Handler                         0x00000283   Thumb Code     0  startup.o(RESET)
    ADC0Seq1_Handler                         0x00000283   Thumb Code     0  startup.o(RESET)
    ADC0Seq2_Handler                         0x00000283   Thumb Code     0  startup.o(RESET)
    ADC0Seq3_Handler                         0x00000283   Thumb Code     0  startup.o(RESET)
    ADC1Seq0_Handler                         0x00000283   Thumb Code     0  startup.o(RESET)
    ADC1Seq1_Handler                         0x00000283   Thumb Code     0  startup.o(RESET)
    ADC1Seq2_Handler                         0x00000283   Thumb Code     0  startup.o(RESET)
    ADC1Seq3_Handler                         0x00000283   Thumb Code     0  startup.o(RESET)
    CAN0_Handler                             0x00000283   Thumb Code     0  startup.o(RESET)
    CAN1_Handler                             0x00000283   Thumb Code     0  startup.o(RESET)
    CAN2_Handler                             0x00000283   Thumb Code     0  startup.o(RESET)
    Comp0_Handler                            0x00000283   Thumb Code     0  startup.o(RESET)
    Comp1_Handler                            0x00000283   Thumb Code     0  startup.o(RESET)
    Comp2_Handler                            0x00000283   Thumb Code     0  startup.o(RESET)
    Ethernet_Handler                         0x00000283   Thumb Code     0  startup.o(RESET)
    ExtBus_Handler                           0x00000283   Thumb Code     0  startup.o(RESET)
    FPU_Handler                              0x00000283   Thumb Code     0  startup.o(RESET)
    Fan0_Handler                             0x00000283   Thumb Code     0  startup.o(RESET)
    FlashCtl_Handler                         0x00000283   Thumb Code     0  startup.o(RESET)
    GPIOPortA_Handler                        0x00000283   Thumb Code     0  startup.o(RESET)
    GPIOPortB_Handler                        0x00000283   Thumb Code     0  startup.o(RESET)
    GPIOPortC_Handler                        0x00000283   Thumb Code     0  startup.o(RESET)
    GPIOPortD_Handler                        0x00000283   Thumb Code     0  startup.o(RESET)
    GPIOPortE_Handler                        0x00000283   Thumb Code     0  startup.o(RESET)
    GPIOPortG_Handler                        0x00000283   Thumb Code     0  startup.o(RESET)
    GPIOPortH_Handler                        0x00000283   Thumb Code     0  startup.o(RESET)
    GPIOPortJ_Handler                        0x00000283   Thumb Code     0  startup.o(RESET)
    GPIOPortK_Handler                        0x00000283   Thumb Code     0  startup.o(RESET)
    GPIOPortL_Handler                        0x00000283   Thumb Code     0  startup.o(RESET)
    GPIOPortM_Handler                        0x00000283   Thumb Code     0  startup.o(RESET)
    GPIOPortN_Handler                        0x00000283   Thumb Code     0  startup.o(RESET)
    GPIOPortP1_Handler                       0x00000283   Thumb Code     0  startup.o(RESET)
    GPIOPortP2_Handler                       0x00000283   Thumb Code     0  startup.o(RESET)
    GPIOPortP3_Handler                       0x00000283   Thumb Code     0  startup.o(RESET)
    GPIOPortP4_Handler                       0x00000283   Thumb Code     0  startup.o(RESET)
    GPIOPortP5_Handler                       0x00000283   Thumb Code     0  startup.o(RESET)
    GPIOPortP6_Handler                       0x00000283   Thumb Code     0  startup.o(RESET)
    GPIOPortP7_Handler                       0x00000283   Thumb Code     0  startup.o(RESET)
    GPIOPortP_Handler                        0x00000283   Thumb Code     0  startup.o(RESET)
    GPIOPortQ1_Handler                       0x00000283   Thumb Code     0  startup.o(RESET)
    GPIOPortQ2_Handler                       0x00000283   Thumb Code     0  startup.o(RESET)
    GPIOPortQ3_Handler                       0x00000283   Thumb Code     0  startup.o(RESET)
    GPIOPortQ4_Handler                       0x00000283   Thumb Code     0  startup.o(RESET)
    GPIOPortQ5_Handler                       0x00000283   Thumb Code     0  startup.o(RESET)
    GPIOPortQ6_Handler                       0x00000283   Thumb Code     0  startup.o(RESET)
    GPIOPortQ7_Handler                       0x00000283   Thumb Code     0  startup.o(RESET)
    GPIOPortQ_Handler                        0x00000283   Thumb Code     0  startup.o(RESET)
    GPIOPortR_Handler                        0x00000283   Thumb Code     0  startup.o(RESET)
    GPIOPortS_Handler                        0x00000283   Thumb Code     0  startup.o(RESET)
    Hibernate_Handler                        0x00000283   Thumb Code     0  startup.o(RESET)
    I2C0_Handler                             0x00000283   Thumb Code     0  startup.o(RESET)
    I2C1_Handler                             0x00000283   Thumb Code     0  startup.o(RESET)
    I2C2_Handler                             0x00000283   Thumb Code     0  startup.o(RESET)
    I2C3_Handler                             0x00000283   Thumb Code     0  startup.o(RESET)
    I2C4_Handler                             0x00000283   Thumb Code     0  startup.o(RESET)
    I2C5_Handler                             0x00000283   Thumb Code     0  startup.o(RESET)
    I2S0_Handler                             0x00000283   Thumb Code     0  startup.o(RESET)
    LPC0_Handler                             0x00000283   Thumb Code     0  startup.o(RESET)
    PECI0_Handler                            0x00000283   Thumb Code     0  startup.o(RESET)
    PWM0Fault_Handler                        0x00000283   Thumb Code     0  startup.o(RESET)
    PWM0Generator0_Handler                   0x00000283   Thumb Code     0  startup.o(RESET)
    PWM0Generator1_Handler                   0x00000283   Thumb Code     0  startup.o(RESET)
    PWM0Generator2_Handler                   0x00000283   Thumb Code     0  startup.o(RESET)
    PWM0Generator3_Handler                   0x00000283   Thumb Code     0  startup.o(RESET)
    PWM1Fault_Handler                        0x00000283   Thumb Code     0  startup.o(RESET)
    PWM1Generator0_Handler                   0x00000283   Thumb Code     0  startup.o(RESET)
    PWM1Generator1_Handler                   0x00000283   Thumb Code     0  startup.o(RESET)
    PWM1Generator2_Handler                   0x00000283   Thumb Code     0  startup.o(RESET)
    PWM1Generator3_Handler                   0x00000283   Thumb Code     0  startup.o(RESET)
    Quadrature0_Handler                      0x00000283   Thumb Code     0  startup.o(RESET)
    Quadrature1_Handler                      0x00000283   Thumb Code     0  startup.o(RESET)
    Quadrature2_Handler                      0x00000283   Thumb Code     0  startup.o(RESET)
    SSI0_Handler                             0x00000283   Thumb Code     0  startup.o(RESET)
    SSI1_Handler                             0x00000283   Thumb Code     0  startup.o(RESET)
    SSI2_Handler                             0x00000283   Thumb Code     0  startup.o(RESET)
    SSI3_Handler                             0x00000283   Thumb Code     0  startup.o(RESET)
    SysCtl_Handler                           0x00000283   Thumb Code     0  startup.o(RESET)
    Timer0A_Handler                          0x00000283   Thumb Code     0  startup.o(RESET)
    Timer0B_Handler                          0x00000283   Thumb Code     0  startup.o(RESET)
    Timer1A_Handler                          0x00000283   Thumb Code     0  startup.o(RESET)
    Timer1B_Handler                          0x00000283   Thumb Code     0  startup.o(RESET)
    Timer2A_Handler                          0x00000283   Thumb Code     0  startup.o(RESET)
    Timer2B_Handler                          0x00000283   Thumb Code     0  startup.o(RESET)
    Timer3A_Handler                          0x00000283   Thumb Code     0  startup.o(RESET)
    Timer3B_Handler                          0x00000283   Thumb Code     0  startup.o(RESET)
    Timer4A_Handler                          0x00000283   Thumb Code     0  startup.o(RESET)
    Timer4B_Handler                          0x00000283   Thumb Code     0  startup.o(RESET)
    Timer5A_Handler                          0x00000283   Thumb Code     0  startup.o(RESET)
    Timer5B_Handler                          0x00000283   Thumb Code     0  startup.o(RESET)
    UART1_Handler                            0x00000283   Thumb Code     0  startup.o(RESET)
    UART2_Handler                            0x00000283   Thumb Code     0  startup.o(RESET)
    UART3_Handler                            0x00000283   Thumb Code     0  startup.o(RESET)
    UART4_Handler                            0x00000283   Thumb Code     0  startup.o(RESET)
    UART6_Handler                            0x00000283   Thumb Code     0  startup.o(RESET)
    UART7_Handler                            0x00000283   Thumb Code     0  startup.o(RESET)
    USB0_Handler                             0x00000283   Thumb Code     0  startup.o(RESET)
    WDT_Handler                              0x00000283   Thumb Code     0  startup.o(RESET)
    WideTimer0A_Handler                      0x00000283   Thumb Code     0  startup.o(RESET)
    WideTimer0B_Handler                      0x00000283   Thumb Code     0  startup.o(RESET)
    WideTimer1A_Handler                      0x00000283   Thumb Code     0  startup.o(RESET)
    WideTimer1B_Handler                      0x00000283   Thumb Code     0  startup.o(RESET)
    WideTimer2A_Handler                      0x00000283   Thumb Code     0  startup.o(RESET)
    WideTimer2B_Handler                      0x00000283   Thumb Code     0  startup.o(RESET)
    WideTimer3A_Handler                      0x00000283   Thumb Code     0  startup.o(RESET)
    WideTimer3B_Handler                      0x00000283   Thumb Code     0  startup.o(RESET)
    WideTimer4A_Handler                      0x00000283   Thumb Code     0  startup.o(RESET)
    WideTimer4B_Handler                      0x00000283   Thumb Code     0  startup.o(RESET)
    WideTimer5A_Handler                      0x00000283   Thumb Code     0  startup.o(RESET)
    WideTimer5B_Handler                      0x00000283   Thumb Code     0  startup.o(RESET)
    uDMA_Error                               0x00000283   Thumb Code     0  startup.o(RESET)
    uDMA_Handler                             0x00000283   Thumb Code     0  startup.o(RESET)
    __main                                   0x00000285   Thumb Code     8  __main.o(!!!main)
    __scatterload                            0x0000028d   Thumb Code     0  __scatter.o(!!!scatter)
    __scatterload_rt2                        0x0000028d   Thumb Code    84  __scatter.o(!!!scatter)
    __scatterload_rt2_thumb_only             0x0000028d   Thumb Code     0  __scatter.o(!!!scatter)
    __scatterload_loop                       0x00000297   Thumb Code     0  __scatter.o(!!!scatter)
    __scatterload_null                       0x000002e9   Thumb Code     2  __scatter.o(!!handler_null)
    __scatterload_zeroinit                   0x000002ed   Thumb Code    28  __scatter_zi.o(!!handler_zi)
    __rt_lib_init                            0x00000309   Thumb Code     0  libinit.o(.ARM.Collect$$libinit$$00000000)
    __rt_lib_init_alloca_1                   0x0000030b   Thumb Code     0  libinit2.o(.ARM.Collect$$libinit$$00000030)
    __rt_lib_init_argv_1                     0x0000030b   Thumb Code     0  libinit2.o(.ARM.Collect$$libinit$$0000002E)
    __rt_lib_init_atexit_1                   0x0000030b   Thumb Code     0  libinit2.o(.ARM.Collect$$libinit$$0000001D)
    __rt_lib_init_clock_1                    0x0000030b   Thumb Code     0  libinit2.o(.ARM.Collect$$libinit$$00000023)
    __rt_lib_init_cpp_1                      0x0000030b   Thumb Code     0  libinit2.o(.ARM.Collect$$libinit$$00000034)
    __rt_lib_init_exceptions_1               0x0000030b   Thumb Code     0  libinit2.o(.ARM.Collect$$libinit$$00000032)
    __rt_lib_init_fp_1                       0x0000030b   Thumb Code     0  libinit2.o(.ARM.Collect$$libinit$$00000002)
    __rt_lib_init_fp_trap_1                  0x0000030b   Thumb Code     0  libinit2.o(.ARM.Collect$$libinit$$00000021)
    __rt_lib_init_getenv_1                   0x0000030b   Thumb Code     0  libinit2.o(.ARM.Collect$$libinit$$00000025)
    __rt_lib_init_heap_1                     0x0000030b   Thumb Code     0  libinit2.o(.ARM.Collect$$libinit$$0000000C)
    __rt_lib_init_lc_collate_1               0x0000030b   Thumb Code     0  libinit2.o(.ARM.Collect$$libinit$$00000013)
    __rt_lib_init_lc_ctype_1                 0x0000030b   Thumb Code     0  libinit2.o(.ARM.Collect$$libinit$$00000015)
    __rt_lib_init_lc_monetary_1              0x0000030b   Thumb Code     0  libinit2.o(.ARM.Collect$$libinit$$00000017)
    __rt_lib_init_lc_numeric_1               0x0000030b   Thumb Code     0  libinit2.o(.ARM.Collect$$libinit$$00000019)
    __rt_lib_init_lc_time_1                  0x0000030b   Thumb Code     0  libinit2.o(.ARM.Collect$$libinit$$0000001B)
    __rt_lib_init_preinit_1                  0x0000030b   Thumb Code     0  libinit2.o(.ARM.Collect$$libinit$$00000006)
    __rt_lib_init_rand_1                     0x0000030b   Thumb Code     0  libinit2.o(.ARM.Collect$$libinit$$00000010)
    __rt_lib_init_relocate_pie_1             0x0000030b   Thumb Code     0  libinit2.o(.ARM.Collect$$libinit$$00000004)
    __rt_lib_init_return                     0x0000030b   Thumb Code     0  libinit2.o(.ARM.Collect$$libinit$$00000035)
    __rt_lib_init_signal_1                   0x0000030b   Thumb Code     0  libinit2.o(.ARM.Collect$$libinit$$0000001F)
    __rt_lib_init_stdio_1                    0x0000030b   Thumb Code     0  libinit2.o(.ARM.Collect$$libinit$$00000027)
    __rt_lib_init_user_alloc_1               0x0000030b   Thumb Code     0  libinit2.o(.ARM.Collect$$libinit$$0000000E)
    __rt_lib_shutdown                        0x0000030d   Thumb Code     0  libshutdown.o(.ARM.Collect$$libshutdown$$00000000)
    __rt_lib_shutdown_cpp_1                  0x0000030f   Thumb Code     0  libshutdown2.o(.ARM.Collect$$libshutdown$$00000002)
    __rt_lib_shutdown_fp_trap_1              0x0000030f   Thumb Code     0  libshutdown2.o(.ARM.Collect$$libshutdown$$00000007)
    __rt_lib_shutdown_heap_1                 0x0000030f   Thumb Code     0  libshutdown2.o(.ARM.Collect$$libshutdown$$0000000F)
    __rt_lib_shutdown_return                 0x0000030f   Thumb Code     0  libshutdown2.o(.ARM.Collect$$libshutdown$$00000010)
    __rt_lib_shutdown_signal_1               0x0000030f   Thumb Code     0  libshutdown2.o(.ARM.Collect$$libshutdown$$0000000A)
    __rt_lib_shutdown_stdio_1                0x0000030f   Thumb Code     0  libshutdown2.o(.ARM.Collect$$libshutdown$$00000004)
    __rt_lib_shutdown_user_alloc_1           0x0000030f   Thumb Code     0  libshutdown2.o(.ARM.Collect$$libshutdown$$0000000C)
    __rt_entry                               0x00000311   Thumb Code     0  __rtentry.o(.ARM.Collect$$rtentry$$00000000)
    __rt_entry_presh_1                       0x00000311   Thumb Code     0  __rtentry2.o(.ARM.Collect$$rtentry$$00000002)
    __rt_entry_sh                            0x00000311   Thumb Code     0  __rtentry4.o(.ARM.Collect$$rtentry$$00000004)
    __rt_entry_li                            0x00000317   Thumb Code     0  __rtentry2.o(.ARM.Collect$$rtentry$$0000000A)
    __rt_entry_postsh_1                      0x00000317   Thumb Code     0  __rtentry2.o(.ARM.Collect$$rtentry$$00000009)
    __rt_entry_main                          0x0000031b   Thumb Code     0  __rtentry2.o(.ARM.Collect$$rtentry$$0000000D)
    __rt_entry_postli_1                      0x0000031b   Thumb Code     0  __rtentry2.o(.ARM.Collect$$rtentry$$0000000C)
    __rt_exit                                0x00000323   Thumb Code     0  rtexit.o(.ARM.Collect$$rtexit$$00000000)
    __rt_exit_ls                             0x00000325   Thumb Code     0  rtexit2.o(.ARM.Collect$$rtexit$$00000003)
    __rt_exit_prels_1                        0x00000325   Thumb Code     0  rtexit2.o(.ARM.Collect$$rtexit$$00000002)
    __rt_exit_exit                           0x00000329   Thumb Code     0  rtexit2.o(.ARM.Collect$$rtexit$$00000004)
    DisableInterrupts                        0x00000331   Thumb Code     0  startup.o(.text)
    EnableInterrupts                         0x00000335   Thumb Code     0  startup.o(.text)
    StartCritical                            0x00000339   Thumb Code     0  startup.o(.text)
    EndCritical                              0x00000341   Thumb Code     0  startup.o(.text)
    WaitForInterrupt                         0x00000347   Thumb Code     0  startup.o(.text)
    __user_initial_stackheap                 0x0000034b   Thumb Code     0  startup.o(.text)
    __use_two_region_memory                  0x00000361   Thumb Code     2  heapauxi.o(.text)
    __rt_heap_escrow$2region                 0x00000363   Thumb Code     2  heapauxi.o(.text)
    __rt_heap_expand$2region                 0x00000365   Thumb Code     2  heapauxi.o(.text)
    __user_setup_stackheap                   0x00000367   Thumb Code    74  sys_stackheap_outer.o(.text)
    exit                                     0x000003b1   Thumb Code    18  exit.o(.text)
    __user_libspace                          0x000003c5   Thumb Code     8  libspace.o(.text)
    __user_perproc_libspace                  0x000003c5   Thumb Code     0  libspace.o(.text)
    __user_perthread_libspace                0x000003c5   Thumb Code     0  libspace.o(.text)
    _sys_exit                                0x000003cd   Thumb Code     8  sys_exit.o(.text)
    __I$use$semihosting                      0x000003d9   Thumb Code     0  use_no_semi.o(.text)
    __use_no_semihosting_swi                 0x000003d9   Thumb Code     2  use_no_semi.o(.text)
    __semihosting_library_function           0x000003db   Thumb Code     0  indicate_semi.o(.text)
    DelayMs                                  0x000003dd   Thumb Code    42  main.o(.text.DelayMs)
    GPIOPortF_Handler                        0x00000409   Thumb Code   214  main.o(.text.GPIOPortF_Handler)
    Mode3_ReceiveMessageMCU2                 0x000004e1   Thumb Code   242  main.o(.text.Mode3_ReceiveMessageMCU2)
    Mode3_SendMessageMCU2                    0x000005d5   Thumb Code   192  main.o(.text.Mode3_SendMessageMCU2)
    PLL_Init                                 0x00000695   Thumb Code   132  pll.o(.text.PLL_Init)
    PortF_Init                               0x00000719   Thumb Code   306  portf.o(.text.PortF_Init)
    PrintColorName                           0x0000084d   Thumb Code   182  main.o(.text.PrintColorName)
    ResetToIdle                              0x00000905   Thumb Code   140  main.o(.text.ResetToIdle)
    SystemInit                               0x00000991   Thumb Code    20  main.o(.text.SystemInit)
    UART0_Available                          0x000009a5   Thumb Code    20  uart0.o(.text.UART0_Available)
    UART0_Handler                            0x000009b9   Thumb Code   124  uart0.o(.text.UART0_Handler)
    UART0_InChar                             0x00000a35   Thumb Code    36  uart0.o(.text.UART0_InChar)
    UART0_Init                               0x00000a59   Thumb Code   264  uart0.o(.text.UART0_Init)
    UART0_OutCRLF                            0x00000b61   Thumb Code    16  uart0.o(.text.UART0_OutCRLF)
    UART0_OutChar                            0x00000b71   Thumb Code    46  uart0.o(.text.UART0_OutChar)
    UART0_OutString                          0x00000ba1   Thumb Code    36  uart0.o(.text.UART0_OutString)
    UART5_Available                          0x00000bc5   Thumb Code    20  uart5.o(.text.UART5_Available)
    UART5_Handler                            0x00000bd9   Thumb Code   114  uart5.o(.text.UART5_Handler)
    UART5_InChar                             0x00000c4d   Thumb Code    36  uart5.o(.text.UART5_InChar)
    UART5_Init                               0x00000c71   Thumb Code   284  uart5.o(.text.UART5_Init)
    UART5_OutChar                            0x00000d8d   Thumb Code    46  uart5.o(.text.UART5_OutChar)
    UART5_OutString                          0x00000dbd   Thumb Code    36  uart5.o(.text.UART5_OutString)
    getColor                                 0x00000de1   Thumb Code    56  main.o(.text.getColor)
    main                                     0x00000e19   Thumb Code  1034  main.o(.text.main)
    rb0_Empty                                0x00001225   Thumb Code    24  uart0.o(.text.rb0_Empty)
    rb0_Get                                  0x0000123d   Thumb Code    68  uart0.o(.text.rb0_Get)
    rb0_Init                                 0x00001281   Thumb Code    18  uart0.o(.text.rb0_Init)
    rb0_Put                                  0x00001295   Thumb Code    80  uart0.o(.text.rb0_Put)
    rb5_Empty                                0x000012e5   Thumb Code    24  uart5.o(.text.rb5_Empty)
    rb5_Get                                  0x000012fd   Thumb Code    68  uart5.o(.text.rb5_Get)
    rb5_Init                                 0x00001341   Thumb Code    18  uart5.o(.text.rb5_Init)
    rb5_Put                                  0x00001355   Thumb Code    80  uart5.o(.text.rb5_Put)
    setLed                                   0x000013a5   Thumb Code   202  main.o(.text.setLed)
    Region$$Table$$Base                      0x00001724   Number         0  anon$$obj.o(Region$$Table)
    Region$$Table$$Limit                     0x00001734   Number         0  anon$$obj.o(Region$$Table)
    __libspace_start                         0x20000000   Data          96  libspace.o(.bss)
    Mode3ExitRequest                         0x20000060   Data           1  main.o(.bss.Mode3ExitRequest)
    __temporary_stack_top$libspace           0x20000060   Data           0  libspace.o(.bss)
    Mode3RxBuffer                            0x20000061   Data          21  main.o(.bss.Mode3RxBuffer)
    Mode3RxIndex                             0x20000076   Data           1  main.o(.bss.Mode3RxIndex)
    Mode3TxBuffer                            0x20000077   Data          21  main.o(.bss.Mode3TxBuffer)
    Mode3TxIndex                             0x2000008c   Data           1  main.o(.bss.Mode3TxIndex)
    SENDCOLOR                                0x2000008d   Data           1  main.o(.bss.SENDCOLOR)
    UART0_RxRB                               0x2000008e   Data          68  uart0.o(.bss.UART0_RxRB)
    UART5_RxRB                               0x200000d2   Data          68  uart5.o(.bss.UART5_RxRB)
    UpdateColorDisplay                       0x20000116   Data           1  main.o(.bss.UpdateColorDisplay)
    WheelColor                               0x20000117   Data           1  main.o(.bss.WheelColor)
    currentState                             0x20000118   Data           1  main.o(.bss.currentState)
    mcuListen                                0x20000119   Data           1  main.o(.bss.mcuListen)



==============================================================================

Memory Map of the image

  Image Entry point : 0x00000285

  Load Region LR_IROM1 (Base: 0x00000000, Size: 0x00001734, Max: 0x00040000, ABSOLUTE)

    Execution Region ER_IROM1 (Exec base: 0x00000000, Load base: 0x00000000, Size: 0x00001734, Max: 0x00040000, ABSOLUTE)

    Exec Addr    Load Addr    Size         Type   Attr      Idx    E Section Name        Object

    0x00000000   0x00000000   0x00000284   Code   RO           43    RESET               startup.o
    0x00000284   0x00000284   0x00000008   Code   RO          148  * !!!main             c_w.l(__main.o)
    0x0000028c   0x0000028c   0x0000005c   Code   RO          313    !!!scatter          c_w.l(__scatter.o)
    0x000002e8   0x000002e8   0x00000002   Code   RO          314    !!handler_null      c_w.l(__scatter.o)
    0x000002ea   0x000002ea   0x00000002   PAD
    0x000002ec   0x000002ec   0x0000001c   Code   RO          317    !!handler_zi        c_w.l(__scatter_zi.o)
    0x00000308   0x00000308   0x00000002   Code   RO          175    .ARM.Collect$$libinit$$00000000  c_w.l(libinit.o)
    0x0000030a   0x0000030a   0x00000000   Code   RO          182    .ARM.Collect$$libinit$$00000002  c_w.l(libinit2.o)
    0x0000030a   0x0000030a   0x00000000   Code   RO          184    .ARM.Collect$$libinit$$00000004  c_w.l(libinit2.o)
    0x0000030a   0x0000030a   0x00000000   Code   RO          186    .ARM.Collect$$libinit$$00000006  c_w.l(libinit2.o)
    0x0000030a   0x0000030a   0x00000000   Code   RO          189    .ARM.Collect$$libinit$$0000000C  c_w.l(libinit2.o)
    0x0000030a   0x0000030a   0x00000000   Code   RO          191    .ARM.Collect$$libinit$$0000000E  c_w.l(libinit2.o)
    0x0000030a   0x0000030a   0x00000000   Code   RO          193    .ARM.Collect$$libinit$$00000010  c_w.l(libinit2.o)
    0x0000030a   0x0000030a   0x00000000   Code   RO          196    .ARM.Collect$$libinit$$00000013  c_w.l(libinit2.o)
    0x0000030a   0x0000030a   0x00000000   Code   RO          198    .ARM.Collect$$libinit$$00000015  c_w.l(libinit2.o)
    0x0000030a   0x0000030a   0x00000000   Code   RO          200    .ARM.Collect$$libinit$$00000017  c_w.l(libinit2.o)
    0x0000030a   0x0000030a   0x00000000   Code   RO          202    .ARM.Collect$$libinit$$00000019  c_w.l(libinit2.o)
    0x0000030a   0x0000030a   0x00000000   Code   RO          204    .ARM.Collect$$libinit$$0000001B  c_w.l(libinit2.o)
    0x0000030a   0x0000030a   0x00000000   Code   RO          206    .ARM.Collect$$libinit$$0000001D  c_w.l(libinit2.o)
    0x0000030a   0x0000030a   0x00000000   Code   RO          208    .ARM.Collect$$libinit$$0000001F  c_w.l(libinit2.o)
    0x0000030a   0x0000030a   0x00000000   Code   RO          210    .ARM.Collect$$libinit$$00000021  c_w.l(libinit2.o)
    0x0000030a   0x0000030a   0x00000000   Code   RO          212    .ARM.Collect$$libinit$$00000023  c_w.l(libinit2.o)
    0x0000030a   0x0000030a   0x00000000   Code   RO          214    .ARM.Collect$$libinit$$00000025  c_w.l(libinit2.o)
    0x0000030a   0x0000030a   0x00000000   Code   RO          216    .ARM.Collect$$libinit$$00000027  c_w.l(libinit2.o)
    0x0000030a   0x0000030a   0x00000000   Code   RO          220    .ARM.Collect$$libinit$$0000002E  c_w.l(libinit2.o)
    0x0000030a   0x0000030a   0x00000000   Code   RO          222    .ARM.Collect$$libinit$$00000030  c_w.l(libinit2.o)
    0x0000030a   0x0000030a   0x00000000   Code   RO          224    .ARM.Collect$$libinit$$00000032  c_w.l(libinit2.o)
    0x0000030a   0x0000030a   0x00000000   Code   RO          226    .ARM.Collect$$libinit$$00000034  c_w.l(libinit2.o)
    0x0000030a   0x0000030a   0x00000002   Code   RO          227    .ARM.Collect$$libinit$$00000035  c_w.l(libinit2.o)
    0x0000030c   0x0000030c   0x00000002   Code   RO          249    .ARM.Collect$$libshutdown$$00000000  c_w.l(libshutdown.o)
    0x0000030e   0x0000030e   0x00000000   Code   RO          264    .ARM.Collect$$libshutdown$$00000002  c_w.l(libshutdown2.o)
    0x0000030e   0x0000030e   0x00000000   Code   RO          266    .ARM.Collect$$libshutdown$$00000004  c_w.l(libshutdown2.o)
    0x0000030e   0x0000030e   0x00000000   Code   RO          269    .ARM.Collect$$libshutdown$$00000007  c_w.l(libshutdown2.o)
    0x0000030e   0x0000030e   0x00000000   Code   RO          272    .ARM.Collect$$libshutdown$$0000000A  c_w.l(libshutdown2.o)
    0x0000030e   0x0000030e   0x00000000   Code   RO          274    .ARM.Collect$$libshutdown$$0000000C  c_w.l(libshutdown2.o)
    0x0000030e   0x0000030e   0x00000000   Code   RO          277    .ARM.Collect$$libshutdown$$0000000F  c_w.l(libshutdown2.o)
    0x0000030e   0x0000030e   0x00000002   Code   RO          278    .ARM.Collect$$libshutdown$$00000010  c_w.l(libshutdown2.o)
    0x00000310   0x00000310   0x00000000   Code   RO          150    .ARM.Collect$$rtentry$$00000000  c_w.l(__rtentry.o)
    0x00000310   0x00000310   0x00000000   Code   RO          152    .ARM.Collect$$rtentry$$00000002  c_w.l(__rtentry2.o)
    0x00000310   0x00000310   0x00000006   Code   RO          164    .ARM.Collect$$rtentry$$00000004  c_w.l(__rtentry4.o)
    0x00000316   0x00000316   0x00000000   Code   RO          154    .ARM.Collect$$rtentry$$00000009  c_w.l(__rtentry2.o)
    0x00000316   0x00000316   0x00000004   Code   RO          155    .ARM.Collect$$rtentry$$0000000A  c_w.l(__rtentry2.o)
    0x0000031a   0x0000031a   0x00000000   Code   RO          157    .ARM.Collect$$rtentry$$0000000C  c_w.l(__rtentry2.o)
    0x0000031a   0x0000031a   0x00000008   Code   RO          158    .ARM.Collect$$rtentry$$0000000D  c_w.l(__rtentry2.o)
    0x00000322   0x00000322   0x00000002   Code   RO          179    .ARM.Collect$$rtexit$$00000000  c_w.l(rtexit.o)
    0x00000324   0x00000324   0x00000000   Code   RO          229    .ARM.Collect$$rtexit$$00000002  c_w.l(rtexit2.o)
    0x00000324   0x00000324   0x00000004   Code   RO          230    .ARM.Collect$$rtexit$$00000003  c_w.l(rtexit2.o)
    0x00000328   0x00000328   0x00000006   Code   RO          231    .ARM.Collect$$rtexit$$00000004  c_w.l(rtexit2.o)
    0x0000032e   0x0000032e   0x00000002   PAD
    0x00000330   0x00000330   0x00000030   Code   RO           44    .text               startup.o
    0x00000360   0x00000360   0x00000006   Code   RO          146    .text               c_w.l(heapauxi.o)
    0x00000366   0x00000366   0x0000004a   Code   RO          166    .text               c_w.l(sys_stackheap_outer.o)
    0x000003b0   0x000003b0   0x00000012   Code   RO          168    .text               c_w.l(exit.o)
    0x000003c2   0x000003c2   0x00000002   PAD
    0x000003c4   0x000003c4   0x00000008   Code   RO          176    .text               c_w.l(libspace.o)
    0x000003cc   0x000003cc   0x0000000c   Code   RO          239    .text               c_w.l(sys_exit.o)
    0x000003d8   0x000003d8   0x00000002   Code   RO          254    .text               c_w.l(use_no_semi.o)
    0x000003da   0x000003da   0x00000000   Code   RO          256    .text               c_w.l(indicate_semi.o)
    0x000003da   0x000003da   0x00000002   PAD
    0x000003dc   0x000003dc   0x0000002a   Code   RO            6    .text.DelayMs       main.o
    0x00000406   0x00000406   0x00000002   PAD
    0x00000408   0x00000408   0x000000d6   Code   RO           20    .text.GPIOPortF_Handler  main.o
    0x000004de   0x000004de   0x00000002   PAD
    0x000004e0   0x000004e0   0x000000f2   Code   RO           16    .text.Mode3_ReceiveMessageMCU2  main.o
    0x000005d2   0x000005d2   0x00000002   PAD
    0x000005d4   0x000005d4   0x000000c0   Code   RO           18    .text.Mode3_SendMessageMCU2  main.o
    0x00000694   0x00000694   0x00000084   Code   RO           53    .text.PLL_Init      pll.o
    0x00000718   0x00000718   0x00000132   Code   RO           61    .text.PortF_Init    portf.o
    0x0000084a   0x0000084a   0x00000002   PAD
    0x0000084c   0x0000084c   0x000000b6   Code   RO           12    .text.PrintColorName  main.o
    0x00000902   0x00000902   0x00000002   PAD
    0x00000904   0x00000904   0x0000008c   Code   RO            8    .text.ResetToIdle   main.o
    0x00000990   0x00000990   0x00000014   Code   RO            4    .text.SystemInit    main.o
    0x000009a4   0x000009a4   0x00000014   Code   RO          119    .text.UART0_Available  uart0.o
    0x000009b8   0x000009b8   0x0000007c   Code   RO          135    .text.UART0_Handler  uart0.o
    0x00000a34   0x00000a34   0x00000024   Code   RO          121    .text.UART0_InChar  uart0.o
    0x00000a58   0x00000a58   0x00000108   Code   RO          117    .text.UART0_Init    uart0.o
    0x00000b60   0x00000b60   0x00000010   Code   RO          133    .text.UART0_OutCRLF  uart0.o
    0x00000b70   0x00000b70   0x0000002e   Code   RO          123    .text.UART0_OutChar  uart0.o
    0x00000b9e   0x00000b9e   0x00000002   PAD
    0x00000ba0   0x00000ba0   0x00000024   Code   RO          125    .text.UART0_OutString  uart0.o
    0x00000bc4   0x00000bc4   0x00000014   Code   RO           81    .text.UART5_Available  uart5.o
    0x00000bd8   0x00000bd8   0x00000072   Code   RO           97    .text.UART5_Handler  uart5.o
    0x00000c4a   0x00000c4a   0x00000002   PAD
    0x00000c4c   0x00000c4c   0x00000024   Code   RO           83    .text.UART5_InChar  uart5.o
    0x00000c70   0x00000c70   0x0000011c   Code   RO           79    .text.UART5_Init    uart5.o
    0x00000d8c   0x00000d8c   0x0000002e   Code   RO           85    .text.UART5_OutChar  uart5.o
    0x00000dba   0x00000dba   0x00000002   PAD
    0x00000dbc   0x00000dbc   0x00000024   Code   RO           87    .text.UART5_OutString  uart5.o
    0x00000de0   0x00000de0   0x00000038   Code   RO           14    .text.getColor      main.o
    0x00000e18   0x00000e18   0x0000040a   Code   RO            2    .text.main          main.o
    0x00001222   0x00001222   0x00000002   PAD
    0x00001224   0x00001224   0x00000018   Code   RO          109    .text.rb0_Empty     uart0.o
    0x0000123c   0x0000123c   0x00000044   Code   RO          115    .text.rb0_Get       uart0.o
    0x00001280   0x00001280   0x00000012   Code   RO          107    .text.rb0_Init      uart0.o
    0x00001292   0x00001292   0x00000002   PAD
    0x00001294   0x00001294   0x00000050   Code   RO          113    .text.rb0_Put       uart0.o
    0x000012e4   0x000012e4   0x00000018   Code   RO           71    .text.rb5_Empty     uart5.o
    0x000012fc   0x000012fc   0x00000044   Code   RO           77    .text.rb5_Get       uart5.o
    0x00001340   0x00001340   0x00000012   Code   RO           69    .text.rb5_Init      uart5.o
    0x00001352   0x00001352   0x00000002   PAD
    0x00001354   0x00001354   0x00000050   Code   RO           75    .text.rb5_Put       uart5.o
    0x000013a4   0x000013a4   0x000000ca   Code   RO           10    .text.setLed        main.o
    0x0000146e   0x0000146e   0x000002b3   Data   RO           29    .rodata.str1.1      main.o
    0x00001721   0x00001721   0x00000003   PAD
    0x00001724   0x00001724   0x00000010   Data   RO          312    Region$$Table       anon$$obj.o


    Execution Region RW_IRAM1 (Exec base: 0x20000000, Load base: 0x00001734, Size: 0x00000520, Max: 0x00008000, ABSOLUTE)

    Exec Addr    Load Addr    Size         Type   Attr      Idx    E Section Name        Object

    0x20000000        -       0x00000060   Zero   RW          177    .bss                c_w.l(libspace.o)
    0x20000060        -       0x00000001   Zero   RW           27    .bss.Mode3ExitRequest  main.o
    0x20000061        -       0x00000015   Zero   RW           32    .bss.Mode3RxBuffer  main.o
    0x20000076        -       0x00000001   Zero   RW           23    .bss.Mode3RxIndex   main.o
    0x20000077        -       0x00000015   Zero   RW           33    .bss.Mode3TxBuffer  main.o
    0x2000008c        -       0x00000001   Zero   RW           22    .bss.Mode3TxIndex   main.o
    0x2000008d        -       0x00000001   Zero   RW           25    .bss.SENDCOLOR      main.o
    0x2000008e        -       0x00000044   Zero   RW          137    .bss.UART0_RxRB     uart0.o
    0x200000d2        -       0x00000044   Zero   RW           99    .bss.UART5_RxRB     uart5.o
    0x20000116        -       0x00000001   Zero   RW           26    .bss.UpdateColorDisplay  main.o
    0x20000117        -       0x00000001   Zero   RW           24    .bss.WheelColor     main.o
    0x20000118        -       0x00000001   Zero   RW           28    .bss.currentState   main.o
    0x20000119        -       0x00000001   Zero   RW           30    .bss.mcuListen      main.o
    0x2000011a   0x00001734   0x00000006   PAD
    0x20000120        -       0x00000000   Zero   RW           42    HEAP                startup.o
    0x20000120        -       0x00000400   Zero   RW           41    STACK               startup.o


==============================================================================

Image component sizes


      Code (inc. data)   RO Data    RW Data    ZI Data      Debug   Object Name

      2324         84        691          0         50       4124   main.o
       132          0          0          0          0        452   pll.o
       306          0          0          0          0        487   portf.o
       692        632          0          0       1024       1012   startup.o
       732          0          0          0         68       3284   uart0.o
       726          0          0          0         68       3265   uart5.o

    ----------------------------------------------------------------------
      4934        716        710          0       1216      12624   Object Totals
         0          0         16          0          0          0   (incl. Generated)
        22          0          3          0          6          0   (incl. Padding)

    ----------------------------------------------------------------------

      Code (inc. data)   RO Data    RW Data    ZI Data      Debug   Library Member Name

         8          0          0          0          0         68   __main.o
         0          0          0          0          0          0   __rtentry.o
        12          0          0          0          0          0   __rtentry2.o
         6          0          0          0          0          0   __rtentry4.o
        94          8          0          0          0          0   __scatter.o
        28          0          0          0          0          0   __scatter_zi.o
        18          0          0          0          0         80   exit.o
         6          0          0          0          0        152   heapauxi.o
         0          0          0          0          0          0   indicate_semi.o
         2          0          0          0          0          0   libinit.o
         2          0          0          0          0          0   libinit2.o
         2          0          0          0          0          0   libshutdown.o
         2          0          0          0          0          0   libshutdown2.o
         8          4          0          0         96         68   libspace.o
         2          0          0          0          0          0   rtexit.o
        10          0          0          0          0          0   rtexit2.o
        12          4          0          0          0         68   sys_exit.o
        74          0          0          0          0         80   sys_stackheap_outer.o
         2          0          0          0          0         68   use_no_semi.o

    ----------------------------------------------------------------------
       296         16          0          0         96        584   Library Totals
         8          0          0          0          0          0   (incl. Padding)

    ----------------------------------------------------------------------

      Code (inc. data)   RO Data    RW Data    ZI Data      Debug   Library Name

       288         16          0          0         96        584   c_w.l

    ----------------------------------------------------------------------
       296         16          0          0         96        584   Library Totals

    ----------------------------------------------------------------------

==============================================================================


      Code (inc. data)   RO Data    RW Data    ZI Data      Debug   

      5230        732        710          0       1312      13020   Grand Totals
      5230        732        710          0       1312      13020   ELF Image Totals
      5230        732        710          0          0          0   ROM Totals

==============================================================================

    Total RO  Size (Code + RO Data)                 5940 (   5.80kB)
    Total RW  Size (RW Data + ZI Data)              1312 (   1.28kB)
    Total ROM Size (Code + RO Data + RW Data)       5940 (   5.80kB)

==============================================================================

